Archive member included to satisfy reference by file (symbol)

c:/users/maanm/documents/embedded wizard projects/bfft_driver_interface_hw_library/thirdparty/gcc-arm-none-eabi/bin/../lib/gcc/arm-none-eabi/8.3.1/../../../../arm-none-eabi/lib/thumb/v7e-m+dp/hard\libc.a(lib_a-exit.o)
                              c:/users/maanm/documents/embedded wizard projects/bfft_driver_interface_hw_library/thirdparty/gcc-arm-none-eabi/bin/../lib/gcc/arm-none-eabi/8.3.1/../../../../arm-none-eabi/lib/thumb/v7e-m+dp/hard/crt0.o (exit)
c:/users/maanm/documents/embedded wizard projects/bfft_driver_interface_hw_library/thirdparty/gcc-arm-none-eabi/bin/../lib/gcc/arm-none-eabi/8.3.1/../../../../arm-none-eabi/lib/thumb/v7e-m+dp/hard\libc.a(lib_a-impure.o)
                              c:/users/maanm/documents/embedded wizard projects/bfft_driver_interface_hw_library/thirdparty/gcc-arm-none-eabi/bin/../lib/gcc/arm-none-eabi/8.3.1/../../../../arm-none-eabi/lib/thumb/v7e-m+dp/hard\libc.a(lib_a-exit.o) (_global_impure_ptr)
c:/users/maanm/documents/embedded wizard projects/bfft_driver_interface_hw_library/thirdparty/gcc-arm-none-eabi/bin/../lib/gcc/arm-none-eabi/8.3.1/../../../../arm-none-eabi/lib/thumb/v7e-m+dp/hard\libc.a(lib_a-init.o)
                              c:/users/maanm/documents/embedded wizard projects/bfft_driver_interface_hw_library/thirdparty/gcc-arm-none-eabi/bin/../lib/gcc/arm-none-eabi/8.3.1/../../../../arm-none-eabi/lib/thumb/v7e-m+dp/hard/crt0.o (__libc_init_array)
c:/users/maanm/documents/embedded wizard projects/bfft_driver_interface_hw_library/thirdparty/gcc-arm-none-eabi/bin/../lib/gcc/arm-none-eabi/8.3.1/../../../../arm-none-eabi/lib/thumb/v7e-m+dp/hard\libc.a(lib_a-memcpy.o)
                              ./Obj/ewextrte.o (memcpy)
c:/users/maanm/documents/embedded wizard projects/bfft_driver_interface_hw_library/thirdparty/gcc-arm-none-eabi/bin/../lib/gcc/arm-none-eabi/8.3.1/../../../../arm-none-eabi/lib/thumb/v7e-m+dp/hard\libc.a(lib_a-memmove.o)
                              ./Obj/ewextrte.o (memmove)
c:/users/maanm/documents/embedded wizard projects/bfft_driver_interface_hw_library/thirdparty/gcc-arm-none-eabi/bin/../lib/gcc/arm-none-eabi/8.3.1/../../../../arm-none-eabi/lib/thumb/v7e-m+dp/hard\libc.a(lib_a-memset.o)
                              c:/users/maanm/documents/embedded wizard projects/bfft_driver_interface_hw_library/thirdparty/gcc-arm-none-eabi/bin/../lib/gcc/arm-none-eabi/8.3.1/../../../../arm-none-eabi/lib/thumb/v7e-m+dp/hard/crt0.o (memset)
c:/users/maanm/documents/embedded wizard projects/bfft_driver_interface_hw_library/thirdparty/gcc-arm-none-eabi/bin/../lib/gcc/arm-none-eabi/8.3.1/../../../../arm-none-eabi/lib/thumb/v7e-m+dp/hard\libc.a(lib_a-rand.o)
                              ./Obj/ewextrte.o (srand)
c:/users/maanm/documents/embedded wizard projects/bfft_driver_interface_hw_library/thirdparty/gcc-arm-none-eabi/bin/../lib/gcc/arm-none-eabi/8.3.1/../../../../arm-none-eabi/lib/thumb/v7e-m+dp/hard\libc.a(lib_a-setjmp.o)
                              ./Obj/ewextrte.o (setjmp)
c:/users/maanm/documents/embedded wizard projects/bfft_driver_interface_hw_library/thirdparty/gcc-arm-none-eabi/bin/../lib/gcc/arm-none-eabi/8.3.1/../../../../arm-none-eabi/lib/thumb/v7e-m+dp/hard\libc.a(lib_a-strcat.o)
                              ./Obj/ewextrte.o (strcat)
c:/users/maanm/documents/embedded wizard projects/bfft_driver_interface_hw_library/thirdparty/gcc-arm-none-eabi/bin/../lib/gcc/arm-none-eabi/8.3.1/../../../../arm-none-eabi/lib/thumb/v7e-m+dp/hard\libc.a(lib_a-strcmp.o)
                              ./Obj/ewextrte.o (strcmp)
c:/users/maanm/documents/embedded wizard projects/bfft_driver_interface_hw_library/thirdparty/gcc-arm-none-eabi/bin/../lib/gcc/arm-none-eabi/8.3.1/../../../../arm-none-eabi/lib/thumb/v7e-m+dp/hard\libc.a(lib_a-strcpy.o)
                              ./Obj/ewextrte.o (strcpy)
c:/users/maanm/documents/embedded wizard projects/bfft_driver_interface_hw_library/thirdparty/gcc-arm-none-eabi/bin/../lib/gcc/arm-none-eabi/8.3.1/../../../../arm-none-eabi/lib/thumb/v7e-m+dp/hard\libc.a(lib_a-strlen.o)
                              ./Obj/ewextrte.o (strlen)
c:/users/maanm/documents/embedded wizard projects/bfft_driver_interface_hw_library/thirdparty/gcc-arm-none-eabi/bin/../lib/gcc/arm-none-eabi/8.3.1/../../../../arm-none-eabi/lib/thumb/v7e-m+dp/hard\libc.a(lib_a-__call_atexit.o)
                              c:/users/maanm/documents/embedded wizard projects/bfft_driver_interface_hw_library/thirdparty/gcc-arm-none-eabi/bin/../lib/gcc/arm-none-eabi/8.3.1/../../../../arm-none-eabi/lib/thumb/v7e-m+dp/hard\libc.a(lib_a-exit.o) (__call_exitprocs)
c:/users/maanm/documents/embedded wizard projects/bfft_driver_interface_hw_library/thirdparty/gcc-arm-none-eabi/bin/../lib/gcc/arm-none-eabi/8.3.1/../../../../arm-none-eabi/lib/thumb/v7e-m+dp/hard\libc.a(lib_a-atexit.o)
[...]
Memory Configuration

Name             Origin             Length             Attributes
FLASH            0x08000000         0x00200000         xr
DTCRAM           0x20000000         0x00020000         xrw
RAM              0x24000000         0x00080000         xrw
QSPI             0x90000000         0x08000000         xr
*default*        0x00000000         0xffffffff

Linker script and memory map

LOAD c:/users/maanm/documents/embedded wizard projects/bfft_driver_interface_hw_library/thirdparty/gcc-arm-none-eabi/bin/../lib/gcc/arm-none-eabi/8.3.1/thumb/v7e-m+dp/hard/crti.o
LOAD c:/users/maanm/documents/embedded wizard projects/bfft_driver_interface_hw_library/thirdparty/gcc-arm-none-eabi/bin/../lib/gcc/arm-none-eabi/8.3.1/thumb/v7e-m+dp/hard/crtbegin.o
LOAD c:/users/maanm/documents/embedded wizard projects/bfft_driver_interface_hw_library/thirdparty/gcc-arm-none-eabi/bin/../lib/gcc/arm-none-eabi/8.3.1/../../../../arm-none-eabi/lib/thumb/v7e-m+dp/hard/crt0.o
LOAD C:\Users\maanm\AppData\Local\Temp\ccIX5Z3t.o
LOAD ./Obj/main.o
LOAD ./Obj/ewmain.o
LOAD ./Obj/DeviceDriver.o
LOAD ./Obj/Core.o
LOAD ./Obj/Effects.o
LOAD ./Obj/Graphics.o
LOAD ./Obj/Resources.o
LOAD ./Obj/Views.o
LOAD ./Obj/Application.o
LOAD ./Obj/WidgetSet.o
LOAD ./Obj/Templates.o
LOAD ./Obj/SetSpeed.o
LOAD ./Obj/SetRotaionalSpeed.o
LOAD ./Obj/BezierClock.o
LOAD ./Obj/Batterie.o
LOAD ./Obj/DriverInterfce.o
LOAD ./Obj/ewextrte.o
LOAD ./Obj/ewextgfx.o
LOAD ./Obj/ew_bsp_system.o
LOAD ./Obj/ew_bsp_clock.o
LOAD ./Obj/ew_bsp_event.o
LOAD ./Obj/ew_bsp_display.o
LOAD ./Obj/ew_bsp_touch.o
LOAD ./Obj/ew_bsp_console.o
LOAD ./Obj/ew_bsp_inout.o
LOAD ./Obj/ew_bsp_graphics.o
LOAD ./Obj/stm32h7xx_it.o
LOAD ./Obj/system_stm32h7xx.o
LOAD ./Obj/stm32h7xx_hal.o
LOAD ./Obj/stm32h7xx_hal_rcc.o
LOAD ./Obj/stm32h7xx_hal_rcc_ex.o
LOAD ./Obj/stm32h7xx_hal_cortex.o
LOAD ./Obj/stm32h7xx_hal_gpio.o
LOAD ./Obj/stm32h7xx_hal_sdram.o
LOAD ./Obj/stm32h7xx_hal_dma.o
LOAD ./Obj/stm32h7xx_hal_ltdc.o
LOAD ./Obj/stm32h7xx_hal_dma2d.o
LOAD ./Obj/stm32h7xx_hal_i2c.o
LOAD ./Obj/stm32h7xx_hal_i2c_ex.o
LOAD ./Obj/stm32h7xx_hal_spi.o
LOAD ./Obj/stm32h7xx_ll_fmc.o
LOAD ./Obj/stm32h7xx_hal_uart.o
LOAD ./Obj/stm32h7xx_hal_uart_ex.o
LOAD ./Obj/stm32h7xx_hal_pwr_ex.o
LOAD ./Obj/stm32h7xx_hal_tim.o
LOAD ./Obj/stm32h7xx_hal_tim_ex.o
LOAD ./Obj/stm32h7xx_hal_rtc.o
LOAD ./Obj/stm32h7xx_hal_rtc_ex.o
LOAD ./Obj/stm32h7xx_hal_mdma.o
LOAD ./Obj/stm32h7xx_hal_exti.o
LOAD ./Obj/mt25tl01g.o
LOAD ./Obj/mt48lc4m32b2.o
LOAD ./Obj/ft5336.o
LOAD ./Obj/ft5336_reg.o
LOAD ./Obj/stm32h745i_discovery.o
LOAD ./Obj/stm32h745i_discovery_sdram.o
LOAD ./Obj/stm32h745i_discovery_ts.o
LOAD ./Obj/stm32h745i_discovery_bus.o
LOAD ./Obj/stm32h7xx_hal_qspi.o
LOAD ./Obj/stm32h745i_discovery_qspi.o
LOAD ./Obj/list.os
LOAD ./Obj/queue.os
LOAD ./Obj/tasks.os
LOAD ./Obj/timers.os
LOAD ./Obj/cmsis_os.os
LOAD ./Obj/heap_4.os
LOAD ./Obj/port.os
LOAD c:/users/maanm/documents/embedded wizard projects/bfft_driver_interface_hw_library/thirdparty/gcc-arm-none-eabi/bin/../lib/gcc/arm-none-eabi/8.3.1/../../../../arm-none-eabi/lib/thumb/v7e-m+dp/hard\libc.a
LOAD c:/users/maanm/documents/embedded wizard projects/bfft_driver_interface_hw_library/thirdparty/gcc-arm-none-eabi/bin/../lib/gcc/arm-none-eabi/8.3.1/../../../../arm-none-eabi/lib/thumb/v7e-m+dp/hard\libnosys.a
LOAD c:/users/maanm/documents/embedded wizard projects/bfft_driver_interface_hw_library/thirdparty/gcc-arm-none-eabi/bin/../lib/gcc/arm-none-eabi/8.3.1/../../../../arm-none-eabi/lib/thumb/v7e-m+dp/hard\libm.a
LOAD ../../../PlatformPackage/RTE\libewrte-m7-gcc.a
LOAD ../../../PlatformPackage/RGB565\libewgfx-m7-gcc.a
START GROUP
LOAD c:/users/maanm/documents/embedded wizard projects/bfft_driver_interface_hw_library/thirdparty/gcc-arm-none-eabi/bin/../lib/gcc/arm-none-eabi/8.3.1/thumb/v7e-m+dp/hard\libgcc.a
LOAD c:/users/maanm/documents/embedded wizard projects/bfft_driver_interface_hw_library/thirdparty/gcc-arm-none-eabi/bin/../lib/gcc/arm-none-eabi/8.3.1/../../../../arm-none-eabi/lib/thumb/v7e-m+dp/hard\libc.a
END GROUP
LOAD c:/users/maanm/documents/embedded wizard projects/bfft_driver_interface_hw_library/thirdparty/gcc-arm-none-eabi/bin/../lib/gcc/arm-none-eabi/8.3.1/thumb/v7e-m+dp/hard/crtend.o
LOAD c:/users/maanm/documents/embedded wizard projects/bfft_driver_interface_hw_library/thirdparty/gcc-arm-none-eabi/bin/../lib/gcc/arm-none-eabi/8.3.1/thumb/v7e-m+dp/hard/crtn.o
                0x2001fff0                _estack = 0x2001fff0
                0x00000200                _Min_Heap_Size = 0x200
                0x00002000                _Min_Stack_Size = 0x2000

.isr_vector     0x08000000      0x298
                0x08000000                . = ALIGN (0x4)
 *(.isr_vector)
 .isr_vector    0x08000000      0x298 C:\Users\maanm\AppData\Local\Temp\ccIX5Z3t.o
                0x08000000                g_pfnVectors
                0x08000298                . = ALIGN (0x4)

.SectionEwResource
                0x90000000    0xb5468
                0x90000000                . = ALIGN (0x4)
 *(.SectionEwResource)
 .SectionEwResource
                0x90000000     0xd558 ./Obj/Resources.o
                0x90000000                _cl_ResourcesNavigationIconsMediumDefault
                0x90000004                _cp_ResourcesNavigationIconsMediumDefault
                0x900011d0                _cl_ResourcesWhiteBitmapStripeDefault
                0x900011d4                _cp_ResourcesWhiteBitmapStripeDefault
                0x90001214                _kv_ResourcesFontExtraLarge
                0x90001218                _kc_ResourcesFontExtraLarge
                0x9000121c                ____ResourcesFontExtraLarge
                0x90008258                _kv_ResourcesFontLarge
                0x9000825c                _kc_ResourcesFontLarge
                0x90008260                ____ResourcesFontLarge
                0x9000bf60                _kv_ResourcesFontSmall
                0x9000bf64                _kc_ResourcesFontSmall
                0x9000bf68                ____ResourcesFontSmall
 .SectionEwResource
                0x9000d558     0x1c8e ./Obj/WidgetSet.o
                0x9000d558                _cl_WidgetSetVerticalSliderTrackMediumDefault
                0x9000d55c                _cp_WidgetSetVerticalSliderTrackMediumDefault
                0x9000db3c                _cl_WidgetSetThumbKnobMediumDefault
                0x9000db40                _cp_WidgetSetThumbKnobMediumDefault
                0x9000e704                _cl_WidgetSetHorizontalValueBarMediumDefault
                0x9000e708                _cp_WidgetSetHorizontalValueBarMediumDefault
 *fill*         0x9000f1e6        0x2 
 .SectionEwResource
                0x9000f1e8    0x1da0a ./Obj/SetSpeed.o
                0x9000f1e8                _cl_SetSpeedpng_transparent_road_finish_line_miscellaneous_angle_triangle_thumbnailDefault
                0x9000f1ec                _cp_SetSpeedpng_transparent_road_finish_line_miscellaneous_angle_triangle_thumbnailDefault
                0x90010668                _cl_SetSpeedReifenDefault
                0x9001066c                _cp_SetSpeedReifenDefault
                0x90016e4c                _cl_SetSpeedDrivDefault
                0x90016e50                _cp_SetSpeedDrivDefault
 *fill*         0x9002cbf2        0x2 
 .SectionEwResource
                0x9002cbf4    0x88874 ./Obj/BezierClock.o
                0x9002cbf4                _cl_BezierClockOrangeDefault
                0x9002cbf8                _cp_BezierClockOrangeDefault
                0x90053908                _cl_BezierClockDarkDefault
                0x9005390c                _cp_BezierClockDarkDefault
                0x9007f2fc                _cl_BezierClockBlueDefault
                0x9007f300                _cp_BezierClockBlueDefault
                0x900b25ac                _kv_BezierClockFontXXL
                0x900b25b0                _kc_BezierClockFontXXL
                0x900b25b4                ____BezierClockFontXXL
                0x900b44f8                _kv_BezierClockFontL
                0x900b44fc                _kc_BezierClockFontL
                0x900b4500                ____BezierClockFontL
                0x900b5468                . = ALIGN (0x4)

.text           0x080002a0    0x4aee0
                0x080002a0                . = ALIGN (0x4)
 *(.text)
 .text          0x080002a0       0x40 c:/users/maanm/documents/embedded wizard projects/bfft_driver_interface_hw_library/thirdparty/gcc-arm-none-eabi/bin/../lib/gcc/arm-none-eabi/8.3.1/thumb/v7e-m+dp/hard/crtbegin.o
 .text          0x080002e0      0x134 c:/users/maanm/documents/embedded wizard projects/bfft_driver_interface_hw_library/thirdparty/gcc-arm-none-eabi/bin/../lib/gcc/arm-none-eabi/8.3.1/../../../../arm-none-eabi/lib/thumb/v7e-m+dp/hard\libc.a(lib_a-memcpy.o)
                0x080002e0                memcpy
 .text          0x08000414      0x39c ../../../PlatformPackage/RTE\libewrte-m7-gcc.a(ewcolor.o)
                0x08000414                EwNewColor
                0x08000434                EwMinusColor
                0x0800048c                EwPlusColor
                0x080004ec                EwBlendColor
                0x080005a4                EwBlendColorInt
                0x08000608                EwBlendColorUInt
                0x08000670                EwSetColorRed
                0x080006a4                EwSetColorGreen
                0x080006d8                EwSetColorBlue
                0x0800070c                EwSetColorAlpha
                0x08000740                EwCompColor
                0x08000780                EwGetVariantOfColor
 .text          0x080007b0      0x83c ../../../PlatformPackage/RTE\libewrte-m7-gcc.a(ewdebug.o)
                0x080007b0                EwPrint
                0x08000ca4                EwTrace
                0x08000f98                EwThrow
                0x08000fb0                EwError
                0x08000fbc                EwErrorS
                0x08000fcc                EwErrorPD
                0x08000fdc                EwErrorDD
 .text          0x08000fec      0xb1c ../../../PlatformPackage/RTE\libewrte-m7-gcc.a(ewheap.o)
                0x08000fec                EwInitHeap
                0x08001014                EwDoneHeap
                0x0800102c                EwAddHeapMemoryPool
                0x080010a8                EwGetHeapInfo
                0x0800119c                EwDumpHeap
                0x080012ec                EwVerifyHeap
                0x0800155c                EwAllocHeapBlock
                0x0800177c                EwFreeHeapBlock
                0x08001ae8                EwIsHeapPtr
 .text          0x08001b08      0x954 ../../../PlatformPackage/RTE\libewrte-m7-gcc.a(ewobject.o)
                0x08001b08                XObject__Init
                0x08001b14                XObject__ReInit
                0x08001b18                XObject__Done
                0x08001b1c                EwSetStackBaseAddress
                0x08001b24                EwNewObjectIndirect
                0x08001bc8                EwAttachObjectVariant
                0x08001c78                EwDetachObjectVariant
                0x08001ca8                EwGetAutoObject
                0x08001d9c                EwCastObject
                0x08001dd0                EwCastClass
                0x08001dec                EwClassOf
                0x08001df4                EwLockObject
                0x08001e48                EwUnlockObject
                0x08001ea8                EwReclaimMemory
                0x08002240                EwImmediateReclaimMemory
                0x08002244                EwTestImmediateReclaimMemory
                0x08002248                EwReconstructObjects
                0x08002264                EwPrintProfilerStatistic
 .text          0x0800245c       0xfc ../../../PlatformPackage/RTE\libewrte-m7-gcc.a(ewpoint.o)
                0x0800245c                EwNewPoint
                0x08002464                EwCompPoint
                0x0800249c                EwMovePointNeg
                0x080024c0                EwMovePointPos
                0x080024e4                EwNegPoint
                0x080024fc                EwSetPointX
                0x0800251c                EwSetPointY
                0x0800253c                EwGetVariantOfPoint
 .text          0x08002558      0x580 ../../../PlatformPackage/RTE\libewrte-m7-gcc.a(ewrect.o)
                0x08002558                EwNewRect
                0x08002568                EwNewRect2Point
                0x0800259c                EwCompRect
                0x080025d4                EwIsPointInRect
                0x08002608                EwIsRectEmpty
                0x08002630                EwInflateRect
                0x0800265c                EwIntersectRect
                0x080026ec                EwUnionRect
                0x08002790                EwIntersectRect2
                0x08002834                EwMoveRectNeg
                0x08002860                EwMoveRectPos
                0x0800288c                EwGetRectH
                0x080028a0                EwGetRectW
                0x080028b4                EwGetRectArea
                0x080028d4                EwGetRectSize
                0x080028f4                EwGetRectORect
                0x0800291c                EwGetRectCenter
                0x0800294c                EwSetRectSize
                0x08002978                EwSetRectOrigin
                0x080029a4                EwSetRectX1
                0x080029c4                EwSetRectY1
                0x080029e4                EwSetRectX2
                0x08002a04                EwSetRectY2
                0x08002a24                EwSetRectW
                0x08002a48                EwSetRectH
                0x08002a6c                EwSetRectPoint1
                0x08002a94                EwSetRectPoint2
                0x08002abc                EwGetVariantOfRect
 .text          0x08002ad8      0x3a0 ../../../PlatformPackage/RTE\libewrte-m7-gcc.a(ewref.o)
                0x08002ad8                EwNewRef
                0x08002ae8                EwCompRef
                0x08002b1c                EwOnGetInt8
                0x08002b2c                EwOnGetInt16
                0x08002b3c                EwOnGetInt32
                0x08002b4c                EwOnGetUInt8
                0x08002b5c                EwOnGetUInt16
                0x08002b6c                EwOnGetUInt32
                0x08002b7c                EwOnGetBool
                0x08002b8c                EwOnGetFloat
                0x08002b9c                EwOnGetChar
                0x08002bac                EwOnGetString
                0x08002bbc                EwOnGetPoint
                0x08002bd4                EwOnGetRect
                0x08002bec                EwOnGetColor
                0x08002bfc                EwOnGetEnum
                0x08002c0c                EwOnGetSet
                0x08002c1c                EwOnGetObject
                0x08002c2c                EwOnGetSlot
                0x08002c44                EwOnGetLangId
                0x08002c54                EwOnGetStylesSet
                0x08002c64                EwOnGetClass
                0x08002c74                EwOnGetHandle
                0x08002c84                EwOnSetInt8
                0x08002c98                EwOnSetInt16
                0x08002cac                EwOnSetInt32
                0x08002cc0                EwOnSetUInt8
                0x08002cd4                EwOnSetUInt16
                0x08002ce8                EwOnSetUInt32
                0x08002cfc                EwOnSetBool
                0x08002d10                EwOnSetFloat
                0x08002d20                EwOnSetChar
                0x08002d34                EwOnSetString
                0x08002d48                EwOnSetPoint
                0x08002d74                EwOnSetRect
                0x08002da8                EwOnSetColor
                0x08002dc0                EwOnSetEnum
                0x08002dd4                EwOnSetSet
                0x08002de8                EwOnSetObject
                0x08002dfc                EwOnSetSlot
                0x08002e28                EwOnSetLangId
                0x08002e3c                EwOnSetStylesSet
                0x08002e50                EwOnSetClass
                0x08002e64                EwOnSetHandle
 .text          0x08002e78      0x4ec ../../../PlatformPackage/RTE\libewrte-m7-gcc.a(ewresource.o)
                0x08002e78                EwRegisterResource
                0x08002f00                EwDeregisterResource
                0x08002f54                EwGetLanguage
                0x08002f60                EwSetLanguage
                0x08002f74                EwGetStyles
                0x08002f80                EwSetStyles
                0x08002f8c                EwStylesContains
                0x08002fa0                EwGetVariantOf
                0x08003004                EwLoadResource
                0x08003064                EwGetVariantOfLangId
                0x08003070                EwGetVariantOfStylesSet
                0x0800307c                EwDecompress
                0x08003334                EwAdaptByteOrder2
                0x08003338                EwAdaptByteOrder4
                0x0800333c                EwReleaseDecompressBuffers
 .text          0x08003364       0x98 ../../../PlatformPackage/RTE\libewrte-m7-gcc.a(ewscalars.o)
                0x08003364                EwSetContains
                0x08003378                EwGetVariantOfInt8
                0x08003388                EwGetVariantOfInt16
                0x08003398                EwGetVariantOfInt32
                0x080033a4                EwGetVariantOfUInt8
                0x080033b0                EwGetVariantOfUInt16
                0x080033bc                EwGetVariantOfUInt32
                0x080033c8                EwGetVariantOfBool
                0x080033d4                EwGetVariantOfFloat
                0x080033e4                EwGetVariantOfEnum
                0x080033f0                EwGetVariantOfSet
 .text          0x080033fc      0x830 ../../../PlatformPackage/RTE\libewrte-m7-gcc.a(ewslot.o)
                0x08003554                EwMarkSignals
                0x080035a8                EwDiscardSignals
                0x080035f0                EwDisposeObservers
                0x08003614                EwDisposeSignals
                0x0800362c                EwNewSlot
                0x08003634                EwCompSlot
                0x0800366c                EwSignal
                0x08003684                EwPostSignal
                0x080036b4                EwIdleSignal
                0x080036dc                EwProcessSignals
                0x08003730                EwAnyPendingSignals
                0x08003748                EwAttachObjObserver
                0x08003838                EwAttachRefObserver
                0x08003930                EwAttachObserver
                0x08003a1c                EwDetachObjObserver
                0x08003a84                EwDetachRefObserver
                0x08003b04                EwDetachObserver
                0x08003b68                EwNotifyObjObservers
                0x08003ba8                EwNotifyRefObservers
                0x08003bf4                EwNotifyObservers
 .text          0x08003c2c     0x1814 ../../../PlatformPackage/RTE\libewrte-m7-gcc.a(ewstring.o)
                0x08003fc4                ToLower
                0x080040e8                EwDisposeStrings
                0x08004240                EwCanMarkString
                0x0800428c                EwFormatUIntToAnsiString
                0x0800436c                EwFormatIntToAnsiString
                0x0800447c                EwFormatFloatToAnsiString
                0x0800469c                EwNewString
                0x080046c4                EwNewStringAnsi
                0x0800470c                EwNewStringUtf8
                0x0800482c                EwNewStringUInt
                0x08004854                EwNewStringInt
                0x0800487c                EwNewStringFloat
                0x080048bc                EwNewStringChar
                0x080048e8                EwCompString
                0x08004944                EwLoadString
                0x08004958                EwShareString
                0x08004980                EwConcatString
                0x080049f0                EwConcatStringChar
                0x08004a38                EwConcatCharString
                0x08004a88                EwGetStringChar
                0x08004abc                EwSetStringChar
                0x08004b34                EwGetStringLength
                0x08004b48                EwGetStringUpper
                0x08004ba0                EwGetStringLower
                0x08004bf8                EwStringLeft
                0x08004c40                EwStringRight
                0x08004c90                EwStringMiddle
                0x08004d08                EwStringInsert
                0x08004da4                EwStringRemove
                0x08004e28                EwStringFindChar
                0x08004e74                EwStringFind
                0x08004ef0                EwStringParseInt32
                0x08005034                EwStringParseUInt32
                0x08005168                EwStringParseFloat
                0x080052c4                EwStringToAnsi
                0x0800531c                EwGetUtf8StringLength
                0x08005354                EwStringToUtf8
                0x080053f8                EwGetVariantOfString
                0x0800541c                EwGetVariantOfChar
                0x08005428                EwGetCharUpper
                0x08005434                EwGetCharLower
 .text          0x08005440      0x270 ../../../PlatformPackage/RTE\libewrte-m7-gcc.a(ewtimer.o)
                0x08005468                EwCreateTimer
                0x080054ec                EwDestroyTimer
                0x08005554                EwStartTimer
                0x080055c0                EwResetTimer
                0x080055d4                EwProcessTimers
                0x08005678                EwNextTimerExpiration
 .text          0x080056b0     0x6bc8 ../../../PlatformPackage/RGB565\libewgfx-m7-gcc.a(ewextpxl_RGB565.o)
                0x080056b0                EwCreateNativeSurface
                0x08005720                EwCreateConstNativeSurface
                0x080057a4                EwDestroyNativeSurface
                0x080057e4                EwGetNativeSurfaceMemory
                0x0800581c                EwGetNativeSurfaceMemSize
                0x08005828                EwCreateScreenSurface
                0x08005894                EwDestroyScreenSurface
                0x080058b8                EwGetScreenSurfaceMemory
                0x080058e0                EwGetScreenSurfaceMemSize
                0x080058e8                EwCreateConstRGB565Surface
                0x08005968                EwCreateRGB565Surface
                0x080059d4                EwDestroyRGB565Surface
                0x08005a10                EwGetRGB565SurfaceMemory
                0x08005a48                EwGetRGB565SurfaceMemSize
                0x08005a54                EwPackColor
                0x08005a64                EwPackClutEntry
                0x08005a74                EwSetPixelSolid
                0x08005aac                EwSetPixelSolidBlend
                0x08005b60                EwFillRowSolid
                0x08005ba8                EwFillRowSolidBlend
                0x08005c98                EwFillRowGradient
                0x08005cf8                EwFillRowGradientBlend
                0x08005e04                EwCopyNativeRow
                0x08005e24                EwCopyNativeRowBlend
                0x08005ecc                EwCopyNativeRowSolid
                0x08005f00                EwCopyNativeRowSolidBlend
                0x08005fac                EwCopyNativeRowGradient
                0x08005fe4                EwCopyNativeRowGradientBlend
                0x0800609c                EwCopyIndex8Row
                0x080060c0                EwCopyIndex8RowBlend
                0x08006170                EwCopyIndex8RowSolid
                0x080061ac                EwCopyIndex8RowSolidBlend
                0x08006260                EwCopyIndex8RowGradient
                0x080062a0                EwCopyIndex8RowGradientBlend
                0x0800635c                EwCopyAlpha8RowSolid
                0x080063d8                EwCopyAlpha8RowSolidBlend
                0x080064e4                EwCopyAlpha8RowGradient
                0x08006578                EwCopyAlpha8RowGradientBlend
                0x080066a4                EwCopyRGB565Row
                0x080066f0                EwCopyRGB565RowSolid
                0x08006744                EwCopyRGB565RowSolidBlend
                0x08006810                EwCopyRGB565RowGradient
                0x08006868                EwCopyRGB565RowGradientBlend
                0x0800692c                EwWarpNativeRow
                0x08006978                EwWarpNativeRowFilter
                0x08006a90                EwWarpNativeRowBlend
                0x08006b78                EwWarpNativeRowFilterBlend
                0x08006d0c                EwWarpNativeRowGradient
                0x08006df4                EwWarpNativeRowFilterGradient
                0x08006fb4                EwWarpNativeRowGradientBlend
                0x0800710c                EwWarpNativeRowFilterGradientBlend
                0x08007328                EwWarpIndex8Row
                0x0800737c                EwWarpIndex8RowFilter
                0x080074a0                EwWarpIndex8RowBlend
                0x08007590                EwWarpIndex8RowFilterBlend
                0x08007730                EwWarpIndex8RowGradient
                0x0800781c                EwWarpIndex8RowFilterGradient
                0x080079d4                EwWarpIndex8RowGradientBlend
                0x08007b34                EwWarpIndex8RowFilterGradientBlend
                0x08007d60                EwWarpAlpha8RowGradient
                0x08007f50                EwWarpAlpha8RowFilterGradient
                0x080081b8                EwWarpAlpha8RowGradientBlend
                0x08008448                EwWarpAlpha8RowFilterGradientBlend
                0x08008728                EwWarpRGB565Row
                0x080087a4                EwWarpRGB565RowFilter
                0x080088d4                EwWarpRGB565RowGradient
                0x080089d4                EwWarpRGB565RowFilterGradient
                0x08008b8c                EwWarpRGB565RowGradientBlend
                0x08008d08                EwWarpRGB565RowFilterGradientBlend
                0x08008f24                EwScreenSetPixelSolid
                0x08008f94                EwScreenSetPixelSolidBlend
                0x08009018                EwScreenFillRowSolid
                0x080090ac                EwScreenFillRowSolidBlend
                0x08009148                EwScreenFillRowGradient
                0x080091e4                EwScreenFillRowGradientBlend
                0x080092a8                EwScreenCopyNativeRow
                0x080092fc                EwScreenCopyNativeRowBlend
                0x08009370                EwScreenCopyNativeRowSolid
                0x080093cc                EwScreenCopyNativeRowSolidBlend
                0x08009448                EwScreenCopyNativeRowGradient
                0x080094b0                EwScreenCopyNativeRowGradientBlend
                0x08009538                EwScreenCopyIndex8Row
                0x08009590                EwScreenCopyIndex8RowBlend
                0x08009604                EwScreenCopyIndex8RowSolid
                0x08009668                EwScreenCopyIndex8RowSolidBlend
                0x080096ec                EwScreenCopyIndex8RowGradient
                0x0800975c                EwScreenCopyIndex8RowGradientBlend
                0x080097e8                EwScreenCopyAlpha8RowSolid
                0x0800989c                EwScreenCopyAlpha8RowSolidBlend
                0x0800996c                EwScreenCopyAlpha8RowGradient
                0x08009a44                EwScreenCopyAlpha8RowGradientBlend
                0x08009b40                EwScreenCopyRGB565Row
                0x08009b5c                EwScreenCopyRGB565RowSolid
                0x08009ba4                EwScreenCopyRGB565RowSolidBlend
                0x08009c00                EwScreenCopyRGB565RowGradient
                0x08009c48                EwScreenCopyRGB565RowGradientBlend
                0x08009cb0                EwScreenWarpNativeRow
                0x08009d30                EwScreenWarpNativeRowFilter
                0x08009e60                EwScreenWarpNativeRowBlend
                0x08009f0c                EwScreenWarpNativeRowFilterBlend
                0x0800a05c                EwScreenWarpNativeRowGradient
                0x0800a17c                EwScreenWarpNativeRowFilterGradient
                0x0800a35c                EwScreenWarpNativeRowGradientBlend
                0x0800a498                EwScreenWarpNativeRowFilterGradientBlend
                0x0800a68c                EwScreenWarpIndex8Row
                0x0800a710                EwScreenWarpIndex8RowFilter
                0x0800a850                EwScreenWarpIndex8RowBlend
                0x0800a8f4                EwScreenWarpIndex8RowFilterBlend
                0x0800aa54                EwScreenWarpIndex8RowGradient
                0x0800ab84                EwScreenWarpIndex8RowFilterGradient
                0x0800ad78                EwScreenWarpIndex8RowGradientBlend
                0x0800aeb8                EwScreenWarpIndex8RowFilterGradientBlend
                0x0800b0b8                EwScreenWarpAlpha8RowGradient
                0x0800b2f4                EwScreenWarpAlpha8RowFilterGradient
                0x0800b5b4                EwScreenWarpAlpha8RowGradientBlend
                0x0800b818                EwScreenWarpAlpha8RowFilterGradientBlend
                0x0800bae4                EwScreenWarpRGB565Row
                0x0800bb30                EwScreenWarpRGB565RowFilter
                0x0800bc2c                EwScreenWarpRGB565RowGradient
                0x0800bd38                EwScreenWarpRGB565RowFilterGradient
                0x0800bf00                EwScreenWarpRGB565RowGradientBlend
                0x0800c028                EwScreenWarpRGB565RowFilterGradientBlend
                0x0800c1f8                EwWarpNativeRowSolid
                0x0800c1fc                EwWarpNativeRowSolidBlend
                0x0800c200                EwWarpNativeRowFilterSolid
                0x0800c204                EwWarpNativeRowFilterSolidBlend
                0x0800c208                EwWarpIndex8RowSolid
                0x0800c20c                EwWarpIndex8RowSolidBlend
                0x0800c210                EwWarpIndex8RowFilterSolid
                0x0800c214                EwWarpIndex8RowFilterSolidBlend
                0x0800c218                EwWarpAlpha8RowSolid
                0x0800c21c                EwWarpAlpha8RowSolidBlend
                0x0800c220                EwWarpAlpha8RowFilterSolid
                0x0800c224                EwWarpAlpha8RowFilterSolidBlend
                0x0800c228                EwWarpRGB565RowSolid
                0x0800c22c                EwWarpRGB565RowSolidBlend
                0x0800c230                EwWarpRGB565RowFilterSolid
                0x0800c234                EwWarpRGB565RowFilterSolidBlend
                0x0800c238                EwScreenWarpNativeRowSolid
                0x0800c23c                EwScreenWarpNativeRowSolidBlend
                0x0800c240                EwScreenWarpNativeRowFilterSolid
                0x0800c244                EwScreenWarpNativeRowFilterSolidBlend
                0x0800c248                EwScreenWarpIndex8RowSolid
                0x0800c24c                EwScreenWarpIndex8RowSolidBlend
                0x0800c250                EwScreenWarpIndex8RowFilterSolid
                0x0800c254                EwScreenWarpIndex8RowFilterSolidBlend
                0x0800c258                EwScreenWarpAlpha8RowSolid
                0x0800c25c                EwScreenWarpAlpha8RowSolidBlend
                0x0800c260                EwScreenWarpAlpha8RowFilterSolid
                0x0800c264                EwScreenWarpAlpha8RowFilterSolidBlend
                0x0800c268                EwScreenWarpRGB565RowSolid
                0x0800c26c                EwScreenWarpRGB565RowSolidBlend
                0x0800c270                EwScreenWarpRGB565RowFilterSolid
                0x0800c274                EwScreenWarpRGB565RowFilterSolidBlend
 .text          0x0800c278     0x93b8 ../../../PlatformPackage/RGB565\libewgfx-m7-gcc.a(ewgfx.o)
                0x0800db9c                EwEnableGfxTaskTracing
                0x0800dbac                EwFreeBitmap
                0x0800dc14                EwDoneGraphicsEngine
                0x0800dc50                EwCreateBitmap
                0x0800dce0                EwLoadBitmap
                0x0800dea0                EwLockBitmap
                0x0800dfe8                EwUnlockBitmap
                0x0800e018                EwInitGraphicsEngine
                0x0800e238                EwModifyBitmapPalette
                0x0800e338                EwFlushBitmap
                0x0800e360                EwLoadFont
                0x0800e42c                EwFreeFont
                0x0800e454                EwInitViewport
                0x0800e5a8                EwBeginUpdate
                0x0800e650                EwBeginUpdateArea
                0x0800e76c                EwFillRectangle
                0x0800e9c4                EwDrawBorder
                0x0800ebc8                EwCreatePath
                0x0800ec50                EwGetSVGParserStatus
                0x0800ec5c                EwGetSVGParserErrorPos
                0x0800ec68                EwFreePath
                0x0800ecec                EwGetMaxNoOfSubPaths
                0x0800ecf4                EwInitSubPath
                0x0800ee00                EwBeginSubPath
                0x0800eea0                EwAddSubPathLine
                0x0800ef74                EwAddSubPathBezier2
                0x0800f100                EwAddSubPathBezier3
                0x0800f2d4                EwAddSubPathArc
                0x0800f4e0                EwAddSubPathCopy
                0x0800f710                EwCloseSubPath
                0x0800f7bc                EwShiftSubPathNodes
                0x0800f88c                EwSetSubPathNode
                0x0800f968                EwGetSubPathNodeX
                0x0800f99c                EwGetSubPathNodeY
                0x0800f9d0                EwGetNoOfSubPathEdges
                0x0800f9ec                EwGetNoOfFreeSubPathEdges
                0x0800fa14                EwIsSubPathClosed
                0x0800fa38                EwGetSubPathBounds
                0x0800fa78                EwGetPathBounds
                0x0800faa0                EwTranslatePathMatrix
                0x0800fad4                EwScalePathMatrix
                0x0800fb08                EwRotatePathMatrix
                0x0800fb70                EwPushPathMatrix
                0x0800fb78                EwPopPathMatrix
                0x0800fbc4                EwCreatePathFromSVGString
                0x08010b80                EwInitPathMatrix
                0x08010b98                EwFillPath
                0x08010fb4                EwStrokePath
                0x0801163c                EwGetBitmapFromFillPath
                0x080118b0                EwGetBitmapFromStrokePath
                0x08011d78                EwCopyBitmap
                0x080121c4                EwEndUpdate
                0x08012568                EwDoneViewport
                0x080125b8                EwConfigViewport
                0x080125f8                EwTileBitmap
                0x080129c4                EwWarpBitmap
                0x08013168                EwDrawLine
                0x08013398                EwIsGlyphAvailable
                0x080133f8                EwGetTextExtent
                0x08013530                EwGetTextAdvance
                0x080135e8                EwDrawText
                0x08013ed4                EwGetTextColumnAtPosition
                0x08014058                EwGetPositionAtTextColumn
                0x080141b0                EwGetGlyphMetrics
                0x08014200                EwGetKerning
                0x0801421c                EwLockGlyph
                0x0801437c                EwUnlockGlyph
                0x080143b8                EwDrawBitmapFrame
                0x08015488                EwIndexToColor
                0x08015490                EwColorToIndex
                0x08015498                EwAllocUserColor
                0x080154a0                EwFreeUserColor
                0x080154a4                EwSetUserColor
                0x080154ac                EwFindUserColor
                0x080154b4                EwGetOverlayArea
                0x08015530                EwCanDiscardSurface
 .text          0x08015630     0x35c0 ../../../PlatformPackage/RGB565\libewgfx-m7-gcc.a(ewgfxattrtext.o)
                0x08017480                EwInitAttrText
                0x08017484                EwParseFlowString
                0x08017b80                EwGetFlowTextAdvance
                0x08017bec                EwCreateAttrSet
                0x08017cb0                EwFreeAttrSet
                0x08017ce8                EwGetNoOfAttrFonts
                0x08017cf0                EwGetNoOfAttrBitmaps
                0x08017cf8                EwGetNoOfAttrColors
                0x08017d00                EwGetAttrFont
                0x08017d18                EwGetAttrBitmap
                0x08017d30                EwGetAttrColor
                0x080185fc                EwSetAttrFont
                0x08018610                EwSetAttrBitmap
                0x08018624                EwSetAttrColor
                0x0801863c                EwParseAttrString
                0x08018914                EwFreeAttrString
                0x0801895c                EwDrawAttrText
                0x08018a64                EwGetAttrTextSize
                0x08018ae4                EwIsAttrTextRTL
                0x08018af0                EwGetNoOfAttrLinks
                0x08018af8                EwGetAttrLinkName
                0x08018b18                EwGetNoOfAttrLinkRegions
                0x08018b38                EwGetAttrLinkRect
                0x08018ba8                EwGetAttrLinkBaseline
 .text          0x08018bf0     0x1b64 ../../../PlatformPackage/RGB565\libewgfx-m7-gcc.a(ewgfxbidi.o)
                0x08018c80                EwInitBidi
                0x08018c84                EwCreateBidi
                0x08018d00                EwFreeBidi
                0x08018d1c                EwBidiIsNeeded
                0x08018d28                EwBidiIsRTL
                0x08018d38                EwBidiGetCharLevel
                0x08018d54                EwBidiInit
                0x08018f18                EwBidiProcess
                0x08019d44                EwBidiApplyShaping
                0x0801a240                EwBidiMirrorGlyphs
                0x0801a2cc                EwBidiCompleteRow
                0x0801a388                EwBidiReorderChars
                0x0801a460                EwBidiReorderDWords
                0x0801a558                EwBidiReorderIndex
                0x0801a608                EwBidiReverseReorderIndex
                0x0801a720                EwBidiGetTypesAndLevels
 .text          0x0801a754     0x1608 ../../../PlatformPackage/RGB565\libewgfx-m7-gcc.a(ewgfxcore.o)
                0x0801ae20                EwDoneGfxCore
                0x0801af0c                EwInitGfxCore
                0x0801b190                EwCreateSurface
                0x0801b1c8                EwCreateConstSurface
                0x0801b2fc                EwFindSurface
                0x0801b3b8                EwFreeSurface
                0x0801b42c                EwUnlockSurface
                0x0801b574                EwCreateGlyph
                0x0801b7cc                EwFindGlyph
                0x0801b810                EwFreeGlyph
                0x0801b818                EwDiscardGlyph
                0x0801b824                EwUnlockGlyphCache
                0x0801b830                EwInitIssue
                0x0801b930                EwAllocTask
                0x0801b97c                EwAllocTasks
                0x0801b9ac                EwAllocTaskData
                0x0801b9e4                EwFreeTaskData
                0x0801b9f8                EwFlushTasks
                0x0801baf4                EwDoneIssue
                0x0801bb50                EwWaitForSurface
                0x0801bb9c                EwLockSurface
                0x0801bd24                EwLockGlyphCache
                0x0801bd54                EwCleanSurfaceCache
 .text          0x0801bd5c     0x26ac ../../../PlatformPackage/RGB565\libewgfx-m7-gcc.a(ewgfxdriver.o)
                0x0801c988                EwDestroyIndex8Surface
                0x0801c9b8                EwGetIndex8SurfaceMemory
                0x0801c9f4                EwGetIndex8SurfaceMemSize
                0x0801ca00                EwDestroyAlpha8Surface
                0x0801ca30                EwGetAlpha8SurfaceMemory
                0x0801ca64                EwGetAlpha8SurfaceMemSize
                0x0801ca6c                EwInitColorGradient
                0x0801cbf8                EwInitOpacityGradient
                0x0801cc94                EwGetColorFromGradient
                0x0801cd8c                EwGetOpacityFromGradient
                0x0801cdf8                EwRasterAlpha8Polygon
                0x0801cf50                EwEmulateLine
                0x0801d044                EwEmulateFill
                0x0801d228                EwEmulateCopy
                0x0801d494                EwEmulateWarp
                0x0801de34                EwEmulateFillPolygon
                0x0801e200                EwAllocVideo
                0x0801e22c                EwCreateIndex8Surface
                0x0801e29c                EwCreateConstIndex8Surface
                0x0801e320                EwCreateAlpha8Surface
                0x0801e388                EwCreateConstAlpha8Surface
                0x0801e404                EwFreeVideo
 .text          0x0801e408     0x22c0 ../../../PlatformPackage/RGB565\libewgfx-m7-gcc.a(ewgfxtasks.o)
                0x0801e714                EwGfxTasksInit
                0x0801e718                EwReorderTasks
                0x0801e94c                EwReverseTasks
                0x0801e964                EwEliminateTasks
                0x0801ece0                EwExecuteTasks
                0x080205c0                EwCompleteTasks
                0x08020658                EwCountTasks
                0x080206b8                EwTraceTasks
 .text          0x080206c8      0x430 ../../../PlatformPackage/RGB565\libewgfx-m7-gcc.a(ewextbmp_RGB565.o)
                0x080206c8                EwBmpInit
                0x080206ec                EwBmpDone
                0x080206f0                EwBmpOpen
                0x080207b0                EwBmpClose
                0x080207b4                EwBmpGetMetrics
                0x08020838                EwBmpGetFrameMetrics
                0x08020874                EwBmpGetFrameMemory
                0x08020900                EwBmpLoadFrame
                0x08020a74                EwBmpLoadClut
                0x08020acc                EwBmpLoadMappingTable
 .text          0x08020af8      0x4d0 ../../../PlatformPackage/RGB565\libewgfx-m7-gcc.a(ewextfnt.o)
                0x08020af8                EwFntInit
                0x08020afc                EwFntDone
                0x08020b00                EwFntOpen
                0x08020b28                EwFntClose
                0x08020b2c                EwFntGetMetrics
                0x08020b48                EwFntGetGlyphMetrics
                0x08020bb4                EwFntGetKerning
                0x08020c1c                EwFntIsGlyphAvailable
                0x08020c5c                EwFntLoadGlyph
 .text          0x08020fc8      0x378 c:/users/maanm/documents/embedded wizard projects/bfft_driver_interface_hw_library/thirdparty/gcc-arm-none-eabi/bin/../lib/gcc/arm-none-eabi/8.3.1/thumb/v7e-m+dp/hard\libgcc.a(_arm_addsubdf3.o)
                0x08020fc8                __aeabi_drsub
                0x08020fd0                __aeabi_dsub
                0x08020fd0                __subdf3
                0x08020fd4                __aeabi_dadd
                0x08020fd4                __adddf3
                0x0802124c                __floatunsidf
                0x0802124c                __aeabi_ui2d
                0x0802126c                __floatsidf
                0x0802126c                __aeabi_i2d
                0x08021290                __aeabi_f2d
                0x08021290                __extendsfdf2
                0x080212d4                __floatundidf
                0x080212d4                __aeabi_ul2d
                0x080212e4                __floatdidf
                0x080212e4                __aeabi_l2d
 .text          0x08021340       0x50 c:/users/maanm/documents/embedded wizard projects/bfft_driver_interface_hw_library/thirdparty/gcc-arm-none-eabi/bin/../lib/gcc/arm-none-eabi/8.3.1/thumb/v7e-m+dp/hard\libgcc.a(_arm_fixdfsi.o)
                0x08021340                __aeabi_d2iz
                0x08021340                __fixdfsi
 .text          0x08021390       0xa0 c:/users/maanm/documents/embedded wizard projects/bfft_driver_interface_hw_library/thirdparty/gcc-arm-none-eabi/bin/../lib/gcc/arm-none-eabi/8.3.1/thumb/v7e-m+dp/hard\libgcc.a(_arm_truncdfsf2.o)
                0x08021390                __truncdfsf2
                0x08021390                __aeabi_d2f
 .text          0x08021430       0x30 c:/users/maanm/documents/embedded wizard projects/bfft_driver_interface_hw_library/thirdparty/gcc-arm-none-eabi/bin/../lib/gcc/arm-none-eabi/8.3.1/thumb/v7e-m+dp/hard\libgcc.a(_aeabi_uldivmod.o)
                0x08021430                __aeabi_uldivmod
 .text          0x08021460      0x2d0 c:/users/maanm/documents/embedded wizard projects/bfft_driver_interface_hw_library/thirdparty/gcc-arm-none-eabi/bin/../lib/gcc/arm-none-eabi/8.3.1/thumb/v7e-m+dp/hard\libgcc.a(_udivmoddi4.o)
                0x08021460                __udivmoddi4
 .text          0x08021730        0x4 c:/users/maanm/documents/embedded wizard projects/bfft_driver_interface_hw_library/thirdparty/gcc-arm-none-eabi/bin/../lib/gcc/arm-none-eabi/8.3.1/thumb/v7e-m+dp/hard\libgcc.a(_dvmd_tls.o)
                0x08021730                __aeabi_idiv0
                0x08021730                __aeabi_ldiv0
 *(.text*)
 .text.Reset_Handler
                0x08021734       0x50 C:\Users\maanm\AppData\Local\Temp\ccIX5Z3t.o
                0x08021734                Reset_Handler
 .text.Default_Handler
                0x08021784        0x2 C:\Users\maanm\AppData\Local\Temp\ccIX5Z3t.o
                0x08021784                RTC_Alarm_IRQHandler
                0x08021784                EXTI2_IRQHandler
                0x08021784                TIM8_CC_IRQHandler
                0x08021784                HRTIM1_Master_IRQHandler
                0x08021784                UART8_IRQHandler
                0x08021784                SPI4_IRQHandler
                0x08021784                TIM1_CC_IRQHandler
                0x08021784                BDMA_Channel6_IRQHandler
                0x08021784                DMA2_Stream5_IRQHandler
                0x08021784                HRTIM1_FLT_IRQHandler
                0x08021784                JPEG_IRQHandler
                0x08021784                DMA1_Stream5_IRQHandler
                0x08021784                BDMA_Channel1_IRQHandler
                0x08021784                HRTIM1_TIMD_IRQHandler
                0x08021784                TAMP_STAMP_IRQHandler
                0x08021784                EXTI3_IRQHandler
                0x08021784                LPTIM4_IRQHandler
                0x08021784                TIM8_TRG_COM_TIM14_IRQHandler
                0x08021784                LPTIM2_IRQHandler
                0x08021784                DFSDM1_FLT1_IRQHandler
                0x08021784                DMAMUX2_OVR_IRQHandler
                0x08021784                TIM8_UP_TIM13_IRQHandler
                0x08021784                I2C3_ER_IRQHandler
                0x08021784                DFSDM1_FLT2_IRQHandler
                0x08021784                MDMA_IRQHandler
                0x08021784                LPTIM3_IRQHandler
                0x08021784                HSEM1_IRQHandler
                0x08021784                EXTI0_IRQHandler
                0x08021784                I2C2_EV_IRQHandler
                0x08021784                DMA1_Stream2_IRQHandler
                0x08021784                FPU_IRQHandler
                0x08021784                OTG_HS_WKUP_IRQHandler
                0x08021784                FDCAN1_IT1_IRQHandler
                0x08021784                LTDC_ER_IRQHandler
                0x08021784                DMA2_Stream2_IRQHandler
                0x08021784                HRTIM1_TIME_IRQHandler
                0x08021784                SPI1_IRQHandler
                0x08021784                TIM6_DAC_IRQHandler
                0x08021784                DCMI_IRQHandler
                0x08021784                HRTIM1_TIMC_IRQHandler
                0x08021784                DMA2_Stream3_IRQHandler
                0x08021784                SAI2_IRQHandler
                0x08021784                DFSDM1_FLT3_IRQHandler
                0x08021784                USART6_IRQHandler
                0x08021784                TIM17_IRQHandler
                0x08021784                USART3_IRQHandler
                0x08021784                BDMA_Channel7_IRQHandler
                0x08021784                LPTIM5_IRQHandler
                0x08021784                UART5_IRQHandler
                0x08021784                ADC3_IRQHandler
                0x08021784                DMA2_Stream0_IRQHandler
                0x08021784                TIM4_IRQHandler
                0x08021784                BDMA_Channel2_IRQHandler
                0x08021784                QUADSPI_IRQHandler
                0x08021784                I2C1_EV_IRQHandler
                0x08021784                DMA1_Stream6_IRQHandler
                0x08021784                DMAMUX1_OVR_IRQHandler
                0x08021784                DMA1_Stream1_IRQHandler
                0x08021784                TIM16_IRQHandler
                0x08021784                UART4_IRQHandler
                0x08021784                BDMA_Channel5_IRQHandler
                0x08021784                TIM3_IRQHandler
                0x08021784                RCC_IRQHandler
                0x08021784                TIM8_BRK_TIM12_IRQHandler
                0x08021784                TIM1_TRG_COM_IRQHandler
                0x08021784                Default_Handler
                0x08021784                ECC_IRQHandler
                0x08021784                CEC_IRQHandler
                0x08021784                BDMA_Channel0_IRQHandler
                0x08021784                ADC_IRQHandler
                0x08021784                DMA1_Stream7_IRQHandler
                0x08021784                HRTIM1_TIMA_IRQHandler
                0x08021784                SPI5_IRQHandler
                0x08021784                TIM7_IRQHandler
                0x08021784                SDMMC1_IRQHandler
                0x08021784                TIM5_IRQHandler
                0x08021784                DMA2_Stream7_IRQHandler
                0x08021784                TIM15_IRQHandler
                0x08021784                PVD_AVD_IRQHandler
                0x08021784                I2C3_EV_IRQHandler
                0x08021784                EXTI9_5_IRQHandler
                0x08021784                RTC_WKUP_IRQHandler
                0x08021784                SAI3_IRQHandler
                0x08021784                ETH_WKUP_IRQHandler
                0x08021784                SPDIF_RX_IRQHandler
                0x08021784                SPI2_IRQHandler
                0x08021784                OTG_HS_EP1_IN_IRQHandler
                0x08021784                DMA1_Stream0_IRQHandler
                0x08021784                CRS_IRQHandler
                0x08021784                CM7_SEV_IRQHandler
                0x08021784                EXTI4_IRQHandler
                0x08021784                RNG_IRQHandler
                0x08021784                CM4_SEV_IRQHandler
                0x08021784                HRTIM1_TIMB_IRQHandler
                0x08021784                FDCAN2_IT1_IRQHandler
                0x08021784                ETH_IRQHandler
                0x08021784                TIM1_UP_IRQHandler
                0x08021784                WWDG_RST_IRQHandler
                0x08021784                BDMA_Channel4_IRQHandler
                0x08021784                OTG_HS_EP1_OUT_IRQHandler
                0x08021784                WWDG_IRQHandler
                0x08021784                SPI6_IRQHandler
                0x08021784                MDIOS_IRQHandler
                0x08021784                I2C4_EV_IRQHandler
                0x08021784                FDCAN2_IT0_IRQHandler
                0x08021784                LPUART1_IRQHandler
                0x08021784                FDCAN1_IT0_IRQHandler
                0x08021784                TIM2_IRQHandler
                0x08021784                OTG_FS_WKUP_IRQHandler
                0x08021784                OTG_HS_IRQHandler
                0x08021784                HSEM2_IRQHandler
                0x08021784                TIM1_BRK_IRQHandler
                0x08021784                EXTI1_IRQHandler
                0x08021784                SDMMC2_IRQHandler
                0x08021784                OTG_FS_EP1_OUT_IRQHandler
                0x08021784                BDMA_Channel3_IRQHandler
                0x08021784                HOLD_CORE_IRQHandler
                0x08021784                UART7_IRQHandler
                0x08021784                MDIOS_WKUP_IRQHandler
                0x08021784                USART2_IRQHandler
                0x08021784                DFSDM1_FLT0_IRQHandler
                0x08021784                SAI4_IRQHandler
                0x08021784                I2C2_ER_IRQHandler
                0x08021784                DMA2_Stream1_IRQHandler
                0x08021784                FLASH_IRQHandler
                0x08021784                DMA2_Stream4_IRQHandler
                0x08021784                USART1_IRQHandler
                0x08021784                OTG_FS_IRQHandler
                0x08021784                SPI3_IRQHandler
                0x08021784                WAKEUP_PIN_IRQHandler
                0x08021784                DMA1_Stream4_IRQHandler
                0x08021784                OTG_FS_EP1_IN_IRQHandler
                0x08021784                I2C1_ER_IRQHandler
                0x08021784                FMC_IRQHandler
                0x08021784                FDCAN_CAL_IRQHandler
                0x08021784                SWPMI1_IRQHandler
                0x08021784                COMP1_IRQHandler
                0x08021784                LPTIM1_IRQHandler
                0x08021784                I2C4_ER_IRQHandler
                0x08021784                DMA2_Stream6_IRQHandler
                0x08021784                SAI1_IRQHandler
                0x08021784                DMA1_Stream3_IRQHandler
 *fill*         0x08021786        0x2 
 .text.GuiThread
                0x08021788       0x20 ./Obj/main.o
 .text.startup.main
                0x080217a8       0x4c ./Obj/main.o
                0x080217a8                main
 .text.EwInit   0x080217f4      0x150 ./Obj/ewmain.o
                0x080217f4                EwInit
 .text.EwDone   0x08021944       0x6c ./Obj/ewmain.o
                0x08021944                EwDone
 .text.EwProcess
                0x080219b0      0x1bc ./Obj/ewmain.o
                0x080219b0                EwProcess
 .text.EwPrintSystemInfo
                0x08021b6c      0x1b0 ./Obj/ewmain.o
                0x08021b6c                EwPrintSystemInfo
 .text.HardButtonIsrCallback
                0x08021d1c        0x4 ./Obj/DeviceDriver.o
                0x08021d1c                HardButtonIsrCallback
 .text.DeviceDriver_Initialize
                0x08021d20       0x14 ./Obj/DeviceDriver.o
                0x08021d20                DeviceDriver_Initialize
 .text.DeviceDriver_Deinitialize
                0x08021d34        0x4 ./Obj/DeviceDriver.o
                0x08021d34                DeviceDriver_Deinitialize
 .text.DeviceDriver_ProcessData
                0x08021d38        0x4 ./Obj/DeviceDriver.o
                0x08021d38                DeviceDriver_ProcessData
 .text.DeviceDriver_SetTime
                0x08021d3c        0x4 ./Obj/DeviceDriver.o
                0x08021d3c                DeviceDriver_SetTime
 .text.CoreView_initLayoutContext
                0x08021d40        0xc ./Obj/Core.o
                0x08021d40                CoreView_initLayoutContext
 .text.CoreView_Draw
                0x08021d4c        0xc ./Obj/Core.o
                0x08021d4c                CoreView_Draw
 .text.CoreView_HandleEvent
                0x08021d58        0x4 ./Obj/Core.o
                0x08021d58                CoreView_HandleEvent
 .text.CoreView_CursorHitTest
                0x08021d5c       0x14 ./Obj/Core.o
                0x08021d5c                CoreView_CursorHitTest
 .text.CoreView_ArrangeView
                0x08021d70       0x1c ./Obj/Core.o
                0x08021d70                CoreView_ArrangeView
 .text.CoreView_MoveView
                0x08021d8c        0xc ./Obj/Core.o
                0x08021d8c                CoreView_MoveView
 .text.CoreView_GetExtent
                0x08021d98        0xc ./Obj/Core.o
                0x08021d98                CoreView_GetExtent
 .text.CoreRectView_GetExtent
                0x08021da4       0x14 ./Obj/Core.o
                0x08021da4                CoreRectView_GetExtent
 .text.CoreGroup_OnSetOpacity
                0x08021db8       0x3c ./Obj/Core.o
                0x08021db8                CoreGroup_OnSetOpacity
 .text.CoreGroup_IsDialog
                0x08021df4       0x28 ./Obj/Core.o
                0x08021df4                CoreGroup_IsDialog
 .text.CoreGroup_UpdateLayout
                0x08021e1c        0xc ./Obj/Core.o
                0x08021e1c                CoreGroup_UpdateLayout
 .text.CoreGroup_UpdateViewState
                0x08021e28        0x4 ./Obj/Core.o
                0x08021e28                CoreGroup_UpdateViewState
 .text.CoreRoot_GetRoot
                0x08021e2c        0x4 ./Obj/Core.o
                0x08021e2c                CoreRoot_GetRoot
 .text.CoreRoot_IsDialog
                0x08021e30        0x4 ./Obj/Core.o
                0x08021e30                CoreRoot_IsDialog
 .text.CoreVerticalList_FindSiblingView
                0x08021e34        0x4 ./Obj/Core.o
                0x08021e34                CoreVerticalList_FindSiblingView
 .text.CoreTask_OnComplete
                0x08021e38        0x4 ./Obj/Core.o
                0x08021e38                CoreTask_OnComplete
 .text.TimerProc
                0x08021e3c        0x8 ./Obj/Core.o
 .text.CoreView__Init
                0x08021e44       0x20 ./Obj/Core.o
                0x08021e44                CoreView__Init
 .text.CoreLineView__Init
                0x08021e64       0x20 ./Obj/Core.o
                0x08021e64                CoreLineView__Init
 .text.CoreQuadView__Init
                0x08021e84       0x20 ./Obj/Core.o
                0x08021e84                CoreQuadView__Init
 .text.CoreSimpleTouchHandler__Init
                0x08021ea4       0x3c ./Obj/Core.o
                0x08021ea4                CoreSimpleTouchHandler__Init
 .text.CoreRectView__Init
                0x08021ee0       0x20 ./Obj/Core.o
                0x08021ee0                CoreRectView__Init
 .text.CoreOutline__Init
                0x08021f00       0x24 ./Obj/Core.o
                0x08021f00                CoreOutline__Init
 .text.CoreRotateTouchHandler__Init
                0x08021f24       0x34 ./Obj/Core.o
                0x08021f24                CoreRotateTouchHandler__Init
 .text.CoreSlideTouchHandler__Init
                0x08021f58       0x74 ./Obj/Core.o
                0x08021f58                CoreSlideTouchHandler__Init
 .text.CoreCursorHit__Init
                0x08021fcc       0x14 ./Obj/Core.o
                0x08021fcc                CoreCursorHit__Init
 .text.CoreLayoutContext__Init
                0x08021fe0       0x14 ./Obj/Core.o
                0x08021fe0                CoreLayoutContext__Init
 .text.CoreLayoutLineContext__Init
                0x08021ff4       0x14 ./Obj/Core.o
                0x08021ff4                CoreLayoutLineContext__Init
 .text.CoreLayoutQuadContext__Init
                0x08022008       0x14 ./Obj/Core.o
                0x08022008                CoreLayoutQuadContext__Init
 .text.CoreDialogContext__Init
                0x0802201c       0x14 ./Obj/Core.o
                0x0802201c                CoreDialogContext__Init
 .text.CoreTaskQueue__Init
                0x08022030       0x14 ./Obj/Core.o
                0x08022030                CoreTaskQueue__Init
 .text.CoreTask__Init
                0x08022044       0x14 ./Obj/Core.o
                0x08022044                CoreTask__Init
 .text.CoreTimer__Init
                0x08022058       0x1c ./Obj/Core.o
                0x08022058                CoreTimer__Init
 .text.CoreTime__Init
                0x08022074       0x14 ./Obj/Core.o
                0x08022074                CoreTime__Init
 .text.CorePropertyObserver__Init
                0x08022088       0x1c ./Obj/Core.o
                0x08022088                CorePropertyObserver__Init
 .text.CoreView__ReInit
                0x080220a4        0x4 ./Obj/Core.o
                0x080220a4                CoreView__ReInit
 .text.CoreLineView__ReInit
                0x080220a8        0x4 ./Obj/Core.o
                0x080220a8                CoreLineView__ReInit
 .text.CoreQuadView__ReInit
                0x080220ac        0x4 ./Obj/Core.o
                0x080220ac                CoreQuadView__ReInit
 .text.CoreSimpleTouchHandler__ReInit
                0x080220b0        0x4 ./Obj/Core.o
                0x080220b0                CoreSimpleTouchHandler__ReInit
 .text.CoreRectView__ReInit
                0x080220b4        0x4 ./Obj/Core.o
                0x080220b4                CoreRectView__ReInit
 .text.CoreGroup__ReInit
                0x080220b8        0x4 ./Obj/Core.o
                0x080220b8                CoreGroup__ReInit
 .text.CoreVerticalList__ReInit
                0x080220bc        0x4 ./Obj/Core.o
                0x080220bc                CoreVerticalList__ReInit
 .text.CoreOutline__ReInit
                0x080220c0        0x4 ./Obj/Core.o
                0x080220c0                CoreOutline__ReInit
 .text.CoreRotateTouchHandler__ReInit
                0x080220c4        0x4 ./Obj/Core.o
                0x080220c4                CoreRotateTouchHandler__ReInit
 .text.CoreSlideTouchHandler__ReInit
                0x080220c8        0x4 ./Obj/Core.o
                0x080220c8                CoreSlideTouchHandler__ReInit
 .text.CoreEvent__ReInit
                0x080220cc        0x4 ./Obj/Core.o
                0x080220cc                CoreEvent__ReInit
 .text.CoreKeyEvent__ReInit
                0x080220d0        0x4 ./Obj/Core.o
                0x080220d0                CoreKeyEvent__ReInit
 .text.CoreCursorGrabEvent__ReInit
                0x080220d4        0x4 ./Obj/Core.o
                0x080220d4                CoreCursorGrabEvent__ReInit
 .text.CoreCursorEvent__ReInit
                0x080220d8        0x4 ./Obj/Core.o
                0x080220d8                CoreCursorEvent__ReInit
 .text.CoreDragEvent__ReInit
                0x080220dc        0x4 ./Obj/Core.o
                0x080220dc                CoreDragEvent__ReInit
 .text.CoreKeyPressHandler__ReInit
                0x080220e0        0x4 ./Obj/Core.o
                0x080220e0                CoreKeyPressHandler__ReInit
 .text.CoreCursorHit__ReInit
                0x080220e4        0x4 ./Obj/Core.o
                0x080220e4                CoreCursorHit__ReInit
 .text.CoreLayoutContext__ReInit
                0x080220e8        0x4 ./Obj/Core.o
                0x080220e8                CoreLayoutContext__ReInit
 .text.CoreLayoutLineContext__ReInit
                0x080220ec        0x4 ./Obj/Core.o
                0x080220ec                CoreLayoutLineContext__ReInit
 .text.CoreLayoutQuadContext__ReInit
                0x080220f0        0x4 ./Obj/Core.o
                0x080220f0                CoreLayoutQuadContext__ReInit
 .text.CoreDialogContext__ReInit
                0x080220f4        0x4 ./Obj/Core.o
                0x080220f4                CoreDialogContext__ReInit
 .text.CoreTaskQueue__ReInit
                0x080220f8        0x4 ./Obj/Core.o
                0x080220f8                CoreTaskQueue__ReInit
 .text.CoreTask__ReInit
                0x080220fc        0x4 ./Obj/Core.o
                0x080220fc                CoreTask__ReInit
 .text.CoreResource__ReInit
                0x08022100        0x4 ./Obj/Core.o
                0x08022100                CoreResource__ReInit
 .text.CoreTimer__ReInit
                0x08022104        0x4 ./Obj/Core.o
                0x08022104                CoreTimer__ReInit
 .text.CoreRoot__ReInit
                0x08022108       0x14 ./Obj/Core.o
                0x08022108                CoreRoot__ReInit
 .text.CoreTime__ReInit
                0x0802211c        0x4 ./Obj/Core.o
                0x0802211c                CoreTime__ReInit
 .text.CorePropertyObserver__ReInit
                0x08022120        0x4 ./Obj/Core.o
                0x08022120                CorePropertyObserver__ReInit
 .text.CoreView__Done
                0x08022124        0xc ./Obj/Core.o
                0x08022124                CoreView__Done
 .text.CoreLineView__Done
                0x08022130        0xc ./Obj/Core.o
                0x08022130                CoreLineView__Done
 .text.CoreQuadView__Done
                0x0802213c        0xc ./Obj/Core.o
                0x0802213c                CoreQuadView__Done
 .text.CoreSimpleTouchHandler__Done
                0x08022148        0xc ./Obj/Core.o
                0x08022148                CoreSimpleTouchHandler__Done
 .text.CoreRectView__Done
                0x08022154        0xc ./Obj/Core.o
                0x08022154                CoreRectView__Done
 .text.CoreGroup__Done
                0x08022160        0xc ./Obj/Core.o
                0x08022160                CoreGroup__Done
 .text.CoreVerticalList__Done
                0x0802216c        0xc ./Obj/Core.o
                0x0802216c                CoreVerticalList__Done
 .text.CoreOutline__Done
                0x08022178        0xc ./Obj/Core.o
                0x08022178                CoreOutline__Done
 .text.CoreRotateTouchHandler__Done
                0x08022184        0xc ./Obj/Core.o
                0x08022184                CoreRotateTouchHandler__Done
 .text.CoreSlideTouchHandler__Done
                0x08022190        0xc ./Obj/Core.o
                0x08022190                CoreSlideTouchHandler__Done
 .text.CoreEvent__Done
                0x0802219c        0xc ./Obj/Core.o
                0x0802219c                CoreEvent__Done
 .text.CoreKeyEvent__Done
                0x080221a8        0xc ./Obj/Core.o
                0x080221a8                CoreKeyEvent__Done
 .text.CoreCursorGrabEvent__Done
                0x080221b4        0xc ./Obj/Core.o
                0x080221b4                CoreCursorGrabEvent__Done
 .text.CoreCursorEvent__Done
                0x080221c0        0xc ./Obj/Core.o
                0x080221c0                CoreCursorEvent__Done
 .text.CoreDragEvent__Done
                0x080221cc        0xc ./Obj/Core.o
                0x080221cc                CoreDragEvent__Done
 .text.CoreKeyPressHandler__Done
                0x080221d8        0xc ./Obj/Core.o
                0x080221d8                CoreKeyPressHandler__Done
 .text.CoreCursorHit__Done
                0x080221e4        0xc ./Obj/Core.o
                0x080221e4                CoreCursorHit__Done
 .text.CoreLayoutContext__Done
                0x080221f0        0xc ./Obj/Core.o
                0x080221f0                CoreLayoutContext__Done
 .text.CoreLayoutLineContext__Done
                0x080221fc        0xc ./Obj/Core.o
                0x080221fc                CoreLayoutLineContext__Done
 .text.CoreLayoutQuadContext__Done
                0x08022208        0xc ./Obj/Core.o
                0x08022208                CoreLayoutQuadContext__Done
 .text.CoreDialogContext__Done
                0x08022214        0xc ./Obj/Core.o
                0x08022214                CoreDialogContext__Done
 .text.CoreTaskQueue__Done
                0x08022220        0xc ./Obj/Core.o
                0x08022220                CoreTaskQueue__Done
 .text.CoreTask__Done
                0x0802222c        0xc ./Obj/Core.o
                0x0802222c                CoreTask__Done
 .text.CoreTime__Done
                0x08022238        0xc ./Obj/Core.o
                0x08022238                CoreTime__Done
 .text.CorePropertyObserver__Done
                0x08022244        0xc ./Obj/Core.o
                0x08022244                CorePropertyObserver__Done
 .text.CoreTaskQueue_onPreDispatchNext
                0x08022250       0x28 ./Obj/Core.o
                0x08022250                CoreTaskQueue_onPreDispatchNext
 .text.CoreView_ChangeViewState
                0x08022278      0x130 ./Obj/Core.o
                0x08022278                CoreView_ChangeViewState
 .text.CoreGroup_ChangeViewState
                0x080223a8       0xa0 ./Obj/Core.o
                0x080223a8                CoreGroup_ChangeViewState
 .text.CoreRoot_ChangeViewState
                0x08022448       0x88 ./Obj/Core.o
                0x08022448                CoreRoot_ChangeViewState
 .text.CoreView_GetRoot
                0x080224d0       0x24 ./Obj/Core.o
                0x080224d0                CoreView_GetRoot
 .text.CoreRectView_initLayoutContext
                0x080224f4       0x48 ./Obj/Core.o
                0x080224f4                CoreRectView_initLayoutContext
 .text.CoreQuadView_initLayoutContext
                0x0802253c       0x98 ./Obj/Core.o
                0x0802253c                CoreQuadView_initLayoutContext
 .text.CoreQuadView_GetExtent
                0x080225d4       0xbc ./Obj/Core.o
                0x080225d4                CoreQuadView_GetExtent
 .text.CoreRectView_ArrangeView
                0x08022690      0x358 ./Obj/Core.o
                0x08022690                CoreRectView_ArrangeView
 .text.CoreRectView_MoveView
                0x080229e8       0x70 ./Obj/Core.o
                0x080229e8                CoreRectView_MoveView
 .text.CoreRectView_OnSetBounds
                0x08022a58      0x10c ./Obj/Core.o
                0x08022a58                CoreRectView_OnSetBounds
 .text.CoreGroup_Draw
                0x08022b64      0x10c ./Obj/Core.o
                0x08022b64                CoreGroup_Draw
 .text.CoreVerticalList_Draw
                0x08022c70       0x48 ./Obj/Core.o
                0x08022c70                CoreVerticalList_Draw
 .text.CoreGroup_drawContent
                0x08022cb8      0x180 ./Obj/Core.o
                0x08022cb8                CoreGroup_drawContent
 .text.CoreGroup_CursorHitTest
                0x08022e38      0x244 ./Obj/Core.o
                0x08022e38                CoreGroup_CursorHitTest
 .text.CoreGroup_OnSetBuffered
                0x0802307c       0xbc ./Obj/Core.o
                0x0802307c                CoreGroup_OnSetBuffered
 .text.CoreGroup_OnSetBounds
                0x08023138      0x130 ./Obj/Core.o
                0x08023138                CoreGroup_OnSetBounds
 .text.CoreRoot_Draw
                0x08023268       0xc4 ./Obj/Core.o
                0x08023268                CoreRoot_Draw
 .text.CoreGroup_updateBufferSlot
                0x0802332c       0x94 ./Obj/Core.o
                0x0802332c                CoreGroup_updateBufferSlot
 .text.CoreVerticalList_RestackTop
                0x080233c0       0x14 ./Obj/Core.o
                0x080233c0                CoreVerticalList_RestackTop
 .text.CoreVerticalList_Remove
                0x080233d4       0x14 ./Obj/Core.o
                0x080233d4                CoreVerticalList_Remove
 .text.CoreVerticalList_Add
                0x080233e8       0x14 ./Obj/Core.o
                0x080233e8                CoreVerticalList_Add
 .text.CoreGroup_OnSetFocus
                0x080233fc       0x70 ./Obj/Core.o
                0x080233fc                CoreGroup_OnSetFocus
 .text.CoreRoot_OnSetFocus
                0x0802346c       0x10 ./Obj/Core.o
                0x0802346c                CoreRoot_OnSetFocus
 .text.CoreOutline_OnSetBounds
                0x0802347c      0x1d8 ./Obj/Core.o
                0x0802347c                CoreOutline_OnSetBounds
 .text.CoreGroup_InvalidateArea
                0x08023654      0x12c ./Obj/Core.o
                0x08023654                CoreGroup_InvalidateArea
 .text.CoreEvent__Init
                0x08023780       0x1c ./Obj/Core.o
                0x08023780                CoreEvent__Init
 .text.CoreKeyEvent__Init
                0x0802379c       0x24 ./Obj/Core.o
                0x0802379c                CoreKeyEvent__Init
 .text.CoreCursorGrabEvent__Init
                0x080237c0       0x24 ./Obj/Core.o
                0x080237c0                CoreCursorGrabEvent__Init
 .text.CoreCursorEvent__Init
                0x080237e4       0x24 ./Obj/Core.o
                0x080237e4                CoreCursorEvent__Init
 .text.CoreDragEvent__Init
                0x08023808       0x24 ./Obj/Core.o
                0x08023808                CoreDragEvent__Init
 .text.CorePropertyObserver_onEvent
                0x0802382c       0x10 ./Obj/Core.o
                0x0802382c                CorePropertyObserver_onEvent
 .text.CoreRotateTouchHandler_CursorHitTest
                0x0802383c       0xec ./Obj/Core.o
                0x0802383c                CoreRotateTouchHandler_CursorHitTest
 .text.CoreSlideTouchHandler_CursorHitTest
                0x08023928      0x108 ./Obj/Core.o
                0x08023928                CoreSlideTouchHandler_CursorHitTest
 .text.CoreResource__Done
                0x08023a30       0x24 ./Obj/Core.o
                0x08023a30                CoreResource__Done
 .text.CoreResource__Init
                0x08023a54       0x28 ./Obj/Core.o
                0x08023a54                CoreResource__Init
 .text.CoreTimer__Done
                0x08023a7c       0x24 ./Obj/Core.o
                0x08023a7c                CoreTimer__Done
 .text.CoreRoot__Done
                0x08023aa0       0x24 ./Obj/Core.o
                0x08023aa0                CoreRoot__Done
 .text.CoreGroup_FindSiblingView
                0x08023ac4       0xa0 ./Obj/Core.o
                0x08023ac4                CoreGroup_FindSiblingView
 .text.CoreGroup_RestackTop
                0x08023b64      0x124 ./Obj/Core.o
                0x08023b64                CoreGroup_RestackTop
 .text.CoreGroup_Add
                0x08023c88      0x19c ./Obj/Core.o
                0x08023c88                CoreGroup_Add
 .text.CoreRoot_OnSetBuffered.part.5
                0x08023e24       0x38 ./Obj/Core.o
 .text.CoreRoot_OnSetBuffered
                0x08023e5c       0x28 ./Obj/Core.o
                0x08023e5c                CoreRoot_OnSetBuffered
 .text.CoreRoot_OnSetOpacity
                0x08023e84       0x28 ./Obj/Core.o
                0x08023e84                CoreRoot_OnSetOpacity
 .text.CoreGroup_Remove
                0x08023eac      0x12c ./Obj/Core.o
                0x08023eac                CoreGroup_Remove
 .text.CoreRoot_DoesNeedUpdate.part.11
                0x08023fd8       0x24 ./Obj/Core.o
 .text.CoreSlideTouchHandler_stopAnimation.part.14
                0x08023ffc       0x2c ./Obj/Core.o
 .text.CoreSlideTouchHandler_timerSlot
                0x08024028      0x3f8 ./Obj/Core.o
                0x08024028                CoreSlideTouchHandler_timerSlot
 .text.CoreTaskQueue_onDispatchNext
                0x08024420       0x48 ./Obj/Core.o
                0x08024420                CoreTaskQueue_onDispatchNext
 .text.EwCheckIndex.part.0.constprop.21
                0x08024468       0x24 ./Obj/Core.o
 .text.CoreRoot_InvalidateArea
                0x0802448c      0x600 ./Obj/Core.o
                0x0802448c                CoreRoot_InvalidateArea
 .text.CoreRotateTouchHandler_Draw
                0x08024a8c        0xc ./Obj/Core.o
                0x08024a8c                CoreRotateTouchHandler_Draw
 .text.CoreSlideTouchHandler_Draw
                0x08024a98        0xc ./Obj/Core.o
                0x08024a98                CoreSlideTouchHandler_Draw
 .text.CoreOutline_Draw
                0x08024aa4        0xc ./Obj/Core.o
                0x08024aa4                CoreOutline_Draw
 .text.CoreSimpleTouchHandler_Draw
                0x08024ab0        0xc ./Obj/Core.o
                0x08024ab0                CoreSimpleTouchHandler_Draw
 .text.CoreTask_OnCancel
                0x08024abc        0x4 ./Obj/Core.o
                0x08024abc                CoreTask_OnCancel
 .text.CoreView_OnSetLayout
                0x08024ac0       0xb0 ./Obj/Core.o
                0x08024ac0                CoreView_OnSetLayout
 .text.CoreView__GetRoot
                0x08024b70        0x8 ./Obj/Core.o
                0x08024b70                CoreView__GetRoot
 .text.CoreView__GetExtent
                0x08024b78       0x10 ./Obj/Core.o
                0x08024b78                CoreView__GetExtent
 .text.CoreView__ChangeViewState
                0x08024b88        0x8 ./Obj/Core.o
                0x08024b88                CoreView__ChangeViewState
 .text.CoreLineView_getExtent
                0x08024b90       0x80 ./Obj/Core.o
                0x08024b90                CoreLineView_getExtent
 .text.CoreLineView_initLayoutContext
                0x08024c10       0x74 ./Obj/Core.o
                0x08024c10                CoreLineView_initLayoutContext
 .text.CoreLineView_GetExtent
                0x08024c84       0x28 ./Obj/Core.o
                0x08024c84                CoreLineView_GetExtent
 .text.CoreLineView_OnSetPoint2
                0x08024cac       0xfc ./Obj/Core.o
                0x08024cac                CoreLineView_OnSetPoint2
 .text.CoreLineView_OnSetPoint1
                0x08024da8       0xfc ./Obj/Core.o
                0x08024da8                CoreLineView_OnSetPoint1
 .text.CoreLineView_ArrangeView
                0x08024ea4      0x394 ./Obj/Core.o
                0x08024ea4                CoreLineView_ArrangeView
 .text.CoreLineView_MoveView
                0x08025238       0x8c ./Obj/Core.o
                0x08025238                CoreLineView_MoveView
 .text.CoreQuadView_OnSetPoint4
                0x080252c4       0xfc ./Obj/Core.o
                0x080252c4                CoreQuadView_OnSetPoint4
 .text.CoreQuadView_OnSetPoint3
                0x080253c0       0xfc ./Obj/Core.o
                0x080253c0                CoreQuadView_OnSetPoint3
 .text.CoreQuadView_OnSetPoint2
                0x080254bc       0xfc ./Obj/Core.o
                0x080254bc                CoreQuadView_OnSetPoint2
 .text.CoreQuadView_OnSetPoint1
                0x080255b8       0xfc ./Obj/Core.o
                0x080255b8                CoreQuadView_OnSetPoint1
 .text.CoreQuadView_ArrangeView
                0x080256b4      0x4dc ./Obj/Core.o
                0x080256b4                CoreQuadView_ArrangeView
 .text.CoreQuadView_MoveView
                0x08025b90      0x108 ./Obj/Core.o
                0x08025b90                CoreQuadView_MoveView
 .text.CoreQuadView_IsPointInside
                0x08025c98       0xc8 ./Obj/Core.o
                0x08025c98                CoreQuadView_IsPointInside
 .text.CoreQuadView_HasRectShape
                0x08025d60       0x4c ./Obj/Core.o
                0x08025d60                CoreQuadView_HasRectShape
 .text.CoreSimpleTouchHandler_CursorHitTest
                0x08025dac      0x1d4 ./Obj/Core.o
                0x08025dac                CoreSimpleTouchHandler_CursorHitTest
 .text.CoreRectView__OnSetBounds
                0x08025f80       0x24 ./Obj/Core.o
                0x08025f80                CoreRectView__OnSetBounds
 .text.CoreGroup_recalculateLayout
                0x08025fa4      0x634 ./Obj/Core.o
                0x08025fa4                CoreGroup_recalculateLayout
 .text.CoreGroup_updateComponent
                0x080265d8       0x3c ./Obj/Core.o
                0x080265d8                CoreGroup_updateComponent
 .text.CoreGroup__OnSetFocus
                0x08026614        0x8 ./Obj/Core.o
                0x08026614                CoreGroup__OnSetFocus
 .text.CoreGroup_OnGetBuffered
                0x0802661c        0xc ./Obj/Core.o
                0x0802661c                CoreGroup_OnGetBuffered
 .text.CoreGroup__OnSetBuffered
                0x08026628        0x8 ./Obj/Core.o
                0x08026628                CoreGroup__OnSetBuffered
 .text.CoreGroup__OnSetOpacity
                0x08026630        0x8 ./Obj/Core.o
                0x08026630                CoreGroup__OnSetOpacity
 .text.CoreGroup_OnSetEmbedded
                0x08026638       0x14 ./Obj/Core.o
                0x08026638                CoreGroup_OnSetEmbedded
 .text.CoreGroup_OnGetVisible
                0x0802664c        0x8 ./Obj/Core.o
                0x0802664c                CoreGroup_OnGetVisible
 .text.CoreGroup_OnSetVisible
                0x08026654       0x10 ./Obj/Core.o
                0x08026654                CoreGroup_OnSetVisible
 .text.CoreGroup__IsDialog
                0x08026664        0x8 ./Obj/Core.o
                0x08026664                CoreGroup__IsDialog
 .text.CoreGroup_LocalPosition
                0x0802666c       0x34 ./Obj/Core.o
                0x0802666c                CoreGroup_LocalPosition
 .text.CoreGroup_InvalidateViewState
                0x080266a0       0x30 ./Obj/Core.o
                0x080266a0                CoreGroup_InvalidateViewState
 .text.CoreGroup__Init
                0x080266d0       0x28 ./Obj/Core.o
                0x080266d0                CoreGroup__Init
 .text.CoreVerticalList__Init
                0x080266f8       0x58 ./Obj/Core.o
                0x080266f8                CoreVerticalList__Init
 .text.CoreGroup__InvalidateArea
                0x08026750       0x28 ./Obj/Core.o
                0x08026750                CoreGroup__InvalidateArea
 .text.CoreGroup__RestackTop
                0x08026778        0x8 ./Obj/Core.o
                0x08026778                CoreGroup__RestackTop
 .text.CoreGroup__Remove
                0x08026780        0x8 ./Obj/Core.o
                0x08026780                CoreGroup__Remove
 .text.CoreGroup__Add
                0x08026788        0x8 ./Obj/Core.o
                0x08026788                CoreGroup__Add
 .text.CoreGroup_OnGetOpacity
                0x08026790        0x4 ./Obj/Core.o
                0x08026790                CoreGroup_OnGetOpacity
 .text.CoreRoot__EndUpdate
                0x08026794       0x1c ./Obj/Core.o
                0x08026794                CoreRoot__EndUpdate
 .text.CoreRoot_UpdateCanvas
                0x080267b0      0x164 ./Obj/Core.o
                0x080267b0                CoreRoot_UpdateCanvas
 .text.CoreRoot__UpdateCanvas
                0x08026914       0x20 ./Obj/Core.o
                0x08026914                CoreRoot__UpdateCanvas
 .text.CoreRoot_GetUpdateRegion
                0x08026934       0x58 ./Obj/Core.o
                0x08026934                CoreRoot_GetUpdateRegion
 .text.CoreRoot__GetUpdateRegion
                0x0802698c        0xc ./Obj/Core.o
                0x0802698c                CoreRoot__GetUpdateRegion
 .text.CoreRoot_BeginUpdate
                0x08026998      0x2e8 ./Obj/Core.o
                0x08026998                CoreRoot_BeginUpdate
 .text.CoreRoot_UpdateGE20
                0x08026c80       0x60 ./Obj/Core.o
                0x08026c80                CoreRoot_UpdateGE20
 .text.CoreRoot__UpdateGE20
                0x08026ce0        0xc ./Obj/Core.o
                0x08026ce0                CoreRoot__UpdateGE20
 .text.CoreRoot__BeginUpdate
                0x08026cec        0x4 ./Obj/Core.o
                0x08026cec                CoreRoot__BeginUpdate
 .text.CoreRoot__DoesNeedUpdate
                0x08026cf0       0x10 ./Obj/Core.o
                0x08026cf0                CoreRoot__DoesNeedUpdate
 .text.CoreRoot_Initialize
                0x08026d00       0x74 ./Obj/Core.o
                0x08026d00                CoreRoot_Initialize
 .text.CoreRoot__Initialize
                0x08026d74       0x14 ./Obj/Core.o
                0x08026d74                CoreRoot__Initialize
 .text.CoreRoot_DriveMultiTouchMovement
                0x08026d88      0x308 ./Obj/Core.o
                0x08026d88                CoreRoot_DriveMultiTouchMovement
 .text.CoreRoot__DriveMultiTouchMovement
                0x08027090       0x18 ./Obj/Core.o
                0x08027090                CoreRoot__DriveMultiTouchMovement
 .text.CoreKeyEvent_IsCode
                0x080270a8       0x8c ./Obj/Core.o
                0x080270a8                CoreKeyEvent_IsCode
 .text.CoreCursorEvent_InitializeDown
                0x08027134       0x80 ./Obj/Core.o
                0x08027134                CoreCursorEvent_InitializeDown
 .text.CoreRoot_DeflectCursor
                0x080271b4      0x6d4 ./Obj/Core.o
                0x080271b4                CoreRoot_DeflectCursor
 .text.CoreRoot_RetargetCursorWithReason
                0x08027888      0x150 ./Obj/Core.o
                0x08027888                CoreRoot_RetargetCursorWithReason
 .text.CoreRoot_RetargetCursor
                0x080279d8        0x8 ./Obj/Core.o
                0x080279d8                CoreRoot_RetargetCursor
 .text.CoreSimpleTouchHandler_HandleEvent
                0x080279e0      0x5f4 ./Obj/Core.o
                0x080279e0                CoreSimpleTouchHandler_HandleEvent
 .text.CoreRotateTouchHandler_HandleEvent
                0x08027fd4      0x580 ./Obj/Core.o
                0x08027fd4                CoreRotateTouchHandler_HandleEvent
 .text.CoreOutline_OnSetSlideHandler
                0x08028554       0xc8 ./Obj/Core.o
                0x08028554                CoreOutline_OnSetSlideHandler
 .text.CoreOutline_OnSetScrollOffset
                0x0802861c       0xb8 ./Obj/Core.o
                0x0802861c                CoreOutline_OnSetScrollOffset
 .text.CoreOutline_onSlideSlot
                0x080286d4        0xc ./Obj/Core.o
                0x080286d4                CoreOutline_onSlideSlot
 .text.CoreOutline_OnSetFormation
                0x080286e0       0x44 ./Obj/Core.o
                0x080286e0                CoreOutline_OnSetFormation
 .text.CoreOutline_GetContentArea
                0x08028724       0x8c ./Obj/Core.o
                0x08028724                CoreOutline_GetContentArea
 .text.CoreOutline_onStartSlideSlot
                0x080287b0      0x13c ./Obj/Core.o
                0x080287b0                CoreOutline_onStartSlideSlot
 .text.CoreVerticalList_releaseTailItem
                0x080288ec       0x6c ./Obj/Core.o
                0x080288ec                CoreVerticalList_releaseTailItem
 .text.CoreVerticalList_confirmTailItem
                0x08028958       0xd0 ./Obj/Core.o
                0x08028958                CoreVerticalList_confirmTailItem
 .text.CoreVerticalList_releaseHeadItem
                0x08028a28       0x6c ./Obj/Core.o
                0x08028a28                CoreVerticalList_releaseHeadItem
 .text.CoreVerticalList_confirmHeadItem
                0x08028a94       0xd0 ./Obj/Core.o
                0x08028a94                CoreVerticalList_confirmHeadItem
 .text.CoreVerticalList_UpdateViewState
                0x08028b64      0x49c ./Obj/Core.o
                0x08028b64                CoreVerticalList_UpdateViewState
 .text.CoreVerticalList_OnSetEndless
                0x08029000       0x58 ./Obj/Core.o
                0x08029000                CoreVerticalList_OnSetEndless
 .text.CoreVerticalList_OnSetSlideHandler
                0x08029058       0xd0 ./Obj/Core.o
                0x08029058                CoreVerticalList_OnSetSlideHandler
 .text.CoreVerticalList_OnSetScrollOffset
                0x08029128       0x88 ./Obj/Core.o
                0x08029128                CoreVerticalList_OnSetScrollOffset
 .text.CoreVerticalList_onSlideSlot
                0x080291b0        0xc ./Obj/Core.o
                0x080291b0                CoreVerticalList_onSlideSlot
 .text.CoreVerticalList_OnSetItemHeight
                0x080291bc       0x5c ./Obj/Core.o
                0x080291bc                CoreVerticalList_OnSetItemHeight
 .text.CoreVerticalList_OnSetNoOfItems
                0x08029218       0x94 ./Obj/Core.o
                0x08029218                CoreVerticalList_OnSetNoOfItems
 .text.CoreVerticalList_GetViewForItem
                0x080292ac       0x9c ./Obj/Core.o
                0x080292ac                CoreVerticalList_GetViewForItem
 .text.CoreVerticalList_GetItemAtPosition
                0x08029348       0xb4 ./Obj/Core.o
                0x08029348                CoreVerticalList_GetItemAtPosition
 .text.CoreVerticalList_GetItemsArea
                0x080293fc       0xb0 ./Obj/Core.o
                0x080293fc                CoreVerticalList_GetItemsArea
 .text.CoreVerticalList_onStartSlideSlot
                0x080294ac      0x184 ./Obj/Core.o
                0x080294ac                CoreVerticalList_onStartSlideSlot
 .text.CoreSimpleTouchHandler_OnSetRetargetOffset
                0x08029630        0xc ./Obj/Core.o
                0x08029630                CoreSimpleTouchHandler_OnSetRetargetOffset
 .text.CoreSimpleTouchHandler_OnSetMaxStrikeCount
                0x0802963c        0xc ./Obj/Core.o
                0x0802963c                CoreSimpleTouchHandler_OnSetMaxStrikeCount
 .text.CoreSimpleTouchHandler_OnSetEnabled
                0x08029648       0x10 ./Obj/Core.o
                0x08029648                CoreSimpleTouchHandler_OnSetEnabled
 .text.CoreSlideTouchHandler_startAnimation
                0x08029658       0x3c ./Obj/Core.o
                0x08029658                CoreSlideTouchHandler_startAnimation
 .text.CoreSlideTouchHandler_HandleEvent
                0x08029694      0xf94 ./Obj/Core.o
                0x08029694                CoreSlideTouchHandler_HandleEvent
 .text.CoreSlideTouchHandler_OnSetSnapNext
                0x0802a628       0x1c ./Obj/Core.o
                0x0802a628                CoreSlideTouchHandler_OnSetSnapNext
 .text.CoreSlideTouchHandler_OnSetResetSpace
                0x0802a644        0xc ./Obj/Core.o
                0x0802a644                CoreSlideTouchHandler_OnSetResetSpace
 .text.CoreSlideTouchHandler_OnSetFriction
                0x0802a650       0x74 ./Obj/Core.o
                0x0802a650                CoreSlideTouchHandler_OnSetFriction
 .text.CoreKeyPressHandler_HandleEvent
                0x0802a6c4       0x98 ./Obj/Core.o
                0x0802a6c4                CoreKeyPressHandler_HandleEvent
 .text.CoreGroup_processKeyHandlers
                0x0802a75c       0x40 ./Obj/Core.o
                0x0802a75c                CoreGroup_processKeyHandlers
 .text.CoreGroup_DispatchEvent
                0x0802a79c       0xb8 ./Obj/Core.o
                0x0802a79c                CoreGroup_DispatchEvent
 .text.CoreVerticalList_DispatchEvent
                0x0802a854       0xac ./Obj/Core.o
                0x0802a854                CoreVerticalList_DispatchEvent
 .text.CoreGroup_BroadcastEvent
                0x0802a900       0x80 ./Obj/Core.o
                0x0802a900                CoreGroup_BroadcastEvent
 .text.CoreRoot_BroadcastEvent
                0x0802a980       0x24 ./Obj/Core.o
                0x0802a980                CoreRoot_BroadcastEvent
 .text.CoreRoot_DispatchEvent
                0x0802a9a4       0x84 ./Obj/Core.o
                0x0802a9a4                CoreRoot_DispatchEvent
 .text.CoreKeyPressHandler_Init
                0x0802aa28       0x2c ./Obj/Core.o
                0x0802aa28                CoreKeyPressHandler_Init
 .text.CoreKeyPressHandler__Init
                0x0802aa54       0x2c ./Obj/Core.o
                0x0802aa54                CoreKeyPressHandler__Init
 .text.CoreTaskQueue_completeTask
                0x0802aa80       0x50 ./Obj/Core.o
                0x0802aa80                CoreTaskQueue_completeTask
 .text.CoreTask_Complete
                0x0802aad0       0x14 ./Obj/Core.o
                0x0802aad0                CoreTask_Complete
 .text.CoreTaskQueue_CancelTask
                0x0802aae4       0xac ./Obj/Core.o
                0x0802aae4                CoreTaskQueue_CancelTask
 .text.CoreTask_OnStart
                0x0802ab90       0x10 ./Obj/Core.o
                0x0802ab90                CoreTask_OnStart
 .text.CoreTaskQueue_ScheduleTask
                0x0802aba0       0x6c ./Obj/Core.o