22:51:49 **** Incremental Build of configuration BUILD for project STM32H745-Discovery ****
Info: Internal Builder is used for build
arm-atollic-eabi-gcc -c ..\..\..\..\Source\main.c -mthumb -mcpu=cortex-m7 -mfloat-abi=hard -mfpu=fpv5-sp-d16 -std=c11 -DEW_FRAME_BUFFER_COLOR_FORMAT=EW_FRAME_BUFFER_COLOR_FORMAT_RGB565 -DEW_SURFACE_ROTATION=0 -DEW_USE_FREE_RTOS=1 -DEW_USE_EXTERNAL_FLASH=1 -DEW_BITMAP_PIXEL_SECTION_NAME=.SectionEwResource -DEW_FONT_PIXEL_SECTION_NAME=.SectionEwResource -DCORE_CM7 -DUSE_HAL_DRIVER -DSTM32H745xx -DUSE_STM32H745I_DISCO -IC:/Users/maanm/Desktop/fft/bfft_driver_interface_HW_library/Application/Project/TrueSTUDIO/STM32H745-Discovery/../../../../Application/GeneratedCode -IC:/Users/maanm/Desktop/fft/bfft_driver_interface_HW_library/Application/Project/TrueSTUDIO/STM32H745-Discovery/../../../../Application/Source -IC:/Users/maanm/Desktop/fft/bfft_driver_interface_HW_library/Application/Project/TrueSTUDIO/STM32H745-Discovery/../../../../TargetSpecific -IC:/Users/maanm/Desktop/fft/bfft_driver_interface_HW_library/Application/Project/TrueSTUDIO/STM32H745-Discovery/../../../../TargetSpecific/Drivers -IC:/Users/maanm/Desktop/fft/bfft_driver_interface_HW_library/Application/Project/TrueSTUDIO/STM32H745-Discovery/../../../../ThirdParty/STM32Cube_FW_H7/Drivers/STM32H7xx_HAL_Driver/Inc -IC:/Users/maanm/Desktop/fft/bfft_driver_interface_HW_library/Application/Project/TrueSTUDIO/STM32H745-Discovery/../../../../ThirdParty/STM32Cube_FW_H7/Drivers/BSP/STM32H745I-DISCO -IC:/Users/maanm/Desktop/fft/bfft_driver_interface_HW_library/Application/Project/TrueSTUDIO/STM32H745-Discovery/../../../../ThirdParty/STM32Cube_FW_H7/Drivers/BSP/Components/Common -IC:/Users/maanm/Desktop/fft/bfft_driver_interface_HW_library/Application/Project/TrueSTUDIO/STM32H745-Discovery/../../../../ThirdParty/STM32Cube_FW_H7/Drivers/BSP/Components/mt25tl01g -IC:/Users/maanm/Desktop/fft/bfft_driver_interface_HW_library/Application/Project/TrueSTUDIO/STM32H745-Discovery/../../../../ThirdParty/STM32Cube_FW_H7/Drivers/BSP/Components/mt48lc4m32b2 -IC:/Users/maanm/Desktop/fft/bfft_driver_interface_HW_library/Application/Project/TrueSTUDIO/STM32H745-Discovery/../../../../ThirdParty/STM32Cube_FW_H7/Drivers/CMSIS/Include -IC:/Users/maanm/Desktop/fft/bfft_driver_interface_HW_library/Application/Project/TrueSTUDIO/STM32H745-Discovery/../../../../ThirdParty/STM32Cube_FW_H7/Drivers/CMSIS/Device/ST/STM32H7xx/Include -IC:/Users/maanm/Desktop/fft/bfft_driver_interface_HW_library/Application/Project/TrueSTUDIO/STM32H745-Discovery/../../../../ThirdParty/STM32Cube_FW_H7/Middlewares/Third_Party/FreeRTOS/Source/portable/GCC/ARM_CM7/r0p1 -IC:/Users/maanm/Desktop/fft/bfft_driver_interface_HW_library/Application/Project/TrueSTUDIO/STM32H745-Discovery/../../../../ThirdParty/STM32Cube_FW_H7/Middlewares/Third_Party/FreeRTOS/Source/include -IC:/Users/maanm/Desktop/fft/bfft_driver_interface_HW_library/Application/Project/TrueSTUDIO/STM32H745-Discovery/../../../../ThirdParty/STM32Cube_FW_H7/Middlewares/Third_Party/FreeRTOS/Source/CMSIS_RTOS -IC:/Users/maanm/Desktop/fft/bfft_driver_interface_HW_library/Application/Project/TrueSTUDIO/STM32H745-Discovery/../../../../PlatformPackage/RTE -IC:/Users/maanm/Desktop/fft/bfft_driver_interface_HW_library/Application/Project/TrueSTUDIO/STM32H745-Discovery/../../../../PlatformPackage/RGB565 -O2 -ffunction-sections -g3 -fstack-usage -Wall -fmessage-length=0 -o Application\Source\main.o 
arm-atollic-eabi-gcc -o EmbeddedWizard-STM32H745-Discovery.elf Application\GeneratedCode\Application.o Application\GeneratedCode\Batterie.o Application\GeneratedCode\BezierClock.o Application\GeneratedCode\Core.o Application\GeneratedCode\DriverInterfce.o Application\GeneratedCode\Effects.o Application\GeneratedCode\Graphics.o Application\GeneratedCode\Resources.o Application\GeneratedCode\SetRotaionalSpeed.o Application\GeneratedCode\SetSpeed.o Application\GeneratedCode\Templates.o Application\GeneratedCode\Views.o Application\GeneratedCode\WidgetSet.o Application\Source\BFFT_CAN.o Application\Source\BFFT_SystemStatusLED.o Application\Source\DeviceDriver.o Application\Source\ewmain.o Application\Source\fdcan.o Application\Source\gpio.o Application\Source\main.o PlatformPackage\RGB565\ewextgfx.o PlatformPackage\RTE\ewextrte.o TargetSpecific\Drivers\ft5336.o TargetSpecific\Drivers\ft5336_reg.o TargetSpecific\ew_bsp_clock.o TargetSpecific\ew_bsp_console.o TargetSpecific\ew_bsp_display.o TargetSpecific\ew_bsp_event.o TargetSpecific\ew_bsp_graphics.o TargetSpecific\ew_bsp_inout.o TargetSpecific\ew_bsp_system.o TargetSpecific\ew_bsp_touch.o TargetSpecific\stm32h7xx_it.o TargetSpecific\system_stm32h7xx.o ThirdParty\STM32Cube_FW_H7\Drivers\BSP\Components\mt25tl01g\mt25tl01g.o ThirdParty\STM32Cube_FW_H7\Drivers\BSP\Components\mt48lc4m32b2\mt48lc4m32b2.o ThirdParty\STM32Cube_FW_H7\Drivers\BSP\STM32H745I-DISCO\stm32h745i_discovery.o ThirdParty\STM32Cube_FW_H7\Drivers\BSP\STM32H745I-DISCO\stm32h745i_discovery_bus.o ThirdParty\STM32Cube_FW_H7\Drivers\BSP\STM32H745I-DISCO\stm32h745i_discovery_qspi.o ThirdParty\STM32Cube_FW_H7\Drivers\BSP\STM32H745I-DISCO\stm32h745i_discovery_sdram.o ThirdParty\STM32Cube_FW_H7\Drivers\BSP\STM32H745I-DISCO\stm32h745i_discovery_ts.o ThirdParty\STM32Cube_FW_H7\Drivers\STM32H7xx_HAL_Driver\stm32h7xx_hal.o ThirdParty\STM32Cube_FW_H7\Drivers\STM32H7xx_HAL_Driver\stm32h7xx_hal_cortex.o ThirdParty\STM32Cube_FW_H7\Drivers\STM32H7xx_HAL_Driver\stm32h7xx_hal_dma.o ThirdParty\STM32Cube_FW_H7\Drivers\STM32H7xx_HAL_Driver\stm32h7xx_hal_dma2d.o ThirdParty\STM32Cube_FW_H7\Drivers\STM32H7xx_HAL_Driver\stm32h7xx_hal_exti.o ThirdParty\STM32Cube_FW_H7\Drivers\STM32H7xx_HAL_Driver\stm32h7xx_hal_fdcan.o ThirdParty\STM32Cube_FW_H7\Drivers\STM32H7xx_HAL_Driver\stm32h7xx_hal_gpio.o ThirdParty\STM32Cube_FW_H7\Drivers\STM32H7xx_HAL_Driver\stm32h7xx_hal_i2c.o ThirdParty\STM32Cube_FW_H7\Drivers\STM32H7xx_HAL_Driver\stm32h7xx_hal_i2c_ex.o ThirdParty\STM32Cube_FW_H7\Drivers\STM32H7xx_HAL_Driver\stm32h7xx_hal_ltdc.o ThirdParty\STM32Cube_FW_H7\Drivers\STM32H7xx_HAL_Driver\stm32h7xx_hal_mdma.o ThirdParty\STM32Cube_FW_H7\Drivers\STM32H7xx_HAL_Driver\stm32h7xx_hal_pwr_ex.o ThirdParty\STM32Cube_FW_H7\Drivers\STM32H7xx_HAL_Driver\stm32h7xx_hal_qspi.o ThirdParty\STM32Cube_FW_H7\Drivers\STM32H7xx_HAL_Driver\stm32h7xx_hal_rcc.o ThirdParty\STM32Cube_FW_H7\Drivers\STM32H7xx_HAL_Driver\stm32h7xx_hal_rcc_ex.o ThirdParty\STM32Cube_FW_H7\Drivers\STM32H7xx_HAL_Driver\stm32h7xx_hal_rtc.o ThirdParty\STM32Cube_FW_H7\Drivers\STM32H7xx_HAL_Driver\stm32h7xx_hal_rtc_ex.o ThirdParty\STM32Cube_FW_H7\Drivers\STM32H7xx_HAL_Driver\stm32h7xx_hal_sdram.o ThirdParty\STM32Cube_FW_H7\Drivers\STM32H7xx_HAL_Driver\stm32h7xx_hal_spi.o ThirdParty\STM32Cube_FW_H7\Drivers\STM32H7xx_HAL_Driver\stm32h7xx_hal_tim.o ThirdParty\STM32Cube_FW_H7\Drivers\STM32H7xx_HAL_Driver\stm32h7xx_hal_tim_ex.o ThirdParty\STM32Cube_FW_H7\Drivers\STM32H7xx_HAL_Driver\stm32h7xx_hal_uart.o ThirdParty\STM32Cube_FW_H7\Drivers\STM32H7xx_HAL_Driver\stm32h7xx_hal_uart_ex.o ThirdParty\STM32Cube_FW_H7\Drivers\STM32H7xx_HAL_Driver\stm32h7xx_ll_fmc.o ThirdParty\STM32Cube_FW_H7\Middlewares\Third_Party\FreeRTOS\Source\CMSIS_RTOS\cmsis_os.o ThirdParty\STM32Cube_FW_H7\Middlewares\Third_Party\FreeRTOS\Source\list.o ThirdParty\STM32Cube_FW_H7\Middlewares\Third_Party\FreeRTOS\Source\portable\GCC\ARM_CM7\r0p1\port.o ThirdParty\STM32Cube_FW_H7\Middlewares\Third_Party\FreeRTOS\Source\portable\MemMang\heap_4.o ThirdParty\STM32Cube_FW_H7\Middlewares\Third_Party\FreeRTOS\Source\queue.o ThirdParty\STM32Cube_FW_H7\Middlewares\Third_Party\FreeRTOS\Source\tasks.o ThirdParty\STM32Cube_FW_H7\Middlewares\Third_Party\FreeRTOS\Source\timers.o startup_stm32h745xx.o -lewgfx-m7-gcc -lewrte-m7-gcc -mthumb -mcpu=cortex-m7 -mfloat-abi=hard -mfpu=fpv5-sp-d16 -T../BUILD_STM32H743XI_FLASH.ld -specs=nosys.specs -static -LC:/Users/maanm/Desktop/fft/bfft_driver_interface_HW_library/Application/Project/TrueSTUDIO/STM32H745-Discovery/../../../../PlatformPackage/RTE -LC:/Users/maanm/Desktop/fft/bfft_driver_interface_HW_library/Application/Project/TrueSTUDIO/STM32H745-Discovery/../../../../PlatformPackage/RGB565 -Wl,-Map=EmbeddedWizard-STM32H745-Discovery.map -Wl,--gc-sections -Wl,--defsym=malloc_getpagesize_P=0x80 -Wl,--start-group -lc -lm -Wl,--end-group 
C:\Program Files (x86)\Atollic\TrueSTUDIO for STM32 9.3.0\ide\jre\bin\java -jar C:\Program Files (x86)\Atollic\TrueSTUDIO for STM32 9.3.0\Tools\arm-atollic-reports.jar convert-hex sizeinfo list EmbeddedWizard-STM32H745-Discovery.elf 
Generate build reports...
Converting build output to hex
Output sent to: EmbeddedWizard-STM32H745-Discovery.hex
Converting build output to hex done
Print size information
   text	   data	    bss	    dec	    hex	filename
1110746	   1364	  17476	1129586	 113c72	EmbeddedWizard-STM32H745-Discovery.elf
Print size information done
Generate listing file
Output sent to: EmbeddedWizard-STM32H745-Discovery.list
Generate listing file done
Generate build reports done
Info: Nothing to build for STM32H745-Discovery
Info: Nothing to build for STM32H745-Discovery
14:53:05 **** Rebuild of configuration BUILD for project STM32H745-Discovery ****
Info: Internal Builder is used for build
arm-atollic-eabi-gcc -c ..\..\..\..\GeneratedCode\Graphics.c -mthumb -mcpu=cortex-m7 -mfloat-abi=hard -mfpu=fpv5-sp-d16 -std=c11 -DEW_FRAME_BUFFER_COLOR_FORMAT=EW_FRAME_BUFFER_COLOR_FORMAT_RGB565 -DEW_SURFACE_ROTATION=0 -DEW_USE_FREE_RTOS=1 -DEW_USE_EXTERNAL_FLASH=1 -DEW_BITMAP_PIXEL_SECTION_NAME=.SectionEwResource -DEW_FONT_PIXEL_SECTION_NAME=.SectionEwResource -DCORE_CM7 -DUSE_HAL_DRIVER -DSTM32H745xx -DUSE_STM32H745I_DISCO -IC:/Users/maanm/Documents/Embedded Wizard Projects/bfft_driver_interface_HW_library/Application/Project/TrueSTUDIO/STM32H745-Discovery/../../../../Application/GeneratedCode -IC:/Users/maanm/Documents/Embedded Wizard Projects/bfft_driver_interface_HW_library/Application/Project/TrueSTUDIO/STM32H745-Discovery/../../../../Application/Source -IC:/Users/maanm/Documents/Embedded Wizard Projects/bfft_driver_interface_HW_library/Application/Project/TrueSTUDIO/STM32H745-Discovery/../../../../TargetSpecific -IC:/Users/maanm/Documents/Embedded Wizard Projects/bfft_driver_interface_HW_library/Application/Project/TrueSTUDIO/STM32H745-Discovery/../../../../TargetSpecific/Drivers -IC:/Users/maanm/Documents/Embedded Wizard Projects/bfft_driver_interface_HW_library/Application/Project/TrueSTUDIO/STM32H745-Discovery/../../../../ThirdParty/STM32Cube_FW_H7/Drivers/STM32H7xx_HAL_Driver/Inc -IC:/Users/maanm/Documents/Embedded Wizard Projects/bfft_driver_interface_HW_library/Application/Project/TrueSTUDIO/STM32H745-Discovery/../../../../ThirdParty/STM32Cube_FW_H7/Drivers/BSP/STM32H745I-DISCO -IC:/Users/maanm/Documents/Embedded Wizard Projects/bfft_driver_interface_HW_library/Application/Project/TrueSTUDIO/STM32H745-Discovery/../../../../ThirdParty/STM32Cube_FW_H7/Drivers/BSP/Components/Common -IC:/Users/maanm/Documents/Embedded Wizard Projects/bfft_driver_interface_HW_library/Application/Project/TrueSTUDIO/STM32H745-Discovery/../../../../ThirdParty/STM32Cube_FW_H7/Drivers/BSP/Components/mt25tl01g -IC:/Users/maanm/Documents/Embedded Wizard Projects/bfft_driver_interface_HW_library/Application/Project/TrueSTUDIO/STM32H745-Discovery/../../../../ThirdParty/STM32Cube_FW_H7/Drivers/BSP/Components/mt48lc4m32b2 -IC:/Users/maanm/Documents/Embedded Wizard Projects/bfft_driver_interface_HW_library/Application/Project/TrueSTUDIO/STM32H745-Discovery/../../../../ThirdParty/STM32Cube_FW_H7/Drivers/CMSIS/Include -IC:/Users/maanm/Documents/Embedded Wizard Projects/bfft_driver_interface_HW_library/Application/Project/TrueSTUDIO/STM32H745-Discovery/../../../../ThirdParty/STM32Cube_FW_H7/Drivers/CMSIS/Device/ST/STM32H7xx/Include -IC:/Users/maanm/Documents/Embedded Wizard Projects/bfft_driver_interface_HW_library/Application/Project/TrueSTUDIO/STM32H745-Discovery/../../../../ThirdParty/STM32Cube_FW_H7/Middlewares/Third_Party/FreeRTOS/Source/portable/GCC/ARM_CM7/r0p1 -IC:/Users/maanm/Documents/Embedded Wizard Projects/bfft_driver_interface_HW_library/Application/Project/TrueSTUDIO/STM32H745-Discovery/../../../../ThirdParty/STM32Cube_FW_H7/Middlewares/Third_Party/FreeRTOS/Source/include -IC:/Users/maanm/Documents/Embedded Wizard Projects/bfft_driver_interface_HW_library/Application/Project/TrueSTUDIO/STM32H745-Discovery/../../../../ThirdParty/STM32Cube_FW_H7/Middlewares/Third_Party/FreeRTOS/Source/CMSIS_RTOS -IC:/Users/maanm/Documents/Embedded Wizard Projects/bfft_driver_interface_HW_library/Application/Project/TrueSTUDIO/STM32H745-Discovery/../../../../PlatformPackage/RTE -IC:/Users/maanm/Documents/Embedded Wizard Projects/bfft_driver_interface_HW_library/Application/Project/TrueSTUDIO/STM32H745-Discovery/../../../../PlatformPackage/RGB565 -O2 -ffunction-sections -g3 -fstack-usage -Wall -fmessage-length=0 -o Application\GeneratedCode\Graphics.o 
arm-atollic-eabi-gcc -c ..\..\..\..\..\ThirdParty\STM32Cube_FW_H7\Drivers\STM32H7xx_HAL_Driver\Src\stm32h7xx_hal_rtc_ex.c -mthumb -mcpu=cortex-m7 -mfloat-abi=hard -mfpu=fpv5-sp-d16 -std=c11 -DEW_FRAME_BUFFER_COLOR_FORMAT=EW_FRAME_BUFFER_COLOR_FORMAT_RGB565 -DEW_SURFACE_ROTATION=0 -DEW_USE_FREE_RTOS=1 -DEW_USE_EXTERNAL_FLASH=1 -DEW_BITMAP_PIXEL_SECTION_NAME=.SectionEwResource -DEW_FONT_PIXEL_SECTION_NAME=.SectionEwResource -DCORE_CM7 -DUSE_HAL_DRIVER -DSTM32H745xx -DUSE_STM32H745I_DISCO -IC:/Users/maanm/Documents/Embedded Wizard Projects/bfft_driver_interface_HW_library/Application/Project/TrueSTUDIO/STM32H745-Discovery/../../../../Application/GeneratedCode -IC:/Users/maanm/Documents/Embedded Wizard Projects/bfft_driver_interface_HW_library/Application/Project/TrueSTUDIO/STM32H745-Discovery/../../../../Application/Source -IC:/Users/maanm/Documents/Embedded Wizard Projects/bfft_driver_interface_HW_library/Application/Project/TrueSTUDIO/STM32H745-Discovery/../../../../TargetSpecific -IC:/Users/maanm/Documents/Embedded Wizard Projects/bfft_driver_interface_HW_library/Application/Project/TrueSTUDIO/STM32H745-Discovery/../../../../TargetSpecific/Drivers -IC:/Users/maanm/Documents/Embedded Wizard Projects/bfft_driver_interface_HW_library/Application/Project/TrueSTUDIO/STM32H745-Discovery/../../../../ThirdParty/STM32Cube_FW_H7/Drivers/STM32H7xx_HAL_Driver/Inc -IC:/Users/maanm/Documents/Embedded Wizard Projects/bfft_driver_interface_HW_library/Application/Project/TrueSTUDIO/STM32H745-Discovery/../../../../ThirdParty/STM32Cube_FW_H7/Drivers/BSP/STM32H745I-DISCO -IC:/Users/maanm/Documents/Embedded Wizard Projects/bfft_driver_interface_HW_library/Application/Project/TrueSTUDIO/STM32H745-Discovery/../../../../ThirdParty/STM32Cube_FW_H7/Drivers/BSP/Components/Common -IC:/Users/maanm/Documents/Embedded Wizard Projects/bfft_driver_interface_HW_library/Application/Project/TrueSTUDIO/STM32H745-Discovery/../../../../ThirdParty/STM32Cube_FW_H7/Drivers/BSP/Components/mt25tl01g -IC:/Users/maanm/Documents/Embedded Wizard Projects/bfft_driver_interface_HW_library/Application/Project/TrueSTUDIO/STM32H745-Discovery/../../../../ThirdParty/STM32Cube_FW_H7/Drivers/BSP/Components/mt48lc4m32b2 -IC:/Users/maanm/Documents/Embedded Wizard Projects/bfft_driver_interface_HW_library/Application/Project/TrueSTUDIO/STM32H745-Discovery/../../../../ThirdParty/STM32Cube_FW_H7/Drivers/CMSIS/Include -IC:/Users/maanm/Documents/Embedded Wizard Projects/bfft_driver_interface_HW_library/Application/Project/TrueSTUDIO/STM32H745-Discovery/../../../../ThirdParty/STM32Cube_FW_H7/Drivers/CMSIS/Device/ST/STM32H7xx/Include -IC:/Users/maanm/Documents/Embedded Wizard Projects/bfft_driver_interface_HW_library/Application/Project/TrueSTUDIO/STM32H745-Discovery/../../../../ThirdParty/STM32Cube_FW_H7/Middlewares/Third_Party/FreeRTOS/Source/portable/GCC/ARM_CM7/r0p1 -IC:/Users/maanm/Documents/Embedded Wizard Projects/bfft_driver_interface_HW_library/Application/Project/TrueSTUDIO/STM32H745-Discovery/../../../../ThirdParty/STM32Cube_FW_H7/Middlewares/Third_Party/FreeRTOS/Source/include -IC:/Users/maanm/Documents/Embedded Wizard Projects/bfft_driver_interface_HW_library/Application/Project/TrueSTUDIO/STM32H745-Discovery/../../../../ThirdParty/STM32Cube_FW_H7/Middlewares/Third_Party/FreeRTOS/Source/CMSIS_RTOS -IC:/Users/maanm/Documents/Embedded Wizard Projects/bfft_driver_interface_HW_library/Application/Project/TrueSTUDIO/STM32H745-Discovery/../../../../PlatformPackage/RTE -IC:/Users/maanm/Documents/Embedded Wizard Projects/bfft_driver_interface_HW_library/Application/Project/TrueSTUDIO/STM32H745-Discovery/../../../../PlatformPackage/RGB565 -O2 -ffunction-sections -g3 -fstack-usage -Wall -fmessage-length=0 -o ThirdParty\STM32Cube_FW_H7\Drivers\STM32H7xx_HAL_Driver\stm32h7xx_hal_rtc_ex.o 
arm-atollic-eabi-gcc -c ..\..\..\..\..\ThirdParty\STM32Cube_FW_H7\MiddleWares\Third_Party\FreeRTOS\Source\timers.c -mthumb -mcpu=cortex-m7 -mfloat-abi=hard -mfpu=fpv5-sp-d16 -std=c11 -DEW_FRAME_BUFFER_COLOR_FORMAT=EW_FRAME_BUFFER_COLOR_FORMAT_RGB565 -DEW_SURFACE_ROTATION=0 -DEW_USE_FREE_RTOS=1 -DEW_USE_EXTERNAL_FLASH=1 -DEW_BITMAP_PIXEL_SECTION_NAME=.SectionEwResource -DEW_FONT_PIXEL_SECTION_NAME=.SectionEwResource -DCORE_CM7 -DUSE_HAL_DRIVER -DSTM32H745xx -DUSE_STM32H745I_DISCO -IC:/Users/maanm/Documents/Embedded Wizard Projects/bfft_driver_interface_HW_library/Application/Project/TrueSTUDIO/STM32H745-Discovery/../../../../Application/GeneratedCode -IC:/Users/maanm/Documents/Embedded Wizard Projects/bfft_driver_interface_HW_library/Application/Project/TrueSTUDIO/STM32H745-Discovery/../../../../Application/Source -IC:/Users/maanm/Documents/Embedded Wizard Projects/bfft_driver_interface_HW_library/Application/Project/TrueSTUDIO/STM32H745-Discovery/../../../../TargetSpecific -IC:/Users/maanm/Documents/Embedded Wizard Projects/bfft_driver_interface_HW_library/Application/Project/TrueSTUDIO/STM32H745-Discovery/../../../../TargetSpecific/Drivers -IC:/Users/maanm/Documents/Embedded Wizard Projects/bfft_driver_interface_HW_library/Application/Project/TrueSTUDIO/STM32H745-Discovery/../../../../ThirdParty/STM32Cube_FW_H7/Drivers/STM32H7xx_HAL_Driver/Inc -IC:/Users/maanm/Documents/Embedded Wizard Projects/bfft_driver_interface_HW_library/Application/Project/TrueSTUDIO/STM32H745-Discovery/../../../../ThirdParty/STM32Cube_FW_H7/Drivers/BSP/STM32H745I-DISCO -IC:/Users/maanm/Documents/Embedded Wizard Projects/bfft_driver_interface_HW_library/Application/Project/TrueSTUDIO/STM32H745-Discovery/../../../../ThirdParty/STM32Cube_FW_H7/Drivers/BSP/Components/Common -IC:/Users/maanm/Documents/Embedded Wizard Projects/bfft_driver_interface_HW_library/Application/Project/TrueSTUDIO/STM32H745-Discovery/../../../../ThirdParty/STM32Cube_FW_H7/Drivers/BSP/Components/mt25tl01g -IC:/Users/maanm/Documents/Embedded Wizard Projects/bfft_driver_interface_HW_library/Application/Project/TrueSTUDIO/STM32H745-Discovery/../../../../ThirdParty/STM32Cube_FW_H7/Drivers/BSP/Components/mt48lc4m32b2 -IC:/Users/maanm/Documents/Embedded Wizard Projects/bfft_driver_interface_HW_library/Application/Project/TrueSTUDIO/STM32H745-Discovery/../../../../ThirdParty/STM32Cube_FW_H7/Drivers/CMSIS/Include -IC:/Users/maanm/Documents/Embedded Wizard Projects/bfft_driver_interface_HW_library/Application/Project/TrueSTUDIO/STM32H745-Discovery/../../../../ThirdParty/STM32Cube_FW_H7/Drivers/CMSIS/Device/ST/STM32H7xx/Include -IC:/Users/maanm/Documents/Embedded Wizard Projects/bfft_driver_interface_HW_library/Application/Project/TrueSTUDIO/STM32H745-Discovery/../../../../ThirdParty/STM32Cube_FW_H7/Middlewares/Third_Party/FreeRTOS/Source/portable/GCC/ARM_CM7/r0p1 -IC:/Users/maanm/Documents/Embedded Wizard Projects/bfft_driver_interface_HW_library/Application/Project/TrueSTUDIO/STM32H745-Discovery/../../../../ThirdParty/STM32Cube_FW_H7/Middlewares/Third_Party/FreeRTOS/Source/include -IC:/Users/maanm/Documents/Embedded Wizard Projects/bfft_driver_interface_HW_library/Application/Project/TrueSTUDIO/STM32H745-Discovery/../../../../ThirdParty/STM32Cube_FW_H7/Middlewares/Third_Party/FreeRTOS/Source/CMSIS_RTOS -IC:/Users/maanm/Documents/Embedded Wizard Projects/bfft_driver_interface_HW_library/Application/Project/TrueSTUDIO/STM32H745-Discovery/../../../../PlatformPackage/RTE -IC:/Users/maanm/Documents/Embedded Wizard Projects/bfft_driver_interface_HW_library/Application/Project/TrueSTUDIO/STM32H745-Discovery/../../../../PlatformPackage/RGB565 -O1 -ffunction-sections -g3 -fstack-usage -Wall -fmessage-length=0 -o ThirdParty\STM32Cube_FW_H7\Middlewares\Third_Party\FreeRTOS\Source\timers.o 
arm-atollic-eabi-gcc -c ..\..\..\..\..\TargetSpecific\Drivers\ft5336.c -mthumb -mcpu=cortex-m7 -mfloat-abi=hard -mfpu=fpv5-sp-d16 -std=c11 -DEW_FRAME_BUFFER_COLOR_FORMAT=EW_FRAME_BUFFER_COLOR_FORMAT_RGB565 -DEW_SURFACE_ROTATION=0 -DEW_USE_FREE_RTOS=1 -DEW_USE_EXTERNAL_FLASH=1 -DEW_BITMAP_PIXEL_SECTION_NAME=.SectionEwResource -DEW_FONT_PIXEL_SECTION_NAME=.SectionEwResource -DCORE_CM7 -DUSE_HAL_DRIVER -DSTM32H745xx -DUSE_STM32H745I_DISCO -IC:/Users/maanm/Documents/Embedded Wizard Projects/bfft_driver_interface_HW_library/Application/Project/TrueSTUDIO/STM32H745-Discovery/../../../../Application/GeneratedCode -IC:/Users/maanm/Documents/Embedded Wizard Projects/bfft_driver_interface_HW_library/Application/Project/TrueSTUDIO/STM32H745-Discovery/../../../../Application/Source -IC:/Users/maanm/Documents/Embedded Wizard Projects/bfft_driver_interface_HW_library/Application/Project/TrueSTUDIO/STM32H745-Discovery/../../../../TargetSpecific -IC:/Users/maanm/Documents/Embedded Wizard Projects/bfft_driver_interface_HW_library/Application/Project/TrueSTUDIO/STM32H745-Discovery/../../../../TargetSpecific/Drivers -IC:/Users/maanm/Documents/Embedded Wizard Projects/bfft_driver_interface_HW_library/Application/Project/TrueSTUDIO/STM32H745-Discovery/../../../../ThirdParty/STM32Cube_FW_H7/Drivers/STM32H7xx_HAL_Driver/Inc -IC:/Users/maanm/Documents/Embedded Wizard Projects/bfft_driver_interface_HW_library/Application/Project/TrueSTUDIO/STM32H745-Discovery/../../../../ThirdParty/STM32Cube_FW_H7/Drivers/BSP/STM32H745I-DISCO -IC:/Users/maanm/Documents/Embedded Wizard Projects/bfft_driver_interface_HW_library/Application/Project/TrueSTUDIO/STM32H745-Discovery/../../../../ThirdParty/STM32Cube_FW_H7/Drivers/BSP/Components/Common -IC:/Users/maanm/Documents/Embedded Wizard Projects/bfft_driver_interface_HW_library/Application/Project/TrueSTUDIO/STM32H745-Discovery/../../../../ThirdParty/STM32Cube_FW_H7/Drivers/BSP/Components/mt25tl01g -IC:/Users/maanm/Documents/Embedded Wizard Projects/bfft_driver_interface_HW_library/Application/Project/TrueSTUDIO/STM32H745-Discovery/../../../../ThirdParty/STM32Cube_FW_H7/Drivers/BSP/Components/mt48lc4m32b2 -IC:/Users/maanm/Documents/Embedded Wizard Projects/bfft_driver_interface_HW_library/Application/Project/TrueSTUDIO/STM32H745-Discovery/../../../../ThirdParty/STM32Cube_FW_H7/Drivers/CMSIS/Include -IC:/Users/maanm/Documents/Embedded Wizard Projects/bfft_driver_interface_HW_library/Application/Project/TrueSTUDIO/STM32H745-Discovery/../../../../ThirdParty/STM32Cube_FW_H7/Drivers/CMSIS/Device/ST/STM32H7xx/Include -IC:/Users/maanm/Documents/Embedded Wizard Projects/bfft_driver_interface_HW_library/Application/Project/TrueSTUDIO/STM32H745-Discovery/../../../../ThirdParty/STM32Cube_FW_H7/Middlewares/Third_Party/FreeRTOS/Source/portable/GCC/ARM_CM7/r0p1 -IC:/Users/maanm/Documents/Embedded Wizard Projects/bfft_driver_interface_HW_library/Application/Project/TrueSTUDIO/STM32H745-Discovery/../../../../ThirdParty/STM32Cube_FW_H7/Middlewares/Third_Party/FreeRTOS/Source/include -IC:/Users/maanm/Documents/Embedded Wizard Projects/bfft_driver_interface_HW_library/Application/Project/TrueSTUDIO/STM32H745-Discovery/../../../../ThirdParty/STM32Cube_FW_H7/Middlewares/Third_Party/FreeRTOS/Source/CMSIS_RTOS -IC:/Users/maanm/Documents/Embedded Wizard Projects/bfft_driver_interface_HW_library/Application/Project/TrueSTUDIO/STM32H745-Discovery/../../../../PlatformPackage/RTE -IC:/Users/maanm/Documents/Embedded Wizard Projects/bfft_driver_interface_HW_library/Application/Project/TrueSTUDIO/STM32H745-Discovery/../../../../PlatformPackage/RGB565 -O2 -ffunction-sections -g3 -fstack-usage -Wall -fmessage-length=0 -o TargetSpecific\Drivers\ft5336.o 
arm-atollic-eabi-gcc -c ..\..\..\..\..\ThirdParty\STM32Cube_FW_H7\Drivers\STM32H7xx_HAL_Driver\Src\stm32h7xx_hal_gpio.c -mthumb -mcpu=cortex-m7 -mfloat-abi=hard -mfpu=fpv5-sp-d16 -std=c11 -DEW_FRAME_BUFFER_COLOR_FORMAT=EW_FRAME_BUFFER_COLOR_FORMAT_RGB565 -DEW_SURFACE_ROTATION=0 -DEW_USE_FREE_RTOS=1 -DEW_USE_EXTERNAL_FLASH=1 -DEW_BITMAP_PIXEL_SECTION_NAME=.SectionEwResource -DEW_FONT_PIXEL_SECTION_NAME=.SectionEwResource -DCORE_CM7 -DUSE_HAL_DRIVER -DSTM32H745xx -DUSE_STM32H745I_DISCO -IC:/Users/maanm/Documents/Embedded Wizard Projects/bfft_driver_interface_HW_library/Application/Project/TrueSTUDIO/STM32H745-Discovery/../../../../Application/GeneratedCode -IC:/Users/maanm/Documents/Embedded Wizard Projects/bfft_driver_interface_HW_library/Application/Project/TrueSTUDIO/STM32H745-Discovery/../../../../Application/Source -IC:/Users/maanm/Documents/Embedded Wizard Projects/bfft_driver_interface_HW_library/Application/Project/TrueSTUDIO/STM32H745-Discovery/../../../../TargetSpecific -IC:/Users/maanm/Documents/Embedded Wizard Projects/bfft_driver_interface_HW_library/Application/Project/TrueSTUDIO/STM32H745-Discovery/../../../../TargetSpecific/Drivers -IC:/Users/maanm/Documents/Embedded Wizard Projects/bfft_driver_interface_HW_library/Application/Project/TrueSTUDIO/STM32H745-Discovery/../../../../ThirdParty/STM32Cube_FW_H7/Drivers/STM32H7xx_HAL_Driver/Inc -IC:/Users/maanm/Documents/Embedded Wizard Projects/bfft_driver_interface_HW_library/Application/Project/TrueSTUDIO/STM32H745-Discovery/../../../../ThirdParty/STM32Cube_FW_H7/Drivers/BSP/STM32H745I-DISCO -IC:/Users/maanm/Documents/Embedded Wizard Projects/bfft_driver_interface_HW_library/Application/Project/TrueSTUDIO/STM32H745-Discovery/../../../../ThirdParty/STM32Cube_FW_H7/Drivers/BSP/Components/Common -IC:/Users/maanm/Documents/Embedded Wizard Projects/bfft_driver_interface_HW_library/Application/Project/TrueSTUDIO/STM32H745-Discovery/../../../../ThirdParty/STM32Cube_FW_H7/Drivers/BSP/Components/mt25tl01g -IC:/Users/maanm/Documents/Embedded Wizard Projects/bfft_driver_interface_HW_library/Application/Project/TrueSTUDIO/STM32H745-Discovery/../../../../ThirdParty/STM32Cube_FW_H7/Drivers/BSP/Components/mt48lc4m32b2 -IC:/Users/maanm/Documents/Embedded Wizard Projects/bfft_driver_interface_HW_library/Application/Project/TrueSTUDIO/STM32H745-Discovery/../../../../ThirdParty/STM32Cube_FW_H7/Drivers/CMSIS/Include -IC:/Users/maanm/Documents/Embedded Wizard Projects/bfft_driver_interface_HW_library/Application/Project/TrueSTUDIO/STM32H745-Discovery/../../../../ThirdParty/STM32Cube_FW_H7/Drivers/CMSIS/Device/ST/STM32H7xx/Include -IC:/Users/maanm/Documents/Embedded Wizard Projects/bfft_driver_interface_HW_library/Application/Project/TrueSTUDIO/STM32H745-Discovery/../../../../ThirdParty/STM32Cube_FW_H7/Middlewares/Third_Party/FreeRTOS/Source/portable/GCC/ARM_CM7/r0p1 -IC:/Users/maanm/Documents/Embedded Wizard Projects/bfft_driver_interface_HW_library/Application/Project/TrueSTUDIO/STM32H745-Discovery/../../../../ThirdParty/STM32Cube_FW_H7/Middlewares/Third_Party/FreeRTOS/Source/include -IC:/Users/maanm/Documents/Embedded Wizard Projects/bfft_driver_interface_HW_library/Application/Project/TrueSTUDIO/STM32H745-Discovery/../../../../ThirdParty/STM32Cube_FW_H7/Middlewares/Third_Party/FreeRTOS/Source/CMSIS_RTOS -IC:/Users/maanm/Documents/Embedded Wizard Projects/bfft_driver_interface_HW_library/Application/Project/TrueSTUDIO/STM32H745-Discovery/../../../../PlatformPackage/RTE -IC:/Users/maanm/Documents/Embedded Wizard Projects/bfft_driver_interface_HW_library/Application/Project/TrueSTUDIO/STM32H745-Discovery/../../../../PlatformPackage/RGB565 -O2 -ffunction-sections -g3 -fstack-usage -Wall -fmessage-length=0 -o ThirdParty\STM32Cube_FW_H7\Drivers\STM32H7xx_HAL_Driver\stm32h7xx_hal_gpio.o 
arm-atollic-eabi-gcc -c ..\..\..\..\Source\BFFT_CAN.c -mthumb -mcpu=cortex-m7 -mfloat-abi=hard -mfpu=fpv5-sp-d16 -std=c11 -DEW_FRAME_BUFFER_COLOR_FORMAT=EW_FRAME_BUFFER_COLOR_FORMAT_RGB565 -DEW_SURFACE_ROTATION=0 -DEW_USE_FREE_RTOS=1 -DEW_USE_EXTERNAL_FLASH=1 -DEW_BITMAP_PIXEL_SECTION_NAME=.SectionEwResource -DEW_FONT_PIXEL_SECTION_NAME=.SectionEwResource -DCORE_CM7 -DUSE_HAL_DRIVER -DSTM32H745xx -DUSE_STM32H745I_DISCO -IC:/Users/maanm/Documents/Embedded Wizard Projects/bfft_driver_interface_HW_library/Application/Project/TrueSTUDIO/STM32H745-Discovery/../../../../Application/GeneratedCode -IC:/Users/maanm/Documents/Embedded Wizard Projects/bfft_driver_interface_HW_library/Application/Project/TrueSTUDIO/STM32H745-Discovery/../../../../Application/Source -IC:/Users/maanm/Documents/Embedded Wizard Projects/bfft_driver_interface_HW_library/Application/Project/TrueSTUDIO/STM32H745-Discovery/../../../../TargetSpecific -IC:/Users/maanm/Documents/Embedded Wizard Projects/bfft_driver_interface_HW_library/Application/Project/TrueSTUDIO/STM32H745-Discovery/../../../../TargetSpecific/Drivers -IC:/Users/maanm/Documents/Embedded Wizard Projects/bfft_driver_interface_HW_library/Application/Project/TrueSTUDIO/STM32H745-Discovery/../../../../ThirdParty/STM32Cube_FW_H7/Drivers/STM32H7xx_HAL_Driver/Inc -IC:/Users/maanm/Documents/Embedded Wizard Projects/bfft_driver_interface_HW_library/Application/Project/TrueSTUDIO/STM32H745-Discovery/../../../../ThirdParty/STM32Cube_FW_H7/Drivers/BSP/STM32H745I-DISCO -IC:/Users/maanm/Documents/Embedded Wizard Projects/bfft_driver_interface_HW_library/Application/Project/TrueSTUDIO/STM32H745-Discovery/../../../../ThirdParty/STM32Cube_FW_H7/Drivers/BSP/Components/Common -IC:/Users/maanm/Documents/Embedded Wizard Projects/bfft_driver_interface_HW_library/Application/Project/TrueSTUDIO/STM32H745-Discovery/../../../../ThirdParty/STM32Cube_FW_H7/Drivers/BSP/Components/mt25tl01g -IC:/Users/maanm/Documents/Embedded Wizard Projects/bfft_driver_interface_HW_library/Application/Project/TrueSTUDIO/STM32H745-Discovery/../../../../ThirdParty/STM32Cube_FW_H7/Drivers/BSP/Components/mt48lc4m32b2 -IC:/Users/maanm/Documents/Embedded Wizard Projects/bfft_driver_interface_HW_library/Application/Project/TrueSTUDIO/STM32H745-Discovery/../../../../ThirdParty/STM32Cube_FW_H7/Drivers/CMSIS/Include -IC:/Users/maanm/Documents/Embedded Wizard Projects/bfft_driver_interface_HW_library/Application/Project/TrueSTUDIO/STM32H745-Discovery/../../../../ThirdParty/STM32Cube_FW_H7/Drivers/CMSIS/Device/ST/STM32H7xx/Include -IC:/Users/maanm/Documents/Embedded Wizard Projects/bfft_driver_interface_HW_library/Application/Project/TrueSTUDIO/STM32H745-Discovery/../../../../ThirdParty/STM32Cube_FW_H7/Middlewares/Third_Party/FreeRTOS/Source/portable/GCC/ARM_CM7/r0p1 -IC:/Users/maanm/Documents/Embedded Wizard Projects/bfft_driver_interface_HW_library/Application/Project/TrueSTUDIO/STM32H745-Discovery/../../../../ThirdParty/STM32Cube_FW_H7/Middlewares/Third_Party/FreeRTOS/Source/include -IC:/Users/maanm/Documents/Embedded Wizard Projects/bfft_driver_interface_HW_library/Application/Project/TrueSTUDIO/STM32H745-Discovery/../../../../ThirdParty/STM32Cube_FW_H7/Middlewares/Third_Party/FreeRTOS/Source/CMSIS_RTOS -IC:/Users/maanm/Documents/Embedded Wizard Projects/bfft_driver_interface_HW_library/Application/Project/TrueSTUDIO/STM32H745-Discovery/../../../../PlatformPackage/RTE -IC:/Users/maanm/Documents/Embedded Wizard Projects/bfft_driver_interface_HW_library/Application/Project/TrueSTUDIO/STM32H745-Discovery/../../../../PlatformPackage/RGB565 -O2 -ffunction-sections -g3 -fstack-usage -Wall -fmessage-length=0 -o Application\Source\BFFT_CAN.o 
arm-atollic-eabi-gcc -c ..\..\..\..\GeneratedCode\Effects.c -mthumb -mcpu=cortex-m7 -mfloat-abi=hard -mfpu=fpv5-sp-d16 -std=c11 -DEW_FRAME_BUFFER_COLOR_FORMAT=EW_FRAME_BUFFER_COLOR_FORMAT_RGB565 -DEW_SURFACE_ROTATION=0 -DEW_USE_FREE_RTOS=1 -DEW_USE_EXTERNAL_FLASH=1 -DEW_BITMAP_PIXEL_SECTION_NAME=.SectionEwResource -DEW_FONT_PIXEL_SECTION_NAME=.SectionEwResource -DCORE_CM7 -DUSE_HAL_DRIVER -DSTM32H745xx -DUSE_STM32H745I_DISCO -IC:/Users/maanm/Documents/Embedded Wizard Projects/bfft_driver_interface_HW_library/Application/Project/TrueSTUDIO/STM32H745-Discovery/../../../../Application/GeneratedCode -IC:/Users/maanm/Documents/Embedded Wizard Projects/bfft_driver_interface_HW_library/Application/Project/TrueSTUDIO/STM32H745-Discovery/../../../../Application/Source -IC:/Users/maanm/Documents/Embedded Wizard Projects/bfft_driver_interface_HW_library/Application/Project/TrueSTUDIO/STM32H745-Discovery/../../../../TargetSpecific -IC:/Users/maanm/Documents/Embedded Wizard Projects/bfft_driver_interface_HW_library/Application/Project/TrueSTUDIO/STM32H745-Discovery/../../../../TargetSpecific/Drivers -IC:/Users/maanm/Documents/Embedded Wizard Projects/bfft_driver_interface_HW_library/Application/Project/TrueSTUDIO/STM32H745-Discovery/../../../../ThirdParty/STM32Cube_FW_H7/Drivers/STM32H7xx_HAL_Driver/Inc -IC:/Users/maanm/Documents/Embedded Wizard Projects/bfft_driver_interface_HW_library/Application/Project/TrueSTUDIO/STM32H745-Discovery/../../../../ThirdParty/STM32Cube_FW_H7/Drivers/BSP/STM32H745I-DISCO -IC:/Users/maanm/Documents/Embedded Wizard Projects/bfft_driver_interface_HW_library/Application/Project/TrueSTUDIO/STM32H745-Discovery/../../../../ThirdParty/STM32Cube_FW_H7/Drivers/BSP/Components/Common -IC:/Users/maanm/Documents/Embedded Wizard Projects/bfft_driver_interface_HW_library/Application/Project/TrueSTUDIO/STM32H745-Discovery/../../../../ThirdParty/STM32Cube_FW_H7/Drivers/BSP/Components/mt25tl01g -IC:/Users/maanm/Documents/Embedded Wizard Projects/bfft_driver_interface_HW_library/Application/Project/TrueSTUDIO/STM32H745-Discovery/../../../../ThirdParty/STM32Cube_FW_H7/Drivers/BSP/Components/mt48lc4m32b2 -IC:/Users/maanm/Documents/Embedded Wizard Projects/bfft_driver_interface_HW_library/Application/Project/TrueSTUDIO/STM32H745-Discovery/../../../../ThirdParty/STM32Cube_FW_H7/Drivers/CMSIS/Include -IC:/Users/maanm/Documents/Embedded Wizard Projects/bfft_driver_interface_HW_library/Application/Project/TrueSTUDIO/STM32H745-Discovery/../../../../ThirdParty/STM32Cube_FW_H7/Drivers/CMSIS/Device/ST/STM32H7xx/Include -IC:/Users/maanm/Documents/Embedded Wizard Projects/bfft_driver_interface_HW_library/Application/Project/TrueSTUDIO/STM32H745-Discovery/../../../../ThirdParty/STM32Cube_FW_H7/Middlewares/Third_Party/FreeRTOS/Source/portable/GCC/ARM_CM7/r0p1 -IC:/Users/maanm/Documents/Embedded Wizard Projects/bfft_driver_interface_HW_library/Application/Project/TrueSTUDIO/STM32H745-Discovery/../../../../ThirdParty/STM32Cube_FW_H7/Middlewares/Third_Party/FreeRTOS/Source/include -IC:/Users/maanm/Documents/Embedded Wizard Projects/bfft_driver_interface_HW_library/Application/Project/TrueSTUDIO/STM32H745-Discovery/../../../../ThirdParty/STM32Cube_FW_H7/Middlewares/Third_Party/FreeRTOS/Source/CMSIS_RTOS -IC:/Users/maanm/Documents/Embedded Wizard Projects/bfft_driver_interface_HW_library/Application/Project/TrueSTUDIO/STM32H745-Discovery/../../../../PlatformPackage/RTE -IC:/Users/maanm/Documents/Embedded Wizard Projects/bfft_driver_interface_HW_library/Application/Project/TrueSTUDIO/STM32H745-Discovery/../../../../PlatformPackage/RGB565 -O2 -ffunction-sections -g3 -fstack-usage -Wall -fmessage-length=0 -o Application\GeneratedCode\Effects.o 
arm-atollic-eabi-gcc -c ..\..\..\..\Source\ewmain.c -mthumb -mcpu=cortex-m7 -mfloat-abi=hard -mfpu=fpv5-sp-d16 -std=c11 -DEW_FRAME_BUFFER_COLOR_FORMAT=EW_FRAME_BUFFER_COLOR_FORMAT_RGB565 -DEW_SURFACE_ROTATION=0 -DEW_USE_FREE_RTOS=1 -DEW_USE_EXTERNAL_FLASH=1 -DEW_BITMAP_PIXEL_SECTION_NAME=.SectionEwResource -DEW_FONT_PIXEL_SECTION_NAME=.SectionEwResource -DCORE_CM7 -DUSE_HAL_DRIVER -DSTM32H745xx -DUSE_STM32H745I_DISCO -IC:/Users/maanm/Documents/Embedded Wizard Projects/bfft_driver_interface_HW_library/Application/Project/TrueSTUDIO/STM32H745-Discovery/../../../../Application/GeneratedCode -IC:/Users/maanm/Documents/Embedded Wizard Projects/bfft_driver_interface_HW_library/Application/Project/TrueSTUDIO/STM32H745-Discovery/../../../../Application/Source -IC:/Users/maanm/Documents/Embedded Wizard Projects/bfft_driver_interface_HW_library/Application/Project/TrueSTUDIO/STM32H745-Discovery/../../../../TargetSpecific -IC:/Users/maanm/Documents/Embedded Wizard Projects/bfft_driver_interface_HW_library/Application/Project/TrueSTUDIO/STM32H745-Discovery/../../../../TargetSpecific/Drivers -IC:/Users/maanm/Documents/Embedded Wizard Projects/bfft_driver_interface_HW_library/Application/Project/TrueSTUDIO/STM32H745-Discovery/../../../../ThirdParty/STM32Cube_FW_H7/Drivers/STM32H7xx_HAL_Driver/Inc -IC:/Users/maanm/Documents/Embedded Wizard Projects/bfft_driver_interface_HW_library/Application/Project/TrueSTUDIO/STM32H745-Discovery/../../../../ThirdParty/STM32Cube_FW_H7/Drivers/BSP/STM32H745I-DISCO -IC:/Users/maanm/Documents/Embedded Wizard Projects/bfft_driver_interface_HW_library/Application/Project/TrueSTUDIO/STM32H745-Discovery/../../../../ThirdParty/STM32Cube_FW_H7/Drivers/BSP/Components/Common -IC:/Users/maanm/Documents/Embedded Wizard Projects/bfft_driver_interface_HW_library/Application/Project/TrueSTUDIO/STM32H745-Discovery/../../../../ThirdParty/STM32Cube_FW_H7/Drivers/BSP/Components/mt25tl01g -IC:/Users/maanm/Documents/Embedded Wizard Projects/bfft_driver_interface_HW_library/Application/Project/TrueSTUDIO/STM32H745-Discovery/../../../../ThirdParty/STM32Cube_FW_H7/Drivers/BSP/Components/mt48lc4m32b2 -IC:/Users/maanm/Documents/Embedded Wizard Projects/bfft_driver_interface_HW_library/Application/Project/TrueSTUDIO/STM32H745-Discovery/../../../../ThirdParty/STM32Cube_FW_H7/Drivers/CMSIS/Include -IC:/Users/maanm/Documents/Embedded Wizard Projects/bfft_driver_interface_HW_library/Application/Project/TrueSTUDIO/STM32H745-Discovery/../../../../ThirdParty/STM32Cube_FW_H7/Drivers/CMSIS/Device/ST/STM32H7xx/Include -IC:/Users/maanm/Documents/Embedded Wizard Projects/bfft_driver_interface_HW_library/Application/Project/TrueSTUDIO/STM32H745-Discovery/../../../../ThirdParty/STM32Cube_FW_H7/Middlewares/Third_Party/FreeRTOS/Source/portable/GCC/ARM_CM7/r0p1 -IC:/Users/maanm/Documents/Embedded Wizard Projects/bfft_driver_interface_HW_library/Application/Project/TrueSTUDIO/STM32H745-Discovery/../../../../ThirdParty/STM32Cube_FW_H7/Middlewares/Third_Party/FreeRTOS/Source/include -IC:/Users/maanm/Documents/Embedded Wizard Projects/bfft_driver_interface_HW_library/Application/Project/TrueSTUDIO/STM32H745-Discovery/../../../../ThirdParty/STM32Cube_FW_H7/Middlewares/Third_Party/FreeRTOS/Source/CMSIS_RTOS -IC:/Users/maanm/Documents/Embedded Wizard Projects/bfft_driver_interface_HW_library/Application/Project/TrueSTUDIO/STM32H745-Discovery/../../../../PlatformPackage/RTE -IC:/Users/maanm/Documents/Embedded Wizard Projects/bfft_driver_interface_HW_library/Application/Project/TrueSTUDIO/STM32H745-Discovery/../../../../PlatformPackage/RGB565 -O2 -ffunction-sections -g3 -fstack-usage -Wall -fmessage-length=0 -o Application\Source\ewmain.o 
arm-atollic-eabi-gcc -c ..\..\..\..\GeneratedCode\Batterie.c -mthumb -mcpu=cortex-m7 -mfloat-abi=hard -mfpu=fpv5-sp-d16 -std=c11 -DEW_FRAME_BUFFER_COLOR_FORMAT=EW_FRAME_BUFFER_COLOR_FORMAT_RGB565 -DEW_SURFACE_ROTATION=0 -DEW_USE_FREE_RTOS=1 -DEW_USE_EXTERNAL_FLASH=1 -DEW_BITMAP_PIXEL_SECTION_NAME=.SectionEwResource -DEW_FONT_PIXEL_SECTION_NAME=.SectionEwResource -DCORE_CM7 -DUSE_HAL_DRIVER -DSTM32H745xx -DUSE_STM32H745I_DISCO -IC:/Users/maanm/Documents/Embedded Wizard Projects/bfft_driver_interface_HW_library/Application/Project/TrueSTUDIO/STM32H745-Discovery/../../../../Application/GeneratedCode -IC:/Users/maanm/Documents/Embedded Wizard Projects/bfft_driver_interface_HW_library/Application/Project/TrueSTUDIO/STM32H745-Discovery/../../../../Application/Source -IC:/Users/maanm/Documents/Embedded Wizard Projects/bfft_driver_interface_HW_library/Application/Project/TrueSTUDIO/STM32H745-Discovery/../../../../TargetSpecific -IC:/Users/maanm/Documents/Embedded Wizard Projects/bfft_driver_interface_HW_library/Application/Project/TrueSTUDIO/STM32H745-Discovery/../../../../TargetSpecific/Drivers -IC:/Users/maanm/Documents/Embedded Wizard Projects/bfft_driver_interface_HW_library/Application/Project/TrueSTUDIO/STM32H745-Discovery/../../../../ThirdParty/STM32Cube_FW_H7/Drivers/STM32H7xx_HAL_Driver/Inc -IC:/Users/maanm/Documents/Embedded Wizard Projects/bfft_driver_interface_HW_library/Application/Project/TrueSTUDIO/STM32H745-Discovery/../../../../ThirdParty/STM32Cube_FW_H7/Drivers/BSP/STM32H745I-DISCO -IC:/Users/maanm/Documents/Embedded Wizard Projects/bfft_driver_interface_HW_library/Application/Project/TrueSTUDIO/STM32H745-Discovery/../../../../ThirdParty/STM32Cube_FW_H7/Drivers/BSP/Components/Common -IC:/Users/maanm/Documents/Embedded Wizard Projects/bfft_driver_interface_HW_library/Application/Project/TrueSTUDIO/STM32H745-Discovery/../../../../ThirdParty/STM32Cube_FW_H7/Drivers/BSP/Components/mt25tl01g -IC:/Users/maanm/Documents/Embedded Wizard Projects/bfft_driver_interface_HW_library/Application/Project/TrueSTUDIO/STM32H745-Discovery/../../../../ThirdParty/STM32Cube_FW_H7/Drivers/BSP/Components/mt48lc4m32b2 -IC:/Users/maanm/Documents/Embedded Wizard Projects/bfft_driver_interface_HW_library/Application/Project/TrueSTUDIO/STM32H745-Discovery/../../../../ThirdParty/STM32Cube_FW_H7/Drivers/CMSIS/Include -IC:/Users/maanm/Documents/Embedded Wizard Projects/bfft_driver_interface_HW_library/Application/Project/TrueSTUDIO/STM32H745-Discovery/../../../../ThirdParty/STM32Cube_FW_H7/Drivers/CMSIS/Device/ST/STM32H7xx/Include -IC:/Users/maanm/Documents/Embedded Wizard Projects/bfft_driver_interface_HW_library/Application/Project/TrueSTUDIO/STM32H745-Discovery/../../../../ThirdParty/STM32Cube_FW_H7/Middlewares/Third_Party/FreeRTOS/Source/portable/GCC/ARM_CM7/r0p1 -IC:/Users/maanm/Documents/Embedded Wizard Projects/bfft_driver_interface_HW_library/Application/Project/TrueSTUDIO/STM32H745-Discovery/../../../../ThirdParty/STM32Cube_FW_H7/Middlewares/Third_Party/FreeRTOS/Source/include -IC:/Users/maanm/Documents/Embedded Wizard Projects/bfft_driver_interface_HW_library/Application/Project/TrueSTUDIO/STM32H745-Discovery/../../../../ThirdParty/STM32Cube_FW_H7/Middlewares/Third_Party/FreeRTOS/Source/CMSIS_RTOS -IC:/Users/maanm/Documents/Embedded Wizard Projects/bfft_driver_interface_HW_library/Application/Project/TrueSTUDIO/STM32H745-Discovery/../../../../PlatformPackage/RTE -IC:/Users/maanm/Documents/Embedded Wizard Projects/bfft_driver_interface_HW_library/Application/Project/TrueSTUDIO/STM32H745-Discovery/../../../../PlatformPackage/RGB565 -O2 -ffunction-sections -g3 -fstack-usage -Wall -fmessage-length=0 -o Application\GeneratedCode\Batterie.o 
arm-atollic-eabi-gcc -c ..\..\..\..\..\ThirdParty\STM32Cube_FW_H7\Drivers\STM32H7xx_HAL_Driver\Src\stm32h7xx_hal.c -mthumb -mcpu=cortex-m7 -mfloat-abi=hard -mfpu=fpv5-sp-d16 -std=c11 -DEW_FRAME_BUFFER_COLOR_FORMAT=EW_FRAME_BUFFER_COLOR_FORMAT_RGB565 -DEW_SURFACE_ROTATION=0 -DEW_USE_FREE_RTOS=1 -DEW_USE_EXTERNAL_FLASH=1 -DEW_BITMAP_PIXEL_SECTION_NAME=.SectionEwResource -DEW_FONT_PIXEL_SECTION_NAME=.SectionEwResource -DCORE_CM7 -DUSE_HAL_DRIVER -DSTM32H745xx -DUSE_STM32H745I_DISCO -IC:/Users/maanm/Documents/Embedded Wizard Projects/bfft_driver_interface_HW_library/Application/Project/TrueSTUDIO/STM32H745-Discovery/../../../../Application/GeneratedCode -IC:/Users/maanm/Documents/Embedded Wizard Projects/bfft_driver_interface_HW_library/Application/Project/TrueSTUDIO/STM32H745-Discovery/../../../../Application/Source -IC:/Users/maanm/Documents/Embedded Wizard Projects/bfft_driver_interface_HW_library/Application/Project/TrueSTUDIO/STM32H745-Discovery/../../../../TargetSpecific -IC:/Users/maanm/Documents/Embedded Wizard Projects/bfft_driver_interface_HW_library/Application/Project/TrueSTUDIO/STM32H745-Discovery/../../../../TargetSpecific/Drivers -IC:/Users/maanm/Documents/Embedded Wizard Projects/bfft_driver_interface_HW_library/Application/Project/TrueSTUDIO/STM32H745-Discovery/../../../../ThirdParty/STM32Cube_FW_H7/Drivers/STM32H7xx_HAL_Driver/Inc -IC:/Users/maanm/Documents/Embedded Wizard Projects/bfft_driver_interface_HW_library/Application/Project/TrueSTUDIO/STM32H745-Discovery/../../../../ThirdParty/STM32Cube_FW_H7/Drivers/BSP/STM32H745I-DISCO -IC:/Users/maanm/Documents/Embedded Wizard Projects/bfft_driver_interface_HW_library/Application/Project/TrueSTUDIO/STM32H745-Discovery/../../../../ThirdParty/STM32Cube_FW_H7/Drivers/BSP/Components/Common -IC:/Users/maanm/Documents/Embedded Wizard Projects/bfft_driver_interface_HW_library/Application/Project/TrueSTUDIO/STM32H745-Discovery/../../../../ThirdParty/STM32Cube_FW_H7/Drivers/BSP/Components/mt25tl01g -IC:/Users/maanm/Documents/Embedded Wizard Projects/bfft_driver_interface_HW_library/Application/Project/TrueSTUDIO/STM32H745-Discovery/../../../../ThirdParty/STM32Cube_FW_H7/Drivers/BSP/Components/mt48lc4m32b2 -IC:/Users/maanm/Documents/Embedded Wizard Projects/bfft_driver_interface_HW_library/Application/Project/TrueSTUDIO/STM32H745-Discovery/../../../../ThirdParty/STM32Cube_FW_H7/Drivers/CMSIS/Include -IC:/Users/maanm/Documents/Embedded Wizard Projects/bfft_driver_interface_HW_library/Application/Project/TrueSTUDIO/STM32H745-Discovery/../../../../ThirdParty/STM32Cube_FW_H7/Drivers/CMSIS/Device/ST/STM32H7xx/Include -IC:/Users/maanm/Documents/Embedded Wizard Projects/bfft_driver_interface_HW_library/Application/Project/TrueSTUDIO/STM32H745-Discovery/../../../../ThirdParty/STM32Cube_FW_H7/Middlewares/Third_Party/FreeRTOS/Source/portable/GCC/ARM_CM7/r0p1 -IC:/Users/maanm/Documents/Embedded Wizard Projects/bfft_driver_interface_HW_library/Application/Project/TrueSTUDIO/STM32H745-Discovery/../../../../ThirdParty/STM32Cube_FW_H7/Middlewares/Third_Party/FreeRTOS/Source/include -IC:/Users/maanm/Documents/Embedded Wizard Projects/bfft_driver_interface_HW_library/Application/Project/TrueSTUDIO/STM32H745-Discovery/../../../../ThirdParty/STM32Cube_FW_H7/Middlewares/Third_Party/FreeRTOS/Source/CMSIS_RTOS -IC:/Users/maanm/Documents/Embedded Wizard Projects/bfft_driver_interface_HW_library/Application/Project/TrueSTUDIO/STM32H745-Discovery/../../../../PlatformPackage/RTE -IC:/Users/maanm/Documents/Embedded Wizard Projects/bfft_driver_interface_HW_library/Application/Project/TrueSTUDIO/STM32H745-Discovery/../../../../PlatformPackage/RGB565 -O2 -ffunction-sections -g3 -fstack-usage -Wall -fmessage-length=0 -o ThirdParty\STM32Cube_FW_H7\Drivers\STM32H7xx_HAL_Driver\stm32h7xx_hal.o 
arm-atollic-eabi-gcc -c -mthumb -mcpu=cortex-m7 -mfloat-abi=hard -mfpu=fpv5-sp-d16 -g -Wa,--warn -x assembler-with-cpp -o startup_stm32h745xx.o ..\startup_stm32h745xx.s 
arm-atollic-eabi-gcc -c ..\..\..\..\..\ThirdParty\STM32Cube_FW_H7\Drivers\STM32H7xx_HAL_Driver\Src\stm32h7xx_hal_ltdc.c -mthumb -mcpu=cortex-m7 -mfloat-abi=hard -mfpu=fpv5-sp-d16 -std=c11 -DEW_FRAME_BUFFER_COLOR_FORMAT=EW_FRAME_BUFFER_COLOR_FORMAT_RGB565 -DEW_SURFACE_ROTATION=0 -DEW_USE_FREE_RTOS=1 -DEW_USE_EXTERNAL_FLASH=1 -DEW_BITMAP_PIXEL_SECTION_NAME=.SectionEwResource -DEW_FONT_PIXEL_SECTION_NAME=.SectionEwResource -DCORE_CM7 -DUSE_HAL_DRIVER -DSTM32H745xx -DUSE_STM32H745I_DISCO -IC:/Users/maanm/Documents/Embedded Wizard Projects/bfft_driver_interface_HW_library/Application/Project/TrueSTUDIO/STM32H745-Discovery/../../../../Application/GeneratedCode -IC:/Users/maanm/Documents/Embedded Wizard Projects/bfft_driver_interface_HW_library/Application/Project/TrueSTUDIO/STM32H745-Discovery/../../../../Application/Source -IC:/Users/maanm/Documents/Embedded Wizard Projects/bfft_driver_interface_HW_library/Application/Project/TrueSTUDIO/STM32H745-Discovery/../../../../TargetSpecific -IC:/Users/maanm/Documents/Embedded Wizard Projects/bfft_driver_interface_HW_library/Application/Project/TrueSTUDIO/STM32H745-Discovery/../../../../TargetSpecific/Drivers -IC:/Users/maanm/Documents/Embedded Wizard Projects/bfft_driver_interface_HW_library/Application/Project/TrueSTUDIO/STM32H745-Discovery/../../../../ThirdParty/STM32Cube_FW_H7/Drivers/STM32H7xx_HAL_Driver/Inc -IC:/Users/maanm/Documents/Embedded Wizard Projects/bfft_driver_interface_HW_library/Application/Project/TrueSTUDIO/STM32H745-Discovery/../../../../ThirdParty/STM32Cube_FW_H7/Drivers/BSP/STM32H745I-DISCO -IC:/Users/maanm/Documents/Embedded Wizard Projects/bfft_driver_interface_HW_library/Application/Project/TrueSTUDIO/STM32H745-Discovery/../../../../ThirdParty/STM32Cube_FW_H7/Drivers/BSP/Components/Common -IC:/Users/maanm/Documents/Embedded Wizard Projects/bfft_driver_interface_HW_library/Application/Project/TrueSTUDIO/STM32H745-Discovery/../../../../ThirdParty/STM32Cube_FW_H7/Drivers/BSP/Components/mt25tl01g -IC:/Users/maanm/Documents/Embedded Wizard Projects/bfft_driver_interface_HW_library/Application/Project/TrueSTUDIO/STM32H745-Discovery/../../../../ThirdParty/STM32Cube_FW_H7/Drivers/BSP/Components/mt48lc4m32b2 -IC:/Users/maanm/Documents/Embedded Wizard Projects/bfft_driver_interface_HW_library/Application/Project/TrueSTUDIO/STM32H745-Discovery/../../../../ThirdParty/STM32Cube_FW_H7/Drivers/CMSIS/Include -IC:/Users/maanm/Documents/Embedded Wizard Projects/bfft_driver_interface_HW_library/Application/Project/TrueSTUDIO/STM32H745-Discovery/../../../../ThirdParty/STM32Cube_FW_H7/Drivers/CMSIS/Device/ST/STM32H7xx/Include -IC:/Users/maanm/Documents/Embedded Wizard Projects/bfft_driver_interface_HW_library/Application/Project/TrueSTUDIO/STM32H745-Discovery/../../../../ThirdParty/STM32Cube_FW_H7/Middlewares/Third_Party/FreeRTOS/Source/portable/GCC/ARM_CM7/r0p1 -IC:/Users/maanm/Documents/Embedded Wizard Projects/bfft_driver_interface_HW_library/Application/Project/TrueSTUDIO/STM32H745-Discovery/../../../../ThirdParty/STM32Cube_FW_H7/Middlewares/Third_Party/FreeRTOS/Source/include -IC:/Users/maanm/Documents/Embedded Wizard Projects/bfft_driver_interface_HW_library/Application/Project/TrueSTUDIO/STM32H745-Discovery/../../../../ThirdParty/STM32Cube_FW_H7/Middlewares/Third_Party/FreeRTOS/Source/CMSIS_RTOS -IC:/Users/maanm/Documents/Embedded Wizard Projects/bfft_driver_interface_HW_library/Application/Project/TrueSTUDIO/STM32H745-Discovery/../../../../PlatformPackage/RTE -IC:/Users/maanm/Documents/Embedded Wizard Projects/bfft_driver_interface_HW_library/Application/Project/TrueSTUDIO/STM32H745-Discovery/../../../../PlatformPackage/RGB565 -O2 -ffunction-sections -g3 -fstack-usage -Wall -fmessage-length=0 -o ThirdParty\STM32Cube_FW_H7\Drivers\STM32H7xx_HAL_Driver\stm32h7xx_hal_ltdc.o 
arm-atollic-eabi-gcc -c ..\..\..\..\..\TargetSpecific\ew_bsp_display.c -mthumb -mcpu=cortex-m7 -mfloat-abi=hard -mfpu=fpv5-sp-d16 -std=c11 -DEW_FRAME_BUFFER_COLOR_FORMAT=EW_FRAME_BUFFER_COLOR_FORMAT_RGB565 -DEW_SURFACE_ROTATION=0 -DEW_USE_FREE_RTOS=1 -DEW_USE_EXTERNAL_FLASH=1 -DEW_BITMAP_PIXEL_SECTION_NAME=.SectionEwResource -DEW_FONT_PIXEL_SECTION_NAME=.SectionEwResource -DCORE_CM7 -DUSE_HAL_DRIVER -DSTM32H745xx -DUSE_STM32H745I_DISCO -IC:/Users/maanm/Documents/Embedded Wizard Projects/bfft_driver_interface_HW_library/Application/Project/TrueSTUDIO/STM32H745-Discovery/../../../../Application/GeneratedCode -IC:/Users/maanm/Documents/Embedded Wizard Projects/bfft_driver_interface_HW_library/Application/Project/TrueSTUDIO/STM32H745-Discovery/../../../../Application/Source -IC:/Users/maanm/Documents/Embedded Wizard Projects/bfft_driver_interface_HW_library/Application/Project/TrueSTUDIO/STM32H745-Discovery/../../../../TargetSpecific -IC:/Users/maanm/Documents/Embedded Wizard Projects/bfft_driver_interface_HW_library/Application/Project/TrueSTUDIO/STM32H745-Discovery/../../../../TargetSpecific/Drivers -IC:/Users/maanm/Documents/Embedded Wizard Projects/bfft_driver_interface_HW_library/Application/Project/TrueSTUDIO/STM32H745-Discovery/../../../../ThirdParty/STM32Cube_FW_H7/Drivers/STM32H7xx_HAL_Driver/Inc -IC:/Users/maanm/Documents/Embedded Wizard Projects/bfft_driver_interface_HW_library/Application/Project/TrueSTUDIO/STM32H745-Discovery/../../../../ThirdParty/STM32Cube_FW_H7/Drivers/BSP/STM32H745I-DISCO -IC:/Users/maanm/Documents/Embedded Wizard Projects/bfft_driver_interface_HW_library/Application/Project/TrueSTUDIO/STM32H745-Discovery/../../../../ThirdParty/STM32Cube_FW_H7/Drivers/BSP/Components/Common -IC:/Users/maanm/Documents/Embedded Wizard Projects/bfft_driver_interface_HW_library/Application/Project/TrueSTUDIO/STM32H745-Discovery/../../../../ThirdParty/STM32Cube_FW_H7/Drivers/BSP/Components/mt25tl01g -IC:/Users/maanm/Documents/Embedded Wizard Projects/bfft_driver_interface_HW_library/Application/Project/TrueSTUDIO/STM32H745-Discovery/../../../../ThirdParty/STM32Cube_FW_H7/Drivers/BSP/Components/mt48lc4m32b2 -IC:/Users/maanm/Documents/Embedded Wizard Projects/bfft_driver_interface_HW_library/Application/Project/TrueSTUDIO/STM32H745-Discovery/../../../../ThirdParty/STM32Cube_FW_H7/Drivers/CMSIS/Include -IC:/Users/maanm/Documents/Embedded Wizard Projects/bfft_driver_interface_HW_library/Application/Project/TrueSTUDIO/STM32H745-Discovery/../../../../ThirdParty/STM32Cube_FW_H7/Drivers/CMSIS/Device/ST/STM32H7xx/Include -IC:/Users/maanm/Documents/Embedded Wizard Projects/bfft_driver_interface_HW_library/Application/Project/TrueSTUDIO/STM32H745-Discovery/../../../../ThirdParty/STM32Cube_FW_H7/Middlewares/Third_Party/FreeRTOS/Source/portable/GCC/ARM_CM7/r0p1 -IC:/Users/maanm/Documents/Embedded Wizard Projects/bfft_driver_interface_HW_library/Application/Project/TrueSTUDIO/STM32H745-Discovery/../../../../ThirdParty/STM32Cube_FW_H7/Middlewares/Third_Party/FreeRTOS/Source/include -IC:/Users/maanm/Documents/Embedded Wizard Projects/bfft_driver_interface_HW_library/Application/Project/TrueSTUDIO/STM32H745-Discovery/../../../../ThirdParty/STM32Cube_FW_H7/Middlewares/Third_Party/FreeRTOS/Source/CMSIS_RTOS -IC:/Users/maanm/Documents/Embedded Wizard Projects/bfft_driver_interface_HW_library/Application/Project/TrueSTUDIO/STM32H745-Discovery/../../../../PlatformPackage/RTE -IC:/Users/maanm/Documents/Embedded Wizard Projects/bfft_driver_interface_HW_library/Application/Project/TrueSTUDIO/STM32H745-Discovery/../../../../PlatformPackage/RGB565 -O2 -ffunction-sections -g3 -fstack-usage -Wall -fmessage-length=0 -o TargetSpecific\ew_bsp_display.o 
arm-atollic-eabi-gcc -c ..\..\..\..\GeneratedCode\SetSpeed.c -mthumb -mcpu=cortex-m7 -mfloat-abi=hard -mfpu=fpv5-sp-d16 -std=c11 -DEW_FRAME_BUFFER_COLOR_FORMAT=EW_FRAME_BUFFER_COLOR_FORMAT_RGB565 -DEW_SURFACE_ROTATION=0 -DEW_USE_FREE_RTOS=1 -DEW_USE_EXTERNAL_FLASH=1 -DEW_BITMAP_PIXEL_SECTION_NAME=.SectionEwResource -DEW_FONT_PIXEL_SECTION_NAME=.SectionEwResource -DCORE_CM7 -DUSE_HAL_DRIVER -DSTM32H745xx -DUSE_STM32H745I_DISCO -IC:/Users/maanm/Documents/Embedded Wizard Projects/bfft_driver_interface_HW_library/Application/Project/TrueSTUDIO/STM32H745-Discovery/../../../../Application/GeneratedCode -IC:/Users/maanm/Documents/Embedded Wizard Projects/bfft_driver_interface_HW_library/Application/Project/TrueSTUDIO/STM32H745-Discovery/../../../../Application/Source -IC:/Users/maanm/Documents/Embedded Wizard Projects/bfft_driver_interface_HW_library/Application/Project/TrueSTUDIO/STM32H745-Discovery/../../../../TargetSpecific -IC:/Users/maanm/Documents/Embedded Wizard Projects/bfft_driver_interface_HW_library/Application/Project/TrueSTUDIO/STM32H745-Discovery/../../../../TargetSpecific/Drivers -IC:/Users/maanm/Documents/Embedded Wizard Projects/bfft_driver_interface_HW_library/Application/Project/TrueSTUDIO/STM32H745-Discovery/../../../../ThirdParty/STM32Cube_FW_H7/Drivers/STM32H7xx_HAL_Driver/Inc -IC:/Users/maanm/Documents/Embedded Wizard Projects/bfft_driver_interface_HW_library/Application/Project/TrueSTUDIO/STM32H745-Discovery/../../../../ThirdParty/STM32Cube_FW_H7/Drivers/BSP/STM32H745I-DISCO -IC:/Users/maanm/Documents/Embedded Wizard Projects/bfft_driver_interface_HW_library/Application/Project/TrueSTUDIO/STM32H745-Discovery/../../../../ThirdParty/STM32Cube_FW_H7/Drivers/BSP/Components/Common -IC:/Users/maanm/Documents/Embedded Wizard Projects/bfft_driver_interface_HW_library/Application/Project/TrueSTUDIO/STM32H745-Discovery/../../../../ThirdParty/STM32Cube_FW_H7/Drivers/BSP/Components/mt25tl01g -IC:/Users/maanm/Documents/Embedded Wizard Projects/bfft_driver_interface_HW_library/Application/Project/TrueSTUDIO/STM32H745-Discovery/../../../../ThirdParty/STM32Cube_FW_H7/Drivers/BSP/Components/mt48lc4m32b2 -IC:/Users/maanm/Documents/Embedded Wizard Projects/bfft_driver_interface_HW_library/Application/Project/TrueSTUDIO/STM32H745-Discovery/../../../../ThirdParty/STM32Cube_FW_H7/Drivers/CMSIS/Include -IC:/Users/maanm/Documents/Embedded Wizard Projects/bfft_driver_interface_HW_library/Application/Project/TrueSTUDIO/STM32H745-Discovery/../../../../ThirdParty/STM32Cube_FW_H7/Drivers/CMSIS/Device/ST/STM32H7xx/Include -IC:/Users/maanm/Documents/Embedded Wizard Projects/bfft_driver_interface_HW_library/Application/Project/TrueSTUDIO/STM32H745-Discovery/../../../../ThirdParty/STM32Cube_FW_H7/Middlewares/Third_Party/FreeRTOS/Source/portable/GCC/ARM_CM7/r0p1 -IC:/Users/maanm/Documents/Embedded Wizard Projects/bfft_driver_interface_HW_library/Application/Project/TrueSTUDIO/STM32H745-Discovery/../../../../ThirdParty/STM32Cube_FW_H7/Middlewares/Third_Party/FreeRTOS/Source/include -IC:/Users/maanm/Documents/Embedded Wizard Projects/bfft_driver_interface_HW_library/Application/Project/TrueSTUDIO/STM32H745-Discovery/../../../../ThirdParty/STM32Cube_FW_H7/Middlewares/Third_Party/FreeRTOS/Source/CMSIS_RTOS -IC:/Users/maanm/Documents/Embedded Wizard Projects/bfft_driver_interface_HW_library/Application/Project/TrueSTUDIO/STM32H745-Discovery/../../../../PlatformPackage/RTE -IC:/Users/maanm/Documents/Embedded Wizard Projects/bfft_driver_interface_HW_library/Application/Project/TrueSTUDIO/STM32H745-Discovery/../../../../PlatformPackage/RGB565 -O2 -ffunction-sections -g3 -fstack-usage -Wall -fmessage-length=0 -o Application\GeneratedCode\SetSpeed.o 
arm-atollic-eabi-gcc -c ..\..\..\..\Source\fdcan.c -mthumb -mcpu=cortex-m7 -mfloat-abi=hard -mfpu=fpv5-sp-d16 -std=c11 -DEW_FRAME_BUFFER_COLOR_FORMAT=EW_FRAME_BUFFER_COLOR_FORMAT_RGB565 -DEW_SURFACE_ROTATION=0 -DEW_USE_FREE_RTOS=1 -DEW_USE_EXTERNAL_FLASH=1 -DEW_BITMAP_PIXEL_SECTION_NAME=.SectionEwResource -DEW_FONT_PIXEL_SECTION_NAME=.SectionEwResource -DCORE_CM7 -DUSE_HAL_DRIVER -DSTM32H745xx -DUSE_STM32H745I_DISCO -IC:/Users/maanm/Documents/Embedded Wizard Projects/bfft_driver_interface_HW_library/Application/Project/TrueSTUDIO/STM32H745-Discovery/../../../../Application/GeneratedCode -IC:/Users/maanm/Documents/Embedded Wizard Projects/bfft_driver_interface_HW_library/Application/Project/TrueSTUDIO/STM32H745-Discovery/../../../../Application/Source -IC:/Users/maanm/Documents/Embedded Wizard Projects/bfft_driver_interface_HW_library/Application/Project/TrueSTUDIO/STM32H745-Discovery/../../../../TargetSpecific -IC:/Users/maanm/Documents/Embedded Wizard Projects/bfft_driver_interface_HW_library/Application/Project/TrueSTUDIO/STM32H745-Discovery/../../../../TargetSpecific/Drivers -IC:/Users/maanm/Documents/Embedded Wizard Projects/bfft_driver_interface_HW_library/Application/Project/TrueSTUDIO/STM32H745-Discovery/../../../../ThirdParty/STM32Cube_FW_H7/Drivers/STM32H7xx_HAL_Driver/Inc -IC:/Users/maanm/Documents/Embedded Wizard Projects/bfft_driver_interface_HW_library/Application/Project/TrueSTUDIO/STM32H745-Discovery/../../../../ThirdParty/STM32Cube_FW_H7/Drivers/BSP/STM32H745I-DISCO -IC:/Users/maanm/Documents/Embedded Wizard Projects/bfft_driver_interface_HW_library/Application/Project/TrueSTUDIO/STM32H745-Discovery/../../../../ThirdParty/STM32Cube_FW_H7/Drivers/BSP/Components/Common -IC:/Users/maanm/Documents/Embedded Wizard Projects/bfft_driver_interface_HW_library/Application/Project/TrueSTUDIO/STM32H745-Discovery/../../../../ThirdParty/STM32Cube_FW_H7/Drivers/BSP/Components/mt25tl01g -IC:/Users/maanm/Documents/Embedded Wizard Projects/bfft_driver_interface_HW_library/Application/Project/TrueSTUDIO/STM32H745-Discovery/../../../../ThirdParty/STM32Cube_FW_H7/Drivers/BSP/Components/mt48lc4m32b2 -IC:/Users/maanm/Documents/Embedded Wizard Projects/bfft_driver_interface_HW_library/Application/Project/TrueSTUDIO/STM32H745-Discovery/../../../../ThirdParty/STM32Cube_FW_H7/Drivers/CMSIS/Include -IC:/Users/maanm/Documents/Embedded Wizard Projects/bfft_driver_interface_HW_library/Application/Project/TrueSTUDIO/STM32H745-Discovery/../../../../ThirdParty/STM32Cube_FW_H7/Drivers/CMSIS/Device/ST/STM32H7xx/Include -IC:/Users/maanm/Documents/Embedded Wizard Projects/bfft_driver_interface_HW_library/Application/Project/TrueSTUDIO/STM32H745-Discovery/../../../../ThirdParty/STM32Cube_FW_H7/Middlewares/Third_Party/FreeRTOS/Source/portable/GCC/ARM_CM7/r0p1 -IC:/Users/maanm/Documents/Embedded Wizard Projects/bfft_driver_interface_HW_library/Application/Project/TrueSTUDIO/STM32H745-Discovery/../../../../ThirdParty/STM32Cube_FW_H7/Middlewares/Third_Party/FreeRTOS/Source/include -IC:/Users/maanm/Documents/Embedded Wizard Projects/bfft_driver_interface_HW_library/Application/Project/TrueSTUDIO/STM32H745-Discovery/../../../../ThirdParty/STM32Cube_FW_H7/Middlewares/Third_Party/FreeRTOS/Source/CMSIS_RTOS -IC:/Users/maanm/Documents/Embedded Wizard Projects/bfft_driver_interface_HW_library/Application/Project/TrueSTUDIO/STM32H745-Discovery/../../../../PlatformPackage/RTE -IC:/Users/maanm/Documents/Embedded Wizard Projects/bfft_driver_interface_HW_library/Application/Project/TrueSTUDIO/STM32H745-Discovery/../../../../PlatformPackage/RGB565 -O2 -ffunction-sections -g3 -fstack-usage -Wall -fmessage-length=0 -o Application\Source\fdcan.o 
arm-atollic-eabi-gcc -c ..\..\..\..\..\ThirdParty\STM32Cube_FW_H7\Drivers\STM32H7xx_HAL_Driver\Src\stm32h7xx_hal_tim.c -mthumb -mcpu=cortex-m7 -mfloat-abi=hard -mfpu=fpv5-sp-d16 -std=c11 -DEW_FRAME_BUFFER_COLOR_FORMAT=EW_FRAME_BUFFER_COLOR_FORMAT_RGB565 -DEW_SURFACE_ROTATION=0 -DEW_USE_FREE_RTOS=1 -DEW_USE_EXTERNAL_FLASH=1 -DEW_BITMAP_PIXEL_SECTION_NAME=.SectionEwResource -DEW_FONT_PIXEL_SECTION_NAME=.SectionEwResource -DCORE_CM7 -DUSE_HAL_DRIVER -DSTM32H745xx -DUSE_STM32H745I_DISCO -IC:/Users/maanm/Documents/Embedded Wizard Projects/bfft_driver_interface_HW_library/Application/Project/TrueSTUDIO/STM32H745-Discovery/../../../../Application/GeneratedCode -IC:/Users/maanm/Documents/Embedded Wizard Projects/bfft_driver_interface_HW_library/Application/Project/TrueSTUDIO/STM32H745-Discovery/../../../../Application/Source -IC:/Users/maanm/Documents/Embedded Wizard Projects/bfft_driver_interface_HW_library/Application/Project/TrueSTUDIO/STM32H745-Discovery/../../../../TargetSpecific -IC:/Users/maanm/Documents/Embedded Wizard Projects/bfft_driver_interface_HW_library/Application/Project/TrueSTUDIO/STM32H745-Discovery/../../../../TargetSpecific/Drivers -IC:/Users/maanm/Documents/Embedded Wizard Projects/bfft_driver_interface_HW_library/Application/Project/TrueSTUDIO/STM32H745-Discovery/../../../../ThirdParty/STM32Cube_FW_H7/Drivers/STM32H7xx_HAL_Driver/Inc -IC:/Users/maanm/Documents/Embedded Wizard Projects/bfft_driver_interface_HW_library/Application/Project/TrueSTUDIO/STM32H745-Discovery/../../../../ThirdParty/STM32Cube_FW_H7/Drivers/BSP/STM32H745I-DISCO -IC:/Users/maanm/Documents/Embedded Wizard Projects/bfft_driver_interface_HW_library/Application/Project/TrueSTUDIO/STM32H745-Discovery/../../../../ThirdParty/STM32Cube_FW_H7/Drivers/BSP/Components/Common -IC:/Users/maanm/Documents/Embedded Wizard Projects/bfft_driver_interface_HW_library/Application/Project/TrueSTUDIO/STM32H745-Discovery/../../../../ThirdParty/STM32Cube_FW_H7/Drivers/BSP/Components/mt25tl01g -IC:/Users/maanm/Documents/Embedded Wizard Projects/bfft_driver_interface_HW_library/Application/Project/TrueSTUDIO/STM32H745-Discovery/../../../../ThirdParty/STM32Cube_FW_H7/Drivers/BSP/Components/mt48lc4m32b2 -IC:/Users/maanm/Documents/Embedded Wizard Projects/bfft_driver_interface_HW_library/Application/Project/TrueSTUDIO/STM32H745-Discovery/../../../../ThirdParty/STM32Cube_FW_H7/Drivers/CMSIS/Include -IC:/Users/maanm/Documents/Embedded Wizard Projects/bfft_driver_interface_HW_library/Application/Project/TrueSTUDIO/STM32H745-Discovery/../../../../ThirdParty/STM32Cube_FW_H7/Drivers/CMSIS/Device/ST/STM32H7xx/Include -IC:/Users/maanm/Documents/Embedded Wizard Projects/bfft_driver_interface_HW_library/Application/Project/TrueSTUDIO/STM32H745-Discovery/../../../../ThirdParty/STM32Cube_FW_H7/Middlewares/Third_Party/FreeRTOS/Source/portable/GCC/ARM_CM7/r0p1 -IC:/Users/maanm/Documents/Embedded Wizard Projects/bfft_driver_interface_HW_library/Application/Project/TrueSTUDIO/STM32H745-Discovery/../../../../ThirdParty/STM32Cube_FW_H7/Middlewares/Third_Party/FreeRTOS/Source/include -IC:/Users/maanm/Documents/Embedded Wizard Projects/bfft_driver_interface_HW_library/Application/Project/TrueSTUDIO/STM32H745-Discovery/../../../../ThirdParty/STM32Cube_FW_H7/Middlewares/Third_Party/FreeRTOS/Source/CMSIS_RTOS -IC:/Users/maanm/Documents/Embedded Wizard Projects/bfft_driver_interface_HW_library/Application/Project/TrueSTUDIO/STM32H745-Discovery/../../../../PlatformPackage/RTE -IC:/Users/maanm/Documents/Embedded Wizard Projects/bfft_driver_interface_HW_library/Application/Project/TrueSTUDIO/STM32H745-Discovery/../../../../PlatformPackage/RGB565 -O2 -ffunction-sections -g3 -fstack-usage -Wall -fmessage-length=0 -o ThirdParty\STM32Cube_FW_H7\Drivers\STM32H7xx_HAL_Driver\stm32h7xx_hal_tim.o 
arm-atollic-eabi-gcc -c ..\..\..\..\..\ThirdParty\STM32Cube_FW_H7\Drivers\STM32H7xx_HAL_Driver\Src\stm32h7xx_hal_rcc.c -mthumb -mcpu=cortex-m7 -mfloat-abi=hard -mfpu=fpv5-sp-d16 -std=c11 -DEW_FRAME_BUFFER_COLOR_FORMAT=EW_FRAME_BUFFER_COLOR_FORMAT_RGB565 -DEW_SURFACE_ROTATION=0 -DEW_USE_FREE_RTOS=1 -DEW_USE_EXTERNAL_FLASH=1 -DEW_BITMAP_PIXEL_SECTION_NAME=.SectionEwResource -DEW_FONT_PIXEL_SECTION_NAME=.SectionEwResource -DCORE_CM7 -DUSE_HAL_DRIVER -DSTM32H745xx -DUSE_STM32H745I_DISCO -IC:/Users/maanm/Documents/Embedded Wizard Projects/bfft_driver_interface_HW_library/Application/Project/TrueSTUDIO/STM32H745-Discovery/../../../../Application/GeneratedCode -IC:/Users/maanm/Documents/Embedded Wizard Projects/bfft_driver_interface_HW_library/Application/Project/TrueSTUDIO/STM32H745-Discovery/../../../../Application/Source -IC:/Users/maanm/Documents/Embedded Wizard Projects/bfft_driver_interface_HW_library/Application/Project/TrueSTUDIO/STM32H745-Discovery/../../../../TargetSpecific -IC:/Users/maanm/Documents/Embedded Wizard Projects/bfft_driver_interface_HW_library/Application/Project/TrueSTUDIO/STM32H745-Discovery/../../../../TargetSpecific/Drivers -IC:/Users/maanm/Documents/Embedded Wizard Projects/bfft_driver_interface_HW_library/Application/Project/TrueSTUDIO/STM32H745-Discovery/../../../../ThirdParty/STM32Cube_FW_H7/Drivers/STM32H7xx_HAL_Driver/Inc -IC:/Users/maanm/Documents/Embedded Wizard Projects/bfft_driver_interface_HW_library/Application/Project/TrueSTUDIO/STM32H745-Discovery/../../../../ThirdParty/STM32Cube_FW_H7/Drivers/BSP/STM32H745I-DISCO -IC:/Users/maanm/Documents/Embedded Wizard Projects/bfft_driver_interface_HW_library/Application/Project/TrueSTUDIO/STM32H745-Discovery/../../../../ThirdParty/STM32Cube_FW_H7/Drivers/BSP/Components/Common -IC:/Users/maanm/Documents/Embedded Wizard Projects/bfft_driver_interface_HW_library/Application/Project/TrueSTUDIO/STM32H745-Discovery/../../../../ThirdParty/STM32Cube_FW_H7/Drivers/BSP/Components/mt25tl01g -IC:/Users/maanm/Documents/Embedded Wizard Projects/bfft_driver_interface_HW_library/Application/Project/TrueSTUDIO/STM32H745-Discovery/../../../../ThirdParty/STM32Cube_FW_H7/Drivers/BSP/Components/mt48lc4m32b2 -IC:/Users/maanm/Documents/Embedded Wizard Projects/bfft_driver_interface_HW_library/Application/Project/TrueSTUDIO/STM32H745-Discovery/../../../../ThirdParty/STM32Cube_FW_H7/Drivers/CMSIS/Include -IC:/Users/maanm/Documents/Embedded Wizard Projects/bfft_driver_interface_HW_library/Application/Project/TrueSTUDIO/STM32H745-Discovery/../../../../ThirdParty/STM32Cube_FW_H7/Drivers/CMSIS/Device/ST/STM32H7xx/Include -IC:/Users/maanm/Documents/Embedded Wizard Projects/bfft_driver_interface_HW_library/Application/Project/TrueSTUDIO/STM32H745-Discovery/../../../../ThirdParty/STM32Cube_FW_H7/Middlewares/Third_Party/FreeRTOS/Source/portable/GCC/ARM_CM7/r0p1 -IC:/Users/maanm/Documents/Embedded Wizard Projects/bfft_driver_interface_HW_library/Application/Project/TrueSTUDIO/STM32H745-Discovery/../../../../ThirdParty/STM32Cube_FW_H7/Middlewares/Third_Party/FreeRTOS/Source/include -IC:/Users/maanm/Documents/Embedded Wizard Projects/bfft_driver_interface_HW_library/Application/Project/TrueSTUDIO/STM32H745-Discovery/../../../../ThirdParty/STM32Cube_FW_H7/Middlewares/Third_Party/FreeRTOS/Source/CMSIS_RTOS -IC:/Users/maanm/Documents/Embedded Wizard Projects/bfft_driver_interface_HW_library/Application/Project/TrueSTUDIO/STM32H745-Discovery/../../../../PlatformPackage/RTE -IC:/Users/maanm/Documents/Embedded Wizard Projects/bfft_driver_interface_HW_library/Application/Project/TrueSTUDIO/STM32H745-Discovery/../../../../PlatformPackage/RGB565 -O2 -ffunction-sections -g3 -fstack-usage -Wall -fmessage-length=0 -o ThirdParty\STM32Cube_FW_H7\Drivers\STM32H7xx_HAL_Driver\stm32h7xx_hal_rcc.o 
arm-atollic-eabi-gcc -c ..\..\..\..\..\ThirdParty\STM32Cube_FW_H7\Drivers\STM32H7xx_HAL_Driver\Src\stm32h7xx_hal_uart.c -mthumb -mcpu=cortex-m7 -mfloat-abi=hard -mfpu=fpv5-sp-d16 -std=c11 -DEW_FRAME_BUFFER_COLOR_FORMAT=EW_FRAME_BUFFER_COLOR_FORMAT_RGB565 -DEW_SURFACE_ROTATION=0 -DEW_USE_FREE_RTOS=1 -DEW_USE_EXTERNAL_FLASH=1 -DEW_BITMAP_PIXEL_SECTION_NAME=.SectionEwResource -DEW_FONT_PIXEL_SECTION_NAME=.SectionEwResource -DCORE_CM7 -DUSE_HAL_DRIVER -DSTM32H745xx -DUSE_STM32H745I_DISCO -IC:/Users/maanm/Documents/Embedded Wizard Projects/bfft_driver_interface_HW_library/Application/Project/TrueSTUDIO/STM32H745-Discovery/../../../../Application/GeneratedCode -IC:/Users/maanm/Documents/Embedded Wizard Projects/bfft_driver_interface_HW_library/Application/Project/TrueSTUDIO/STM32H745-Discovery/../../../../Application/Source -IC:/Users/maanm/Documents/Embedded Wizard Projects/bfft_driver_interface_HW_library/Application/Project/TrueSTUDIO/STM32H745-Discovery/../../../../TargetSpecific -IC:/Users/maanm/Documents/Embedded Wizard Projects/bfft_driver_interface_HW_library/Application/Project/TrueSTUDIO/STM32H745-Discovery/../../../../TargetSpecific/Drivers -IC:/Users/maanm/Documents/Embedded Wizard Projects/bfft_driver_interface_HW_library/Application/Project/TrueSTUDIO/STM32H745-Discovery/../../../../ThirdParty/STM32Cube_FW_H7/Drivers/STM32H7xx_HAL_Driver/Inc -IC:/Users/maanm/Documents/Embedded Wizard Projects/bfft_driver_interface_HW_library/Application/Project/TrueSTUDIO/STM32H745-Discovery/../../../../ThirdParty/STM32Cube_FW_H7/Drivers/BSP/STM32H745I-DISCO -IC:/Users/maanm/Documents/Embedded Wizard Projects/bfft_driver_interface_HW_library/Application/Project/TrueSTUDIO/STM32H745-Discovery/../../../../ThirdParty/STM32Cube_FW_H7/Drivers/BSP/Components/Common -IC:/Users/maanm/Documents/Embedded Wizard Projects/bfft_driver_interface_HW_library/Application/Project/TrueSTUDIO/STM32H745-Discovery/../../../../ThirdParty/STM32Cube_FW_H7/Drivers/BSP/Components/mt25tl01g -IC:/Users/maanm/Documents/Embedded Wizard Projects/bfft_driver_interface_HW_library/Application/Project/TrueSTUDIO/STM32H745-Discovery/../../../../ThirdParty/STM32Cube_FW_H7/Drivers/BSP/Components/mt48lc4m32b2 -IC:/Users/maanm/Documents/Embedded Wizard Projects/bfft_driver_interface_HW_library/Application/Project/TrueSTUDIO/STM32H745-Discovery/../../../../ThirdParty/STM32Cube_FW_H7/Drivers/CMSIS/Include -IC:/Users/maanm/Documents/Embedded Wizard Projects/bfft_driver_interface_HW_library/Application/Project/TrueSTUDIO/STM32H745-Discovery/../../../../ThirdParty/STM32Cube_FW_H7/Drivers/CMSIS/Device/ST/STM32H7xx/Include -IC:/Users/maanm/Documents/Embedded Wizard Projects/bfft_driver_interface_HW_library/Application/Project/TrueSTUDIO/STM32H745-Discovery/../../../../ThirdParty/STM32Cube_FW_H7/Middlewares/Third_Party/FreeRTOS/Source/portable/GCC/ARM_CM7/r0p1 -IC:/Users/maanm/Documents/Embedded Wizard Projects/bfft_driver_interface_HW_library/Application/Project/TrueSTUDIO/STM32H745-Discovery/../../../../ThirdParty/STM32Cube_FW_H7/Middlewares/Third_Party/FreeRTOS/Source/include -IC:/Users/maanm/Documents/Embedded Wizard Projects/bfft_driver_interface_HW_library/Application/Project/TrueSTUDIO/STM32H745-Discovery/../../../../ThirdParty/STM32Cube_FW_H7/Middlewares/Third_Party/FreeRTOS/Source/CMSIS_RTOS -IC:/Users/maanm/Documents/Embedded Wizard Projects/bfft_driver_interface_HW_library/Application/Project/TrueSTUDIO/STM32H745-Discovery/../../../../PlatformPackage/RTE -IC:/Users/maanm/Documents/Embedded Wizard Projects/bfft_driver_interface_HW_library/Application/Project/TrueSTUDIO/STM32H745-Discovery/../../../../PlatformPackage/RGB565 -O2 -ffunction-sections -g3 -fstack-usage -Wall -fmessage-length=0 -o ThirdParty\STM32Cube_FW_H7\Drivers\STM32H7xx_HAL_Driver\stm32h7xx_hal_uart.o 
arm-atollic-eabi-gcc -c ..\..\..\..\..\PlatformPackage\RGB565\ewextgfx.c -mthumb -mcpu=cortex-m7 -mfloat-abi=hard -mfpu=fpv5-sp-d16 -std=c11 -DEW_FRAME_BUFFER_COLOR_FORMAT=EW_FRAME_BUFFER_COLOR_FORMAT_RGB565 -DEW_SURFACE_ROTATION=0 -DEW_USE_FREE_RTOS=1 -DEW_USE_EXTERNAL_FLASH=1 -DEW_BITMAP_PIXEL_SECTION_NAME=.SectionEwResource -DEW_FONT_PIXEL_SECTION_NAME=.SectionEwResource -DCORE_CM7 -DUSE_HAL_DRIVER -DSTM32H745xx -DUSE_STM32H745I_DISCO -IC:/Users/maanm/Documents/Embedded Wizard Projects/bfft_driver_interface_HW_library/Application/Project/TrueSTUDIO/STM32H745-Discovery/../../../../Application/GeneratedCode -IC:/Users/maanm/Documents/Embedded Wizard Projects/bfft_driver_interface_HW_library/Application/Project/TrueSTUDIO/STM32H745-Discovery/../../../../Application/Source -IC:/Users/maanm/Documents/Embedded Wizard Projects/bfft_driver_interface_HW_library/Application/Project/TrueSTUDIO/STM32H745-Discovery/../../../../TargetSpecific -IC:/Users/maanm/Documents/Embedded Wizard Projects/bfft_driver_interface_HW_library/Application/Project/TrueSTUDIO/STM32H745-Discovery/../../../../TargetSpecific/Drivers -IC:/Users/maanm/Documents/Embedded Wizard Projects/bfft_driver_interface_HW_library/Application/Project/TrueSTUDIO/STM32H745-Discovery/../../../../ThirdParty/STM32Cube_FW_H7/Drivers/STM32H7xx_HAL_Driver/Inc -IC:/Users/maanm/Documents/Embedded Wizard Projects/bfft_driver_interface_HW_library/Application/Project/TrueSTUDIO/STM32H745-Discovery/../../../../ThirdParty/STM32Cube_FW_H7/Drivers/BSP/STM32H745I-DISCO -IC:/Users/maanm/Documents/Embedded Wizard Projects/bfft_driver_interface_HW_library/Application/Project/TrueSTUDIO/STM32H745-Discovery/../../../../ThirdParty/STM32Cube_FW_H7/Drivers/BSP/Components/Common -IC:/Users/maanm/Documents/Embedded Wizard Projects/bfft_driver_interface_HW_library/Application/Project/TrueSTUDIO/STM32H745-Discovery/../../../../ThirdParty/STM32Cube_FW_H7/Drivers/BSP/Components/mt25tl01g -IC:/Users/maanm/Documents/Embedded Wizard Projects/bfft_driver_interface_HW_library/Application/Project/TrueSTUDIO/STM32H745-Discovery/../../../../ThirdParty/STM32Cube_FW_H7/Drivers/BSP/Components/mt48lc4m32b2 -IC:/Users/maanm/Documents/Embedded Wizard Projects/bfft_driver_interface_HW_library/Application/Project/TrueSTUDIO/STM32H745-Discovery/../../../../ThirdParty/STM32Cube_FW_H7/Drivers/CMSIS/Include -IC:/Users/maanm/Documents/Embedded Wizard Projects/bfft_driver_interface_HW_library/Application/Project/TrueSTUDIO/STM32H745-Discovery/../../../../ThirdParty/STM32Cube_FW_H7/Drivers/CMSIS/Device/ST/STM32H7xx/Include -IC:/Users/maanm/Documents/Embedded Wizard Projects/bfft_driver_interface_HW_library/Application/Project/TrueSTUDIO/STM32H745-Discovery/../../../../ThirdParty/STM32Cube_FW_H7/Middlewares/Third_Party/FreeRTOS/Source/portable/GCC/ARM_CM7/r0p1 -IC:/Users/maanm/Documents/Embedded Wizard Projects/bfft_driver_interface_HW_library/Application/Project/TrueSTUDIO/STM32H745-Discovery/../../../../ThirdParty/STM32Cube_FW_H7/Middlewares/Third_Party/FreeRTOS/Source/include -IC:/Users/maanm/Documents/Embedded Wizard Projects/bfft_driver_interface_HW_library/Application/Project/TrueSTUDIO/STM32H745-Discovery/../../../../ThirdParty/STM32Cube_FW_H7/Middlewares/Third_Party/FreeRTOS/Source/CMSIS_RTOS -IC:/Users/maanm/Documents/Embedded Wizard Projects/bfft_driver_interface_HW_library/Application/Project/TrueSTUDIO/STM32H745-Discovery/../../../../PlatformPackage/RTE -IC:/Users/maanm/Documents/Embedded Wizard Projects/bfft_driver_interface_HW_library/Application/Project/TrueSTUDIO/STM32H745-Discovery/../../../../PlatformPackage/RGB565 -O2 -ffunction-sections -g3 -fstack-usage -Wall -fmessage-length=0 -o PlatformPackage\RGB565\ewextgfx.o 
arm-atollic-eabi-gcc -c ..\..\..\..\..\ThirdParty\STM32Cube_FW_H7\Drivers\STM32H7xx_HAL_Driver\Src\stm32h7xx_hal_rcc_ex.c -mthumb -mcpu=cortex-m7 -mfloat-abi=hard -mfpu=fpv5-sp-d16 -std=c11 -DEW_FRAME_BUFFER_COLOR_FORMAT=EW_FRAME_BUFFER_COLOR_FORMAT_RGB565 -DEW_SURFACE_ROTATION=0 -DEW_USE_FREE_RTOS=1 -DEW_USE_EXTERNAL_FLASH=1 -DEW_BITMAP_PIXEL_SECTION_NAME=.SectionEwResource -DEW_FONT_PIXEL_SECTION_NAME=.SectionEwResource -DCORE_CM7 -DUSE_HAL_DRIVER -DSTM32H745xx -DUSE_STM32H745I_DISCO -IC:/Users/maanm/Documents/Embedded Wizard Projects/bfft_driver_interface_HW_library/Application/Project/TrueSTUDIO/STM32H745-Discovery/../../../../Application/GeneratedCode -IC:/Users/maanm/Documents/Embedded Wizard Projects/bfft_driver_interface_HW_library/Application/Project/TrueSTUDIO/STM32H745-Discovery/../../../../Application/Source -IC:/Users/maanm/Documents/Embedded Wizard Projects/bfft_driver_interface_HW_library/Application/Project/TrueSTUDIO/STM32H745-Discovery/../../../../TargetSpecific -IC:/Users/maanm/Documents/Embedded Wizard Projects/bfft_driver_interface_HW_library/Application/Project/TrueSTUDIO/STM32H745-Discovery/../../../../TargetSpecific/Drivers -IC:/Users/maanm/Documents/Embedded Wizard Projects/bfft_driver_interface_HW_library/Application/Project/TrueSTUDIO/STM32H745-Discovery/../../../../ThirdParty/STM32Cube_FW_H7/Drivers/STM32H7xx_HAL_Driver/Inc -IC:/Users/maanm/Documents/Embedded Wizard Projects/bfft_driver_interface_HW_library/Application/Project/TrueSTUDIO/STM32H745-Discovery/../../../../ThirdParty/STM32Cube_FW_H7/Drivers/BSP/STM32H745I-DISCO -IC:/Users/maanm/Documents/Embedded Wizard Projects/bfft_driver_interface_HW_library/Application/Project/TrueSTUDIO/STM32H745-Discovery/../../../../ThirdParty/STM32Cube_FW_H7/Drivers/BSP/Components/Common -IC:/Users/maanm/Documents/Embedded Wizard Projects/bfft_driver_interface_HW_library/Application/Project/TrueSTUDIO/STM32H745-Discovery/../../../../ThirdParty/STM32Cube_FW_H7/Drivers/BSP/Components/mt25tl01g -IC:/Users/maanm/Documents/Embedded Wizard Projects/bfft_driver_interface_HW_library/Application/Project/TrueSTUDIO/STM32H745-Discovery/../../../../ThirdParty/STM32Cube_FW_H7/Drivers/BSP/Components/mt48lc4m32b2 -IC:/Users/maanm/Documents/Embedded Wizard Projects/bfft_driver_interface_HW_library/Application/Project/TrueSTUDIO/STM32H745-Discovery/../../../../ThirdParty/STM32Cube_FW_H7/Drivers/CMSIS/Include -IC:/Users/maanm/Documents/Embedded Wizard Projects/bfft_driver_interface_HW_library/Application/Project/TrueSTUDIO/STM32H745-Discovery/../../../../ThirdParty/STM32Cube_FW_H7/Drivers/CMSIS/Device/ST/STM32H7xx/Include -IC:/Users/maanm/Documents/Embedded Wizard Projects/bfft_driver_interface_HW_library/Application/Project/TrueSTUDIO/STM32H745-Discovery/../../../../ThirdParty/STM32Cube_FW_H7/Middlewares/Third_Party/FreeRTOS/Source/portable/GCC/ARM_CM7/r0p1 -IC:/Users/maanm/Documents/Embedded Wizard Projects/bfft_driver_interface_HW_library/Application/Project/TrueSTUDIO/STM32H745-Discovery/../../../../ThirdParty/STM32Cube_FW_H7/Middlewares/Third_Party/FreeRTOS/Source/include -IC:/Users/maanm/Documents/Embedded Wizard Projects/bfft_driver_interface_HW_library/Application/Project/TrueSTUDIO/STM32H745-Discovery/../../../../ThirdParty/STM32Cube_FW_H7/Middlewares/Third_Party/FreeRTOS/Source/CMSIS_RTOS -IC:/Users/maanm/Documents/Embedded Wizard Projects/bfft_driver_interface_HW_library/Application/Project/TrueSTUDIO/STM32H745-Discovery/../../../../Platfo
[...]
ibrary/Application/Project/TrueSTUDIO/STM32H745-Discovery/../../../../Application/GeneratedCode -IC:/Users/maanm/Documents/Embedded Wizard Projects/bfft_driver_interface_HW_library/Application/Project/TrueSTUDIO/STM32H745-Discovery/../../../../Application/Source -IC:/Users/maanm/Documents/Embedded Wizard Projects/bfft_driver_interface_HW_library/Application/Project/TrueSTUDIO/STM32H745-Discovery/../../../../TargetSpecific -IC:/Users/maanm/Documents/Embedded Wizard Projects/bfft_driver_interface_HW_library/Application/Project/TrueSTUDIO/STM32H745-Discovery/../../../../TargetSpecific/Drivers -IC:/Users/maanm/Documents/Embedded Wizard Projects/bfft_driver_interface_HW_library/Application/Project/TrueSTUDIO/STM32H745-Discovery/../../../../ThirdParty/STM32Cube_FW_H7/Drivers/STM32H7xx_HAL_Driver/Inc -IC:/Users/maanm/Documents/Embedded Wizard Projects/bfft_driver_interface_HW_library/Application/Project/TrueSTUDIO/STM32H745-Discovery/../../../../ThirdParty/STM32Cube_FW_H7/Drivers/BSP/STM32H745I-DISCO -IC:/Users/maanm/Documents/Embedded Wizard Projects/bfft_driver_interface_HW_library/Application/Project/TrueSTUDIO/STM32H745-Discovery/../../../../ThirdParty/STM32Cube_FW_H7/Drivers/BSP/Components/Common -IC:/Users/maanm/Documents/Embedded Wizard Projects/bfft_driver_interface_HW_library/Application/Project/TrueSTUDIO/STM32H745-Discovery/../../../../ThirdParty/STM32Cube_FW_H7/Drivers/BSP/Components/mt25tl01g -IC:/Users/maanm/Documents/Embedded Wizard Projects/bfft_driver_interface_HW_library/Application/Project/TrueSTUDIO/STM32H745-Discovery/../../../../ThirdParty/STM32Cube_FW_H7/Drivers/BSP/Components/mt48lc4m32b2 -IC:/Users/maanm/Documents/Embedded Wizard Projects/bfft_driver_interface_HW_library/Application/Project/TrueSTUDIO/STM32H745-Discovery/../../../../ThirdParty/STM32Cube_FW_H7/Drivers/CMSIS/Include -IC:/Users/maanm/Documents/Embedded Wizard Projects/bfft_driver_interface_HW_library/Application/Project/TrueSTUDIO/STM32H745-Discovery/../../../../ThirdParty/STM32Cube_FW_H7/Drivers/CMSIS/Device/ST/STM32H7xx/Include -IC:/Users/maanm/Documents/Embedded Wizard Projects/bfft_driver_interface_HW_library/Application/Project/TrueSTUDIO/STM32H745-Discovery/../../../../ThirdParty/STM32Cube_FW_H7/Middlewares/Third_Party/FreeRTOS/Source/portable/GCC/ARM_CM7/r0p1 -IC:/Users/maanm/Documents/Embedded Wizard Projects/bfft_driver_interface_HW_library/Application/Project/TrueSTUDIO/STM32H745-Discovery/../../../../ThirdParty/STM32Cube_FW_H7/Middlewares/Third_Party/FreeRTOS/Source/include -IC:/Users/maanm/Documents/Embedded Wizard Projects/bfft_driver_interface_HW_library/Application/Project/TrueSTUDIO/STM32H745-Discovery/../../../../ThirdParty/STM32Cube_FW_H7/Middlewares/Third_Party/FreeRTOS/Source/CMSIS_RTOS -IC:/Users/maanm/Documents/Embedded Wizard Projects/bfft_driver_interface_HW_library/Application/Project/TrueSTUDIO/STM32H745-Discovery/../../../../PlatformPackage/RTE -IC:/Users/maanm/Documents/Embedded Wizard Projects/bfft_driver_interface_HW_library/Application/Project/TrueSTUDIO/STM32H745-Discovery/../../../../PlatformPackage/RGB565 -O1 -ffunction-sections -g3 -fstack-usage -Wall -fmessage-length=0 -o ThirdParty\STM32Cube_FW_H7\Middlewares\Third_Party\FreeRTOS\Source\queue.o 
arm-atollic-eabi-gcc -c ..\..\..\..\Source\BFFT_SystemStatusLED.c -mthumb -mcpu=cortex-m7 -mfloat-abi=hard -mfpu=fpv5-sp-d16 -std=c11 -DEW_FRAME_BUFFER_COLOR_FORMAT=EW_FRAME_BUFFER_COLOR_FORMAT_RGB565 -DEW_SURFACE_ROTATION=0 -DEW_USE_FREE_RTOS=1 -DEW_USE_EXTERNAL_FLASH=1 -DEW_BITMAP_PIXEL_SECTION_NAME=.SectionEwResource -DEW_FONT_PIXEL_SECTION_NAME=.SectionEwResource -DCORE_CM7 -DUSE_HAL_DRIVER -DSTM32H745xx -DUSE_STM32H745I_DISCO -IC:/Users/maanm/Documents/Embedded Wizard Projects/bfft_driver_interface_HW_library/Application/Project/TrueSTUDIO/STM32H745-Discovery/../../../../Application/GeneratedCode -IC:/Users/maanm/Documents/Embedded Wizard Projects/bfft_driver_interface_HW_library/Application/Project/TrueSTUDIO/STM32H745-Discovery/../../../../Application/Source -IC:/Users/maanm/Documents/Embedded Wizard Projects/bfft_driver_interface_HW_library/Application/Project/TrueSTUDIO/STM32H745-Discovery/../../../../TargetSpecific -IC:/Users/maanm/Documents/Embedded Wizard Projects/bfft_driver_interface_HW_library/Application/Project/TrueSTUDIO/STM32H745-Discovery/../../../../TargetSpecific/Drivers -IC:/Users/maanm/Documents/Embedded Wizard Projects/bfft_driver_interface_HW_library/Application/Project/TrueSTUDIO/STM32H745-Discovery/../../../../ThirdParty/STM32Cube_FW_H7/Drivers/STM32H7xx_HAL_Driver/Inc -IC:/Users/maanm/Documents/Embedded Wizard Projects/bfft_driver_interface_HW_library/Application/Project/TrueSTUDIO/STM32H745-Discovery/../../../../ThirdParty/STM32Cube_FW_H7/Drivers/BSP/STM32H745I-DISCO -IC:/Users/maanm/Documents/Embedded Wizard Projects/bfft_driver_interface_HW_library/Application/Project/TrueSTUDIO/STM32H745-Discovery/../../../../ThirdParty/STM32Cube_FW_H7/Drivers/BSP/Components/Common -IC:/Users/maanm/Documents/Embedded Wizard Projects/bfft_driver_interface_HW_library/Application/Project/TrueSTUDIO/STM32H745-Discovery/../../../../ThirdParty/STM32Cube_FW_H7/Drivers/BSP/Components/mt25tl01g -IC:/Users/maanm/Documents/Embedded Wizard Projects/bfft_driver_interface_HW_library/Application/Project/TrueSTUDIO/STM32H745-Discovery/../../../../ThirdParty/STM32Cube_FW_H7/Drivers/BSP/Components/mt48lc4m32b2 -IC:/Users/maanm/Documents/Embedded Wizard Projects/bfft_driver_interface_HW_library/Application/Project/TrueSTUDIO/STM32H745-Discovery/../../../../ThirdParty/STM32Cube_FW_H7/Drivers/CMSIS/Include -IC:/Users/maanm/Documents/Embedded Wizard Projects/bfft_driver_interface_HW_library/Application/Project/TrueSTUDIO/STM32H745-Discovery/../../../../ThirdParty/STM32Cube_FW_H7/Drivers/CMSIS/Device/ST/STM32H7xx/Include -IC:/Users/maanm/Documents/Embedded Wizard Projects/bfft_driver_interface_HW_library/Application/Project/TrueSTUDIO/STM32H745-Discovery/../../../../ThirdParty/STM32Cube_FW_H7/Middlewares/Third_Party/FreeRTOS/Source/portable/GCC/ARM_CM7/r0p1 -IC:/Users/maanm/Documents/Embedded Wizard Projects/bfft_driver_interface_HW_library/Application/Project/TrueSTUDIO/STM32H745-Discovery/../../../../ThirdParty/STM32Cube_FW_H7/Middlewares/Third_Party/FreeRTOS/Source/include -IC:/Users/maanm/Documents/Embedded Wizard Projects/bfft_driver_interface_HW_library/Application/Project/TrueSTUDIO/STM32H745-Discovery/../../../../ThirdParty/STM32Cube_FW_H7/Middlewares/Third_Party/FreeRTOS/Source/CMSIS_RTOS -IC:/Users/maanm/Documents/Embedded Wizard Projects/bfft_driver_interface_HW_library/Application/Project/TrueSTUDIO/STM32H745-Discovery/../../../../PlatformPackage/RTE -IC:/Users/maanm/Documents/Embedded Wizard Projects/bfft_driver_interface_HW_library/Application/Project/TrueSTUDIO/STM32H745-Discovery/../../../../PlatformPackage/RGB565 -O2 -ffunction-sections -g3 -fstack-usage -Wall -fmessage-length=0 -o Application\Source\BFFT_SystemStatusLED.o 
arm-atollic-eabi-gcc -c ..\..\..\..\..\ThirdParty\STM32Cube_FW_H7\Drivers\BSP\STM32H745I-DISCO\stm32h745i_discovery_bus.c -mthumb -mcpu=cortex-m7 -mfloat-abi=hard -mfpu=fpv5-sp-d16 -std=c11 -DEW_FRAME_BUFFER_COLOR_FORMAT=EW_FRAME_BUFFER_COLOR_FORMAT_RGB565 -DEW_SURFACE_ROTATION=0 -DEW_USE_FREE_RTOS=1 -DEW_USE_EXTERNAL_FLASH=1 -DEW_BITMAP_PIXEL_SECTION_NAME=.SectionEwResource -DEW_FONT_PIXEL_SECTION_NAME=.SectionEwResource -DCORE_CM7 -DUSE_HAL_DRIVER -DSTM32H745xx -DUSE_STM32H745I_DISCO -IC:/Users/maanm/Documents/Embedded Wizard Projects/bfft_driver_interface_HW_library/Application/Project/TrueSTUDIO/STM32H745-Discovery/../../../../Application/GeneratedCode -IC:/Users/maanm/Documents/Embedded Wizard Projects/bfft_driver_interface_HW_library/Application/Project/TrueSTUDIO/STM32H745-Discovery/../../../../Application/Source -IC:/Users/maanm/Documents/Embedded Wizard Projects/bfft_driver_interface_HW_library/Application/Project/TrueSTUDIO/STM32H745-Discovery/../../../../TargetSpecific -IC:/Users/maanm/Documents/Embedded Wizard Projects/bfft_driver_interface_HW_library/Application/Project/TrueSTUDIO/STM32H745-Discovery/../../../../TargetSpecific/Drivers -IC:/Users/maanm/Documents/Embedded Wizard Projects/bfft_driver_interface_HW_library/Application/Project/TrueSTUDIO/STM32H745-Discovery/../../../../ThirdParty/STM32Cube_FW_H7/Drivers/STM32H7xx_HAL_Driver/Inc -IC:/Users/maanm/Documents/Embedded Wizard Projects/bfft_driver_interface_HW_library/Application/Project/TrueSTUDIO/STM32H745-Discovery/../../../../ThirdParty/STM32Cube_FW_H7/Drivers/BSP/STM32H745I-DISCO -IC:/Users/maanm/Documents/Embedded Wizard Projects/bfft_driver_interface_HW_library/Application/Project/TrueSTUDIO/STM32H745-Discovery/../../../../ThirdParty/STM32Cube_FW_H7/Drivers/BSP/Components/Common -IC:/Users/maanm/Documents/Embedded Wizard Projects/bfft_driver_interface_HW_library/Application/Project/TrueSTUDIO/STM32H745-Discovery/../../../../ThirdParty/STM32Cube_FW_H7/Drivers/BSP/Components/mt25tl01g -IC:/Users/maanm/Documents/Embedded Wizard Projects/bfft_driver_interface_HW_library/Application/Project/TrueSTUDIO/STM32H745-Discovery/../../../../ThirdParty/STM32Cube_FW_H7/Drivers/BSP/Components/mt48lc4m32b2 -IC:/Users/maanm/Documents/Embedded Wizard Projects/bfft_driver_interface_HW_library/Application/Project/TrueSTUDIO/STM32H745-Discovery/../../../../ThirdParty/STM32Cube_FW_H7/Drivers/CMSIS/Include -IC:/Users/maanm/Documents/Embedded Wizard Projects/bfft_driver_interface_HW_library/Application/Project/TrueSTUDIO/STM32H745-Discovery/../../../../ThirdParty/STM32Cube_FW_H7/Drivers/CMSIS/Device/ST/STM32H7xx/Include -IC:/Users/maanm/Documents/Embedded Wizard Projects/bfft_driver_interface_HW_library/Application/Project/TrueSTUDIO/STM32H745-Discovery/../../../../ThirdParty/STM32Cube_FW_H7/Middlewares/Third_Party/FreeRTOS/Source/portable/GCC/ARM_CM7/r0p1 -IC:/Users/maanm/Documents/Embedded Wizard Projects/bfft_driver_interface_HW_library/Application/Project/TrueSTUDIO/STM32H745-Discovery/../../../../ThirdParty/STM32Cube_FW_H7/Middlewares/Third_Party/FreeRTOS/Source/include -IC:/Users/maanm/Documents/Embedded Wizard Projects/bfft_driver_interface_HW_library/Application/Project/TrueSTUDIO/STM32H745-Discovery/../../../../ThirdParty/STM32Cube_FW_H7/Middlewares/Third_Party/FreeRTOS/Source/CMSIS_RTOS -IC:/Users/maanm/Documents/Embedded Wizard Projects/bfft_driver_interface_HW_library/Application/Project/TrueSTUDIO/STM32H745-Discovery/../../../../PlatformPackage/RTE -IC:/Users/maanm/Documents/Embedded Wizard Projects/bfft_driver_interface_HW_library/Application/Project/TrueSTUDIO/STM32H745-Discovery/../../../../PlatformPackage/RGB565 -O2 -ffunction-sections -g3 -fstack-usage -Wall -fmessage-length=0 -o ThirdParty\STM32Cube_FW_H7\Drivers\BSP\STM32H745I-DISCO\stm32h745i_discovery_bus.o 
arm-atollic-eabi-gcc -c ..\..\..\..\GeneratedCode\SetRotaionalSpeed.c -mthumb -mcpu=cortex-m7 -mfloat-abi=hard -mfpu=fpv5-sp-d16 -std=c11 -DEW_FRAME_BUFFER_COLOR_FORMAT=EW_FRAME_BUFFER_COLOR_FORMAT_RGB565 -DEW_SURFACE_ROTATION=0 -DEW_USE_FREE_RTOS=1 -DEW_USE_EXTERNAL_FLASH=1 -DEW_BITMAP_PIXEL_SECTION_NAME=.SectionEwResource -DEW_FONT_PIXEL_SECTION_NAME=.SectionEwResource -DCORE_CM7 -DUSE_HAL_DRIVER -DSTM32H745xx -DUSE_STM32H745I_DISCO -IC:/Users/maanm/Documents/Embedded Wizard Projects/bfft_driver_interface_HW_library/Application/Project/TrueSTUDIO/STM32H745-Discovery/../../../../Application/GeneratedCode -IC:/Users/maanm/Documents/Embedded Wizard Projects/bfft_driver_interface_HW_library/Application/Project/TrueSTUDIO/STM32H745-Discovery/../../../../Application/Source -IC:/Users/maanm/Documents/Embedded Wizard Projects/bfft_driver_interface_HW_library/Application/Project/TrueSTUDIO/STM32H745-Discovery/../../../../TargetSpecific -IC:/Users/maanm/Documents/Embedded Wizard Projects/bfft_driver_interface_HW_library/Application/Project/TrueSTUDIO/STM32H745-Discovery/../../../../TargetSpecific/Drivers -IC:/Users/maanm/Documents/Embedded Wizard Projects/bfft_driver_interface_HW_library/Application/Project/TrueSTUDIO/STM32H745-Discovery/../../../../ThirdParty/STM32Cube_FW_H7/Drivers/STM32H7xx_HAL_Driver/Inc -IC:/Users/maanm/Documents/Embedded Wizard Projects/bfft_driver_interface_HW_library/Application/Project/TrueSTUDIO/STM32H745-Discovery/../../../../ThirdParty/STM32Cube_FW_H7/Drivers/BSP/STM32H745I-DISCO -IC:/Users/maanm/Documents/Embedded Wizard Projects/bfft_driver_interface_HW_library/Application/Project/TrueSTUDIO/STM32H745-Discovery/../../../../ThirdParty/STM32Cube_FW_H7/Drivers/BSP/Components/Common -IC:/Users/maanm/Documents/Embedded Wizard Projects/bfft_driver_interface_HW_library/Application/Project/TrueSTUDIO/STM32H745-Discovery/../../../../ThirdParty/STM32Cube_FW_H7/Drivers/BSP/Components/mt25tl01g -IC:/Users/maanm/Documents/Embedded Wizard Projects/bfft_driver_interface_HW_library/Application/Project/TrueSTUDIO/STM32H745-Discovery/../../../../ThirdParty/STM32Cube_FW_H7/Drivers/BSP/Components/mt48lc4m32b2 -IC:/Users/maanm/Documents/Embedded Wizard Projects/bfft_driver_interface_HW_library/Application/Project/TrueSTUDIO/STM32H745-Discovery/../../../../ThirdParty/STM32Cube_FW_H7/Drivers/CMSIS/Include -IC:/Users/maanm/Documents/Embedded Wizard Projects/bfft_driver_interface_HW_library/Application/Project/TrueSTUDIO/STM32H745-Discovery/../../../../ThirdParty/STM32Cube_FW_H7/Drivers/CMSIS/Device/ST/STM32H7xx/Include -IC:/Users/maanm/Documents/Embedded Wizard Projects/bfft_driver_interface_HW_library/Application/Project/TrueSTUDIO/STM32H745-Discovery/../../../../ThirdParty/STM32Cube_FW_H7/Middlewares/Third_Party/FreeRTOS/Source/portable/GCC/ARM_CM7/r0p1 -IC:/Users/maanm/Documents/Embedded Wizard Projects/bfft_driver_interface_HW_library/Application/Project/TrueSTUDIO/STM32H745-Discovery/../../../../ThirdParty/STM32Cube_FW_H7/Middlewares/Third_Party/FreeRTOS/Source/include -IC:/Users/maanm/Documents/Embedded Wizard Projects/bfft_driver_interface_HW_library/Application/Project/TrueSTUDIO/STM32H745-Discovery/../../../../ThirdParty/STM32Cube_FW_H7/Middlewares/Third_Party/FreeRTOS/Source/CMSIS_RTOS -IC:/Users/maanm/Documents/Embedded Wizard Projects/bfft_driver_interface_HW_library/Application/Project/TrueSTUDIO/STM32H745-Discovery/../../../../PlatformPackage/RTE -IC:/Users/maanm/Documents/Embedded Wizard Projects/bfft_driver_interface_HW_library/Application/Project/TrueSTUDIO/STM32H745-Discovery/../../../../PlatformPackage/RGB565 -O2 -ffunction-sections -g3 -fstack-usage -Wall -fmessage-length=0 -o Application\GeneratedCode\SetRotaionalSpeed.o 
arm-atollic-eabi-gcc -o EmbeddedWizard-STM32H745-Discovery.elf Application\GeneratedCode\Application.o Application\GeneratedCode\Batterie.o Application\GeneratedCode\BezierClock.o Application\GeneratedCode\Core.o Application\GeneratedCode\DriverInterfce.o Application\GeneratedCode\Effects.o Application\GeneratedCode\Graphics.o Application\GeneratedCode\Resources.o Application\GeneratedCode\SetRotaionalSpeed.o Application\GeneratedCode\SetSpeed.o Application\GeneratedCode\Templates.o Application\GeneratedCode\Views.o Application\GeneratedCode\WidgetSet.o Application\Source\BFFT_CAN.o Application\Source\BFFT_SystemStatusLED.o Application\Source\DeviceDriver.o Application\Source\ewmain.o Application\Source\fdcan.o Application\Source\gpio.o Application\Source\main.o PlatformPackage\RGB565\ewextgfx.o PlatformPackage\RTE\ewextrte.o TargetSpecific\Drivers\ft5336.o TargetSpecific\Drivers\ft5336_reg.o TargetSpecific\ew_bsp_clock.o TargetSpecific\ew_bsp_console.o TargetSpecific\ew_bsp_display.o TargetSpecific\ew_bsp_event.o TargetSpecific\ew_bsp_graphics.o TargetSpecific\ew_bsp_inout.o TargetSpecific\ew_bsp_system.o TargetSpecific\ew_bsp_touch.o TargetSpecific\stm32h7xx_it.o TargetSpecific\system_stm32h7xx.o ThirdParty\STM32Cube_FW_H7\Drivers\BSP\Components\mt25tl01g\mt25tl01g.o ThirdParty\STM32Cube_FW_H7\Drivers\BSP\Components\mt48lc4m32b2\mt48lc4m32b2.o ThirdParty\STM32Cube_FW_H7\Drivers\BSP\STM32H745I-DISCO\stm32h745i_discovery.o ThirdParty\STM32Cube_FW_H7\Drivers\BSP\STM32H745I-DISCO\stm32h745i_discovery_bus.o ThirdParty\STM32Cube_FW_H7\Drivers\BSP\STM32H745I-DISCO\stm32h745i_discovery_qspi.o ThirdParty\STM32Cube_FW_H7\Drivers\BSP\STM32H745I-DISCO\stm32h745i_discovery_sdram.o ThirdParty\STM32Cube_FW_H7\Drivers\BSP\STM32H745I-DISCO\stm32h745i_discovery_ts.o ThirdParty\STM32Cube_FW_H7\Drivers\STM32H7xx_HAL_Driver\stm32h7xx_hal.o ThirdParty\STM32Cube_FW_H7\Drivers\STM32H7xx_HAL_Driver\stm32h7xx_hal_cortex.o ThirdParty\STM32Cube_FW_H7\Drivers\STM32H7xx_HAL_Driver\stm32h7xx_hal_dma.o ThirdParty\STM32Cube_FW_H7\Drivers\STM32H7xx_HAL_Driver\stm32h7xx_hal_dma2d.o ThirdParty\STM32Cube_FW_H7\Drivers\STM32H7xx_HAL_Driver\stm32h7xx_hal_exti.o ThirdParty\STM32Cube_FW_H7\Drivers\STM32H7xx_HAL_Driver\stm32h7xx_hal_fdcan.o ThirdParty\STM32Cube_FW_H7\Drivers\STM32H7xx_HAL_Driver\stm32h7xx_hal_gpio.o ThirdParty\STM32Cube_FW_H7\Drivers\STM32H7xx_HAL_Driver\stm32h7xx_hal_i2c.o ThirdParty\STM32Cube_FW_H7\Drivers\STM32H7xx_HAL_Driver\stm32h7xx_hal_i2c_ex.o ThirdParty\STM32Cube_FW_H7\Drivers\STM32H7xx_HAL_Driver\stm32h7xx_hal_ltdc.o ThirdParty\STM32Cube_FW_H7\Drivers\STM32H7xx_HAL_Driver\stm32h7xx_hal_mdma.o ThirdParty\STM32Cube_FW_H7\Drivers\STM32H7xx_HAL_Driver\stm32h7xx_hal_pwr_ex.o ThirdParty\STM32Cube_FW_H7\Drivers\STM32H7xx_HAL_Driver\stm32h7xx_hal_qspi.o ThirdParty\STM32Cube_FW_H7\Drivers\STM32H7xx_HAL_Driver\stm32h7xx_hal_rcc.o ThirdParty\STM32Cube_FW_H7\Drivers\STM32H7xx_HAL_Driver\stm32h7xx_hal_rcc_ex.o ThirdParty\STM32Cube_FW_H7\Drivers\STM32H7xx_HAL_Driver\stm32h7xx_hal_rtc.o ThirdParty\STM32Cube_FW_H7\Drivers\STM32H7xx_HAL_Driver\stm32h7xx_hal_rtc_ex.o ThirdParty\STM32Cube_FW_H7\Drivers\STM32H7xx_HAL_Driver\stm32h7xx_hal_sdram.o ThirdParty\STM32Cube_FW_H7\Drivers\STM32H7xx_HAL_Driver\stm32h7xx_hal_spi.o ThirdParty\STM32Cube_FW_H7\Drivers\STM32H7xx_HAL_Driver\stm32h7xx_hal_tim.o ThirdParty\STM32Cube_FW_H7\Drivers\STM32H7xx_HAL_Driver\stm32h7xx_hal_tim_ex.o ThirdParty\STM32Cube_FW_H7\Drivers\STM32H7xx_HAL_Driver\stm32h7xx_hal_uart.o ThirdParty\STM32Cube_FW_H7\Drivers\STM32H7xx_HAL_Driver\stm32h7xx_hal_uart_ex.o ThirdParty\STM32Cube_FW_H7\Drivers\STM32H7xx_HAL_Driver\stm32h7xx_ll_fmc.o ThirdParty\STM32Cube_FW_H7\Middlewares\Third_Party\FreeRTOS\Source\CMSIS_RTOS\cmsis_os.o ThirdParty\STM32Cube_FW_H7\Middlewares\Third_Party\FreeRTOS\Source\list.o ThirdParty\STM32Cube_FW_H7\Middlewares\Third_Party\FreeRTOS\Source\portable\GCC\ARM_CM7\r0p1\port.o ThirdParty\STM32Cube_FW_H7\Middlewares\Third_Party\FreeRTOS\Source\portable\MemMang\heap_4.o ThirdParty\STM32Cube_FW_H7\Middlewares\Third_Party\FreeRTOS\Source\queue.o ThirdParty\STM32Cube_FW_H7\Middlewares\Third_Party\FreeRTOS\Source\tasks.o ThirdParty\STM32Cube_FW_H7\Middlewares\Third_Party\FreeRTOS\Source\timers.o startup_stm32h745xx.o -lewgfx-m7-gcc -lewrte-m7-gcc -mthumb -mcpu=cortex-m7 -mfloat-abi=hard -mfpu=fpv5-sp-d16 -T../BUILD_STM32H743XI_FLASH.ld -specs=nosys.specs -static -LC:/Users/maanm/Documents/Embedded Wizard Projects/bfft_driver_interface_HW_library/Application/Project/TrueSTUDIO/STM32H745-Discovery/../../../../PlatformPackage/RTE -LC:/Users/maanm/Documents/Embedded Wizard Projects/bfft_driver_interface_HW_library/Application/Project/TrueSTUDIO/STM32H745-Discovery/../../../../PlatformPackage/RGB565 -Wl,-Map=EmbeddedWizard-STM32H745-Discovery.map -Wl,--gc-sections -Wl,--defsym=malloc_getpagesize_P=0x80 -Wl,--start-group -lc -lm -Wl,--end-group 
C:\Program Files (x86)\Atollic\TrueSTUDIO for STM32 9.3.0\ide\jre\bin\java -jar C:\Program Files (x86)\Atollic\TrueSTUDIO for STM32 9.3.0\Tools\arm-atollic-reports.jar convert-hex sizeinfo list EmbeddedWizard-STM32H745-Discovery.elf 
Generate build reports...
Converting build output to hex
Output sent to: EmbeddedWizard-STM32H745-Discovery.hex
Converting build output to hex done
Print size information
   text	   data	    bss	    dec	    hex	filename
1110746	   1364	  17476	1129586	 113c72	EmbeddedWizard-STM32H745-Discovery.elf
Print size information done
Generate listing file
Output sent to: EmbeddedWizard-STM32H745-Discovery.list
Generate listing file done
Generate build reports done
