BezierClock.c:2776:8:BezierClockBackground_OnGetCurrentBackground	0	static
BezierClock.c:3072:7:BezierClockTimerScreen_OnGetActive	0	static
BezierClock.c:3078:8:BezierClockTimerScreen_OnGetTimerCurrent	0	static
BezierClock.c:3788:8:BezierClockDeviceClass_OnGetCurrentBackground	0	static
BezierClock.c:3807:6:BezierClockDevice__Init	0	static
BezierClock.c:1232:6:BezierClockDatePicker__Init	112	static
BezierClock.c:217:6:BezierClockTimePicker__Init	120	static
BezierClock.c:334:6:BezierClockTimePicker__ReInit	8	static
BezierClock.c:1335:6:BezierClockDatePicker__ReInit	8	static
BezierClock.c:357:6:BezierClockTimePicker__Done	8	static
BezierClock.c:1356:6:BezierClockDatePicker__Done	8	static
BezierClock.c:389:6:BezierClockTimePicker_UpdateLayout	64	static
BezierClock.c:1386:6:BezierClockDatePicker_UpdateLayout	64	static
BezierClock.c:419:6:BezierClockTimePicker_UpdateViewState	24	static
BezierClock.c:1416:6:BezierClockDatePicker_UpdateViewState	24	static
BezierClock.c:472:6:BezierClockTimePicker_onStartSlide	0	static
BezierClock.c:1479:6:BezierClockDatePicker_onStartSlide	0	static
BezierClock.c:482:6:BezierClockTimePicker_OnLoadSecondItem	64	static
BezierClock.c:508:6:BezierClockTimePicker_OnLoadMinuteItem	64	static
BezierClock.c:534:6:BezierClockTimePicker_OnLoadHourItem	64	static
BezierClock.c:1489:6:BezierClockDatePicker_OnLoadYearItem	64	static
BezierClock.c:1515:6:BezierClockDatePicker_OnLoadMonthItem	64	static
BezierClock.c:1590:6:BezierClockDatePicker_OnLoadDayItem	64	static
BezierClock.c:1942:6:BezierClockDigit_UpdateLayout	80	static
BezierClock.c:616:6:BezierClockTimePicker_onHourUpdate	32	static
BezierClock.c:649:6:BezierClockTimePicker_onMinuteUpdate	32	static
BezierClock.c:683:6:BezierClockTimePicker_onSecondUpdate	32	static
BezierClock.c:1714:6:BezierClockDatePicker_onDayUpdate	32	static
BezierClock.c:1747:6:BezierClockDatePicker_onMonthUpdate	32	static
BezierClock.c:1780:6:BezierClockDatePicker_onYearUpdate	32	static
BezierClock.c:2477:6:BezierClockBubble__ReInit	8	static
BezierClock.c:2490:6:BezierClockBubble__Done	8	static
BezierClock.c:1051:6:BezierClockSettingsScreen__Init	64	static
BezierClock.c:1099:6:BezierClockSettingsScreen__ReInit	8	static
BezierClock.c:1115:6:BezierClockSettingsScreen__Done	8	static
BezierClock.c:980:6:BezierClockClockScreen_frequentUpdate	24	static
BezierClock.c:999:6:BezierClockClockScreen_firstUpdate	32	static
BezierClock.c:3024:6:BezierClockTimerScreen_OnSetActive	16	static
BezierClock.c:1883:6:BezierClockDigit__ReInit	8	static
BezierClock.c:865:6:BezierClockClockScreen__ReInit	8	static
BezierClock.c:1895:6:BezierClockDigit__Done	8	static
BezierClock.c:888:6:BezierClockClockScreen__Done	8	static
BezierClock.c:2039:6:BezierClockDigit_updatePoints	240	static
BezierClock.c:2666:6:BezierClockBackground_UpdateLayout	72	static
BezierClock.c:2439:6:BezierClockBubble__Init	48	static
BezierClock.c:2512:6:BezierClockBubble_UpdateLayout	184	static
BezierClock.c:2571:6:BezierClockBackground__Init	80	static
BezierClock.c:2627:6:BezierClockBackground__ReInit	8	static
BezierClock.c:2642:6:BezierClockBackground__Done	8	static
BezierClock.c:2690:6:BezierClockBackground_UpdateViewState	24	static
BezierClock.c:2700:6:BezierClockBackground_onAnimate	128	static
BezierClock.c:2740:6:BezierClockBackground_OnSetCurrentBackground	32	static
BezierClock.c:3906:6:BezierClockBezierClock_onUpdateBackground	8	static
BezierClock.c:3117:6:BezierClockTimerWheel__Init	104	static
BezierClock.c:3187:6:BezierClockTimerWheel__ReInit	8	static
BezierClock.c:2927:6:BezierClockTimerScreen__ReInit	8	static
BezierClock.c:3209:6:BezierClockTimerWheel__Done	8	static
BezierClock.c:2949:6:BezierClockTimerScreen__Done	8	static
BezierClock.c:3240:6:BezierClockTimerWheel_UpdateLayout	240	static
BezierClock.c:3300:6:BezierClockTimerWheel_UpdateViewState	72	static
BezierClock.c:3405:6:BezierClockTimerWheel_onOutlet	8	static
BezierClock.c:3588:6:BezierClockTimerWheel_updateButton	24	static
BezierClock.c:3729:6:BezierClockDeviceClass__Init	8	static
BezierClock.c:3745:6:BezierClockDeviceClass__ReInit	0	static
BezierClock.c:3752:6:BezierClockDeviceClass__Done	0	static
BezierClock.c:3864:6:BezierClockBezierClock__ReInit	8	static
BezierClock.c:3875:6:BezierClockBezierClock__Done	8	static
BezierClock.c:458:6:BezierClockTimePicker_onEndSlide	8	static
BezierClock.c:942:6:BezierClockClockScreen_onShowSettings	72	static
BezierClock.c:1186:6:BezierClockSettingsScreen_onCancel	64	static
BezierClock.c:2722:6:BezierClockBackground_setBitmap	8	static
BezierClock.c:3776:6:BezierClockDeviceClass_OnSetCurrentBackground	24	static
BezierClock.c:2029:6:BezierClockDigit_OnSetHelpers.part.9	16	static
BezierClock.c:3467:6:BezierClockTimerWheel_onReleaseTouch	8	static
BezierClock.c:3418:6:BezierClockTimerWheel_onRotateTouch	24	static
BezierClock.c:3668:6:BezierClockTimerWheel_OnSetActive.part.14	24	static
BezierClock.c:3487:6:BezierClockTimerWheel_onPressTouch	16	static
BezierClock.c:3657:6:BezierClockTimerWheel_onOutletActive	8	static
BezierClock.c:1163:6:BezierClockSettingsScreen_onConfirm	64	static
BezierClock.c:199:14:EwCheckIndex.part.4.constprop	16	static
BezierClock.c:2203:6:BezierClockDigit_updatePath	64	static
BezierClock.c:559:8:BezierClockTimePicker_OnGetSecond	0	static
BezierClock.c:566:6:BezierClockTimePicker_OnSetSecond	0	static
BezierClock.c:578:8:BezierClockTimePicker_OnGetMinute	0	static
BezierClock.c:585:6:BezierClockTimePicker_OnSetMinute	0	static
BezierClock.c:597:8:BezierClockTimePicker_OnGetHour	0	static
BezierClock.c:604:6:BezierClockTimePicker_OnSetHour	0	static
BezierClock.c:916:6:BezierClockClockScreen_Init	24	static
BezierClock.c:1614:8:BezierClockDatePicker_OnGetYear	0	static
BezierClock.c:1642:8:BezierClockDatePicker_OnGetMonth	0	static
BezierClock.c:1669:8:BezierClockDatePicker_OnGetDay	0	static
BezierClock.c:1693:8:BezierClockDatePicker_getDaysInMonth	4	static
BezierClock.c:1676:6:BezierClockDatePicker_OnSetDay	24	static
BezierClock.c:1455:6:BezierClockDatePicker_onEndSlide	24	static
BezierClock.c:1621:6:BezierClockDatePicker_OnSetYear	16	static
BezierClock.c:1649:6:BezierClockDatePicker_OnSetMonth	16	static
BezierClock.c:1147:6:BezierClockSettingsScreen_UpdateViewState	16	static
BezierClock.c:1953:6:BezierClockDigit_Init	24	static
BezierClock.c:1847:6:BezierClockDigit__Init	64	static
BezierClock.c:1962:6:BezierClockDigit_OnSetValue	32	static
BezierClock.c:957:6:BezierClockClockScreen_updateCurrentTime	24	static
BezierClock.c:3046:6:BezierClockTimerScreen_OnSetTimerCurrent	48	static
BezierClock.c:1973:6:BezierClockDigit_OnSetEdges	0	static
BezierClock.c:1982:6:BezierClockDigit_OnSetColor	16	static
BezierClock.c:2987:6:BezierClockTimerScreen_UpdateViewState	16	static
BezierClock.c:751:6:BezierClockClockScreen__Init	88	static
BezierClock.c:1992:6:BezierClockDigit_OnSetStrokeWidth	0	static
BezierClock.c:2002:6:BezierClockDigit_drawPoint	144	static
BezierClock.c:1910:6:BezierClockDigit_drawContent	120	static
BezierClock.c:2029:6:BezierClockDigit_OnSetHelpers	0	static
BezierClock.c:2193:6:BezierClockDigit_OnSetAnimationDuration	0	static
BezierClock.c:2759:6:BezierClockBackground_ShiftLeft	32	static
BezierClock.c:925:6:BezierClockClockScreen_onShowTimer	72	static
BezierClock.c:2768:6:BezierClockBackground_ShiftRight	24	static
BezierClock.c:3009:6:BezierClockTimerScreen_onDismiss	72	static
BezierClock.c:3508:6:BezierClockTimerWheel_OnSetOutlet	72	static
BezierClock.c:3528:6:BezierClockTimerWheel_OnSetMaxValue	0	static
BezierClock.c:3538:8:BezierClockTimerWheel_OnGetCurrentValue	0	static
BezierClock.c:3563:6:BezierClockTimerWheel_OnSetCurrentValue	0	static
BezierClock.c:3574:6:BezierClockTimerWheel_OnSetOutletFactor	0	static
BezierClock.c:3634:6:BezierClockTimerWheel_OnSetOutletActive	72	static
BezierClock.c:2816:6:BezierClockTimerScreen__Init	128	static
BezierClock.c:3668:6:BezierClockTimerWheel_OnSetActive	0	static
BezierClock.c:3763:6:BezierClockDeviceClass_SetTime	0	static
BezierClock.c:3891:6:BezierClockBezierClock_Init	112	static
BezierClock.c:3835:6:BezierClockBezierClock__Init	64	static
