Core.c:208:6:CoreView_initLayoutContext	0	static
Core.c:338:9:CoreView_HandleEvent	0	static
Core.c:384:15:CoreView_CursorHitTest	4	static
Core.c:422:8:CoreView_ArrangeView	8	static
Core.c:449:6:CoreView_MoveView	8	static
Core.c:466:7:CoreView_GetExtent	0	static
Core.c:1930:7:CoreRectView_GetExtent	4	static
Core.c:2759:6:CoreGroup_OnSetOpacity	40	static
Core.c:2818:7:CoreGroup_IsDialog	8	static
Core.c:3319:6:CoreGroup_UpdateLayout	8	static
Core.c:3346:6:CoreGroup_UpdateViewState	0	static
Core.c:3908:10:CoreRoot_GetRoot	0	static
Core.c:4021:7:CoreRoot_IsDialog	0	static
Core.c:6618:10:CoreVerticalList_FindSiblingView	0	static
Core.c:8146:6:CoreSlideTouchHandler_Draw	0	static
Core.c:9752:6:CoreTask_OnCancel	0	static
Core.c:9929:15:TimerProc	0	static
Core.c:174:6:CoreView__Init	8	static
Core.c:564:6:CoreLineView__Init	8	static
Core.c:1034:6:CoreQuadView__Init	8	static
Core.c:7245:6:CoreSimpleTouchHandler__Init	24	static
Core.c:1635:6:CoreRectView__Init	8	static
Core.c:5900:6:CoreOutline__Init	8	static
Core.c:7680:6:CoreRotateTouchHandler__Init	24	static
Core.c:8075:6:CoreSlideTouchHandler__Init	24	static
Core.c:9247:6:CoreCursorHit__Init	8	static
Core.c:9302:6:CoreModalContext__Init	8	static
Core.c:9341:6:CoreLayoutContext__Init	8	static
Core.c:9380:6:CoreLayoutLineContext__Init	8	static
Core.c:9419:6:CoreLayoutQuadContext__Init	8	static
Core.c:9458:6:CoreDialogContext__Init	8	static
Core.c:9497:6:CoreTaskQueue__Init	8	static
Core.c:9695:6:CoreTask__Init	8	static
Core.c:9936:6:CoreTimer__Init	8	static
Core.c:10108:6:CoreTime__Init	8	static
Core.c:10572:6:CorePropertyObserver__Init	8	static
Core.c:191:6:CoreView__ReInit	0	static
Core.c:579:6:CoreLineView__ReInit	0	static
Core.c:1049:6:CoreQuadView__ReInit	0	static
Core.c:7268:6:CoreSimpleTouchHandler__ReInit	0	static
Core.c:1650:6:CoreRectView__ReInit	0	static
Core.c:2010:6:CoreGroup__ReInit	0	static
Core.c:6260:6:CoreVerticalList__ReInit	0	static
Core.c:5918:6:CoreOutline__ReInit	0	static
Core.c:7701:6:CoreRotateTouchHandler__ReInit	0	static
Core.c:8105:6:CoreSlideTouchHandler__ReInit	0	static
Core.c:5333:6:CoreEvent__ReInit	0	static
Core.c:5395:6:CoreKeyEvent__ReInit	0	static
Core.c:5635:6:CoreCursorGrabEvent__ReInit	0	static
Core.c:5723:6:CoreCursorEvent__ReInit	0	static
Core.c:5847:6:CoreDragEvent__ReInit	0	static
Core.c:9161:6:CoreKeyPressHandler__ReInit	0	static
Core.c:9260:6:CoreCursorHit__ReInit	0	static
Core.c:9315:6:CoreModalContext__ReInit	0	static
Core.c:9354:6:CoreLayoutContext__ReInit	0	static
Core.c:9393:6:CoreLayoutLineContext__ReInit	0	static
Core.c:9432:6:CoreLayoutQuadContext__ReInit	0	static
Core.c:9471:6:CoreDialogContext__ReInit	0	static
Core.c:9510:6:CoreTaskQueue__ReInit	0	static
Core.c:9708:6:CoreTask__ReInit	0	static
Core.c:9865:6:CoreResource__ReInit	0	static
Core.c:9952:6:CoreTimer__ReInit	0	static
Core.c:3881:6:CoreRoot__ReInit	8	static
Core.c:10121:6:CoreTime__ReInit	0	static
Core.c:10588:6:CorePropertyObserver__ReInit	0	static
Core.c:198:6:CoreView__Done	0	static
Core.c:586:6:CoreLineView__Done	0	static
Core.c:1056:6:CoreQuadView__Done	0	static
Core.c:7275:6:CoreSimpleTouchHandler__Done	0	static
Core.c:1657:6:CoreRectView__Done	0	static
Core.c:2017:6:CoreGroup__Done	0	static
Core.c:6267:6:CoreVerticalList__Done	0	static
Core.c:5925:6:CoreOutline__Done	0	static
Core.c:7708:6:CoreRotateTouchHandler__Done	0	static
Core.c:8112:6:CoreSlideTouchHandler__Done	0	static
Core.c:5340:6:CoreEvent__Done	0	static
Core.c:5402:6:CoreKeyEvent__Done	0	static
Core.c:5642:6:CoreCursorGrabEvent__Done	0	static
Core.c:5730:6:CoreCursorEvent__Done	0	static
Core.c:5854:6:CoreDragEvent__Done	0	static
Core.c:9168:6:CoreKeyPressHandler__Done	0	static
Core.c:9267:6:CoreCursorHit__Done	0	static
Core.c:9322:6:CoreModalContext__Done	0	static
Core.c:9361:6:CoreLayoutContext__Done	0	static
Core.c:9400:6:CoreLayoutLineContext__Done	0	static
Core.c:9439:6:CoreLayoutQuadContext__Done	0	static
Core.c:9478:6:CoreDialogContext__Done	0	static
Core.c:9517:6:CoreTaskQueue__Done	0	static
Core.c:9715:6:CoreTask__Done	0	static
Core.c:10128:6:CoreTime__Done	0	static
Core.c:10595:6:CorePropertyObserver__Done	0	static
Core.c:9577:6:CoreTaskQueue_onPreDispatchNext	24	static
Core.c:492:6:CoreView_ChangeViewState	80	static
Core.c:2198:6:CoreGroup_ChangeViewState	24	static
Core.c:3965:6:CoreRoot_ChangeViewState	96	static
Core.c:256:10:CoreView_GetRoot	16	static
Core.c:1667:6:CoreRectView_initLayoutContext	24	static
Core.c:1066:6:CoreQuadView_initLayoutContext	40	static
Core.c:1694:8:CoreRectView_ArrangeView	160	static
Core.c:1919:6:CoreRectView_MoveView	96	static
Core.c:1936:6:CoreRectView_OnSetBounds	80	static
Core.c:2051:6:CoreGroup_Draw	136	static
Core.c:6301:6:CoreVerticalList_Draw	48	static
Core.c:2316:6:CoreGroup_drawContent	240	static
Core.c:2101:15:CoreGroup_CursorHitTest	208	static
Core.c:2727:6:CoreGroup_OnSetBuffered	64	static
Core.c:2233:6:CoreGroup_OnSetBounds	88	static
Core.c:3938:6:CoreRoot_Draw	120	static
Core.c:2296:6:CoreGroup_updateBufferSlot	88	static
Core.c:6639:6:CoreVerticalList_RestackTop	8	static
Core.c:6659:6:CoreVerticalList_Remove	8	static
Core.c:6685:6:CoreVerticalList_Add	8	static
Core.c:5972:6:CoreOutline_OnSetBounds	120	static
Core.c:3370:6:CoreGroup_InvalidateArea	112	static
Core.c:5317:6:CoreEvent__Init	8	static
Core.c:5382:6:CoreKeyEvent__Init	16	static
Core.c:5622:6:CoreCursorGrabEvent__Init	16	static
Core.c:5710:6:CoreCursorEvent__Init	16	static
Core.c:5834:6:CoreDragEvent__Init	16	static
Core.c:10605:6:CorePropertyObserver_onEvent	0	static
Core.c:8000:15:CoreRotateTouchHandler_CursorHitTest	80	static
Core.c:8854:15:CoreSlideTouchHandler_CursorHitTest	80	static
Core.c:9872:6:CoreResource__Done	8	static
Core.c:9849:6:CoreResource__Init	16	static
Core.c:9959:6:CoreTimer__Done	8	static
Core.c:3891:6:CoreRoot__Done	8	static
Core.c:1374:7:CoreQuadView_GetExtent	32	static
Core.c:3437:10:CoreGroup_FindSiblingView	24	static
Core.c:2681:6:CoreGroup_OnSetFocus	16	static
Core.c:3980:6:CoreRoot_OnSetFocus	0	static
Core.c:3557:6:CoreGroup_RestackTop	80	static
Core.c:3717:6:CoreGroup_Add	80	static
Core.c:3999:6:CoreRoot_OnSetOpacity.part.8	64	static
Core.c:3987:6:CoreRoot_OnSetBuffered	16	static
Core.c:3999:6:CoreRoot_OnSetOpacity	16	static
Core.c:3639:6:CoreGroup_Remove	80	static
Core.c:4596:7:CoreRoot_DoesNeedUpdate.part.11	24	static
Core.c:9548:6:CoreTaskQueue_onDispatchNext	16	static
Core.c:147:14:EwCheckIndex.part.1.constprop	16	static
Core.c:4121:6:CoreRoot_InvalidateArea	160	static
Core.c:7309:6:CoreSimpleTouchHandler_Draw	0	static
Core.c:7742:6:CoreRotateTouchHandler_Draw	0	static
Core.c:304:6:CoreView_Draw	0	static
Core.c:5959:6:CoreOutline_Draw	0	static
Core.c:9731:6:CoreTask_OnComplete	0	static
Core.c:217:6:CoreView__initLayoutContext	32	static
Core.c:223:6:CoreView_OnSetLayout	80	static
Core.c:274:10:CoreView__GetRoot	0	static
Core.c:317:6:CoreView__Draw	48	static
Core.c:348:9:CoreView__HandleEvent	0	static
Core.c:399:15:CoreView__CursorHitTest	48	static
Core.c:433:8:CoreView__ArrangeView	32	static
Core.c:458:6:CoreView__MoveView	16	static
Core.c:475:7:CoreView__GetExtent	8	static
Core.c:540:6:CoreView__ChangeViewState	0	static
Core.c:902:7:CoreLineView_getExtent	24	static
Core.c:596:6:CoreLineView_initLayoutContext	40	static
Core.c:893:7:CoreLineView_GetExtent	8	static
Core.c:954:7:CoreLineView__getExtent	8	static
Core.c:960:6:CoreLineView_OnSetPoint2	112	static
Core.c:988:6:CoreLineView_OnSetPoint1	112	static
Core.c:626:8:CoreLineView_ArrangeView	136	static
Core.c:876:6:CoreLineView_MoveView	56	static
Core.c:1451:6:CoreQuadView_OnSetPoint4	112	static
Core.c:1479:6:CoreQuadView_OnSetPoint3	112	static
Core.c:1507:6:CoreQuadView_OnSetPoint2	112	static
Core.c:1535:6:CoreQuadView_OnSetPoint1	112	static
Core.c:1098:8:CoreQuadView_ArrangeView	152	static
Core.c:1353:6:CoreQuadView_MoveView	80	static
Core.c:1565:7:CoreQuadView_IsPointInside	80	static
Core.c:1607:7:CoreQuadView_HasRectShape	8	static
Core.c:7552:15:CoreSimpleTouchHandler_CursorHitTest	168	static
Core.c:1964:6:CoreRectView__OnSetBounds	24	static
Core.c:2362:6:CoreGroup__drawContent	48	static
Core.c:2370:6:CoreGroup_recalculateLayout	312	static
Core.c:2657:6:CoreGroup_updateComponent	16	static
Core.c:2715:6:CoreGroup__OnSetFocus	0	static
Core.c:2721:7:CoreGroup_OnGetBuffered	0	static
Core.c:2753:6:CoreGroup__OnSetBuffered	0	static
Core.c:2778:6:CoreGroup__OnSetOpacity	0	static
Core.c:2784:6:CoreGroup_OnSetEmbedded	0	static
Core.c:2793:7:CoreGroup_OnGetVisible	0	static
Core.c:2799:6:CoreGroup_OnSetVisible	0	static
Core.c:2826:7:CoreGroup__IsDialog	0	static
Core.c:3149:8:CoreGroup_LocalPosition	32	static
Core.c:3208:9:CoreGroup__DispatchEvent	0	static
Core.c:3227:9:CoreGroup_BroadcastEventAtPosition	80	static
Core.c:3257:9:CoreGroup__BroadcastEventAtPosition	16	static
Core.c:3307:9:CoreGroup__BroadcastEvent	0	static
Core.c:3327:6:CoreGroup__UpdateLayout	16	static
Core.c:3354:6:CoreGroup__UpdateViewState	0	static
Core.c:3362:6:CoreGroup_InvalidateViewState	24	static
Core.c:1989:6:CoreGroup__Init	8	static
Core.c:6238:6:CoreVerticalList__Init	40	static
Core.c:3412:6:CoreGroup__InvalidateArea	24	static
Core.c:3420:6:CoreGroup_Init	0	static
Core.c:3474:10:CoreGroup__FindSiblingView	0	static
Core.c:3626:6:CoreGroup__RestackTop	0	static
Core.c:3698:6:CoreGroup__Remove	0	static
Core.c:3811:6:CoreGroup__Add	0	static
Core.c:3817:8:CoreGroup_OnGetOpacity	0	static
Core.c:4232:15:CoreRoot_createDragEvent	8	static
Core.c:4245:17:CoreRoot_createCursorEvent	8	static
Core.c:4258:21:CoreRoot_createCursorGrabEvent	8	static
Core.c:4340:8:CoreRoot_GetFPS	8	static
Core.c:4356:8:CoreRoot__GetFPS	0	static
Core.c:4414:6:CoreRoot_EndUpdate	0	static
Core.c:4424:6:CoreRoot__EndUpdate	0	static
Core.c:4439:7:CoreRoot_UpdateCanvas	184	static
Core.c:4471:7:CoreRoot__UpdateCanvas	24	static
Core.c:4482:7:CoreRoot_GetUpdateRegion	12	static
Core.c:4506:7:CoreRoot__GetUpdateRegion	8	static
Core.c:4523:8:CoreRoot_BeginUpdate	200	static
Core.c:4391:7:CoreRoot_UpdateGE20	48	static
Core.c:4366:7:CoreRoot_Update	40	static
Core.c:4379:7:CoreRoot__Update	8	static
Core.c:4404:7:CoreRoot__UpdateGE20	8	static
Core.c:4588:8:CoreRoot__BeginUpdate	0	static
Core.c:4596:7:CoreRoot_DoesNeedUpdate	0	static
Core.c:4613:7:CoreRoot__DoesNeedUpdate	0	static
Core.c:4622:10:CoreRoot_Initialize	88	static
Core.c:4637:10:CoreRoot__Initialize	8	static
Core.c:4643:7:CoreRoot_SetRootFocus	8	static
Core.c:4676:7:CoreRoot__SetRootFocus	0	static
Core.c:4688:6:CoreRoot_SetUserInputTimestamp	0	static
Core.c:4694:6:CoreRoot__SetUserInputTimestamp	0	static
Core.c:4835:7:CoreRoot_DriveMultiTouchMovement	152	static
Core.c:4814:7:CoreRoot_DriveCursorMovement	8	static
Core.c:4820:7:CoreRoot__DriveCursorMovement	32	static
Core.c:4903:7:CoreRoot__DriveMultiTouchMovement	16	static
Core.c:5352:9:CoreEvent_GetCurrentTime	0	static
Core.c:5365:6:CoreEvent_Init	8	static
Core.c:5417:14:CoreKeyEvent_Initialize2	4	static
Core.c:5482:14:CoreKeyEvent__Initialize2	0	static
Core.c:5493:14:CoreKeyEvent_Initialize	4	static
Core.c:5560:14:CoreKeyEvent__Initialize	0	static
Core.c:5571:7:CoreKeyEvent_IsCode	0	static
Core.c:5655:21:CoreCursorGrabEvent_InitializeUp	16	static
Core.c:5669:21:CoreCursorGrabEvent__InitializeUp	16	static
Core.c:5679:21:CoreCursorGrabEvent_InitializeDown	16	static
Core.c:5693:21:CoreCursorGrabEvent__InitializeDown	16	static
Core.c:5742:17:CoreCursorEvent_InitializeHold	48	static
Core.c:5758:17:CoreCursorEvent__InitializeHold	88	static
Core.c:5770:17:CoreCursorEvent_InitializeUp	48	static
Core.c:5787:17:CoreCursorEvent__InitializeUp	88	static
Core.c:5799:17:CoreCursorEvent_InitializeDown	48	static
Core.c:5218:6:CoreRoot_DeflectCursor	136	static
Core.c:5138:6:CoreRoot_RetargetCursorWithReason	120	static
Core.c:5193:6:CoreRoot_RetargetCursor	0	static
Core.c:7335:9:CoreSimpleTouchHandler_HandleEvent	96	static
Core.c:7768:9:CoreRotateTouchHandler_HandleEvent	104	static
Core.c:5816:17:CoreCursorEvent__InitializeDown	32	static
Core.c:5866:15:CoreDragEvent_Initialize	48	static
Core.c:5882:15:CoreDragEvent__Initialize	96	static
Core.c:6112:6:CoreOutline_OnSetSlideHandler	24	static
Core.c:6143:6:CoreOutline_OnSetScrollOffset	72	static
Core.c:6047:6:CoreOutline_onSlideSlot	0	static
Core.c:6172:6:CoreOutline_OnSetFormation	24	static
Core.c:6195:7:CoreOutline_GetContentArea	72	static
Core.c:6056:6:CoreOutline_onStartSlideSlot	104	static
Core.c:6699:10:CoreVerticalList_releaseTailItem	16	static
Core.c:6731:10:CoreVerticalList_confirmTailItem	16	static
Core.c:6783:10:CoreVerticalList_releaseHeadItem	16	static
Core.c:6815:10:CoreVerticalList_confirmHeadItem	16	static
Core.c:6376:6:CoreVerticalList_UpdateViewState	208	static
Core.c:6925:6:CoreVerticalList_OnSetEndless	64	static
Core.c:6940:6:CoreVerticalList_OnSetSlideHandler	24	static
Core.c:6972:6:CoreVerticalList_OnSetScrollOffset	64	static
Core.c:6867:6:CoreVerticalList_onSlideSlot	0	static
Core.c:6997:6:CoreVerticalList_OnSetItemHeight	64	static
Core.c:7015:6:CoreVerticalList_OnSetNoOfItems	64	static
Core.c:7066:10:CoreVerticalList_GetViewForItem	4	static
Core.c:7121:8:CoreVerticalList_GetItemAtPosition	32	static
Core.c:7172:7:CoreVerticalList_GetItemsArea	40	static
Core.c:6876:6:CoreVerticalList_onStartSlideSlot	72	static
Core.c:7632:6:CoreSimpleTouchHandler_OnSetRetargetOffset	0	static
Core.c:7642:6:CoreSimpleTouchHandler_OnSetMaxStrikeCount	0	static
Core.c:7652:6:CoreSimpleTouchHandler_OnSetEnabled	0	static
Core.c:8917:6:CoreSlideTouchHandler_stopAnimation	24	static
Core.c:8936:6:CoreSlideTouchHandler_timerSlot	72	static
Core.c:8928:6:CoreSlideTouchHandler_startAnimation	24	static
Core.c:8172:9:CoreSlideTouchHandler_HandleEvent	112	static
Core.c:9079:6:CoreSlideTouchHandler_OnSetSnapNext	8	static
Core.c:9091:6:CoreSlideTouchHandler_OnSetResetSpace	0	static
Core.c:9101:6:CoreSlideTouchHandler_OnSetFriction	0	static
Core.c:9178:7:CoreKeyPressHandler_HandleEvent	16	static
Core.c:2280:9:CoreGroup_processKeyHandlers	16	static
Core.c:3173:9:CoreGroup_DispatchEvent	24	static
Core.c:6318:9:CoreVerticalList_DispatchEvent	16	static
Core.c:3277:9:CoreGroup_BroadcastEvent	24	static
Core.c:4102:9:CoreRoot_BroadcastEvent	8	static
Core.c:4041:9:CoreRoot_DispatchEvent	16	static
Core.c:4708:7:CoreRoot_DriveKeyboardHitting	48	static
Core.c:4798:7:CoreRoot__DriveKeyboardHitting	0	static
Core.c:9218:6:CoreKeyPressHandler_Init	8	static
Core.c:9141:6:CoreKeyPressHandler__Init	16	static
Core.c:9283:15:CoreCursorHit_Initialize	16	static
Core.c:9527:6:CoreTaskQueue_completeTask	32	static
Core.c:9802:6:CoreTask_Complete	0	static
Core.c:9590:6:CoreTaskQueue_CancelTask	32	static
Core.c:9783:6:CoreTask_OnStart	0	static
Core.c:9645:6:CoreTaskQueue_ScheduleTask	24	static
Core.c:3498:6:CoreGroup_FadeGroup	32	static
Core.c:2889:6:CoreGroup_SwitchToDialog	104	static
Core.c:3051:6:CoreGroup_PresentDialog	88	static
Core.c:9739:6:CoreTask__OnComplete	0	static
Core.c:9760:6:CoreTask__OnCancel	0	static
Core.c:9792:6:CoreTask__OnStart	0	static
Core.c:9809:6:CoreTask__Complete	0	static
Core.c:9822:6:CoreTask_Cancel	0	static
Core.c:9831:7:CoreTask_IsCurrent	0	static
Core.c:9885:6:CoreResource_Done	8	static
Core.c:9901:6:CoreResource_Init	16	static
Core.c:9972:6:CoreTimer_Done	8	static
Core.c:9983:6:CoreTimer_restart	24	static
Core.c:3856:6:CoreRoot__Init	32	static
Core.c:10017:6:CoreTimer_OnSetPeriod	0	static
Core.c:10032:6:CoreTimer_OnSetBegin	0	static
Core.c:10047:6:CoreTimer_OnSetEnabled	8	static
Core.c:4271:6:CoreRoot_cursorHoldTimerProc	144	static
Core.c:4943:7:CoreRoot_DriveMultiTouchHitting	296	static
Core.c:4919:7:CoreRoot_DriveCursorHitting	16	static
Core.c:4926:7:CoreRoot__DriveCursorHitting	32	static
Core.c:5101:7:CoreRoot__DriveMultiTouchHitting	16	static
Core.c:10081:6:CoreTimer_Trigger	8	static
Core.c:10065:9:CoreTimer_GetCurrentTime	0	static
Core.c:10092:6:CoreTimer__Trigger	0	static
Core.c:10138:9:CoreTime_getMonthName	0	static
Core.c:10230:9:CoreTime_getDayOfWeekName	0	static
Core.c:10292:9:CoreTime_getCurrentTime	0	static
Core.c:10304:8:CoreTime_days2MonthLeapYear	0	static
Core.c:10356:8:CoreTime_days2Month	0	static
Core.c:10408:9:CoreTime_OnGetTime	8	static
Core.c:10433:6:CoreTime_OnSetTime	20	static
Core.c:10474:10:CoreTime_OnGetCurrentTime	8	static
Core.c:10481:8:CoreTime_OnGetDayOfWeek	8	static
Core.c:10487:6:CoreTime_OnSetSecond	0	static
Core.c:10499:6:CoreTime_OnSetMinute	0	static
Core.c:10511:6:CoreTime_OnSetHour	0	static
Core.c:10523:6:CoreTime_OnSetDay	0	static
Core.c:10535:6:CoreTime_OnSetMonth	0	static
Core.c:10547:6:CoreTime_OnSetYear	0	static
Core.c:10557:10:CoreTime_Initialize	8	static
Core.c:10614:6:CorePropertyObserver_OnSetOutlet	64	static
