Core.c:208:6:CoreView_initLayoutContext	0	static
Core.c:338:9:CoreView_HandleEvent	0	static
Core.c:384:15:CoreView_CursorHitTest	4	static
Core.c:422:8:CoreView_ArrangeView	8	static
Core.c:449:6:CoreView_MoveView	8	static
Core.c:466:7:CoreView_GetExtent	0	static
Core.c:1958:7:CoreRectView_GetExtent	4	static
Core.c:2796:6:CoreGroup_OnSetOpacity	40	static
Core.c:2855:7:CoreGroup_IsDialog	8	static
Core.c:3356:6:CoreGroup_UpdateLayout	8	static
Core.c:3383:6:CoreGroup_UpdateViewState	0	static
Core.c:3945:10:CoreRoot_GetRoot	0	static
Core.c:4058:7:CoreRoot_IsDialog	0	static
Core.c:6655:10:CoreVerticalList_FindSiblingView	0	static
Core.c:8187:6:CoreSlideTouchHandler_Draw	0	static
Core.c:9793:6:CoreTask_OnCancel	0	static
Core.c:9970:15:TimerProc	0	static
Core.c:174:6:CoreView__Init	8	static
Core.c:564:6:CoreLineView__Init	8	static
Core.c:1034:6:CoreQuadView__Init	8	static
Core.c:7282:6:CoreSimpleTouchHandler__Init	24	static
Core.c:1663:6:CoreRectView__Init	8	static
Core.c:5937:6:CoreOutline__Init	8	static
Core.c:7721:6:CoreRotateTouchHandler__Init	24	static
Core.c:8116:6:CoreSlideTouchHandler__Init	24	static
Core.c:9288:6:CoreCursorHit__Init	8	static
Core.c:9343:6:CoreModalContext__Init	8	static
Core.c:9382:6:CoreLayoutContext__Init	8	static
Core.c:9421:6:CoreLayoutLineContext__Init	8	static
Core.c:9460:6:CoreLayoutQuadContext__Init	8	static
Core.c:9499:6:CoreDialogContext__Init	8	static
Core.c:9538:6:CoreTaskQueue__Init	8	static
Core.c:9736:6:CoreTask__Init	8	static
Core.c:9977:6:CoreTimer__Init	8	static
Core.c:10149:6:CoreTime__Init	8	static
Core.c:10613:6:CorePropertyObserver__Init	8	static
Core.c:191:6:CoreView__ReInit	0	static
Core.c:579:6:CoreLineView__ReInit	0	static
Core.c:1049:6:CoreQuadView__ReInit	0	static
Core.c:7305:6:CoreSimpleTouchHandler__ReInit	0	static
Core.c:1678:6:CoreRectView__ReInit	0	static
Core.c:2038:6:CoreGroup__ReInit	0	static
Core.c:6297:6:CoreVerticalList__ReInit	0	static
Core.c:5955:6:CoreOutline__ReInit	0	static
Core.c:7742:6:CoreRotateTouchHandler__ReInit	0	static
Core.c:8146:6:CoreSlideTouchHandler__ReInit	0	static
Core.c:5370:6:CoreEvent__ReInit	0	static
Core.c:5432:6:CoreKeyEvent__ReInit	0	static
Core.c:5672:6:CoreCursorGrabEvent__ReInit	0	static
Core.c:5760:6:CoreCursorEvent__ReInit	0	static
Core.c:5884:6:CoreDragEvent__ReInit	0	static
Core.c:9202:6:CoreKeyPressHandler__ReInit	0	static
Core.c:9301:6:CoreCursorHit__ReInit	0	static
Core.c:9356:6:CoreModalContext__ReInit	0	static
Core.c:9395:6:CoreLayoutContext__ReInit	0	static
Core.c:9434:6:CoreLayoutLineContext__ReInit	0	static
Core.c:9473:6:CoreLayoutQuadContext__ReInit	0	static
Core.c:9512:6:CoreDialogContext__ReInit	0	static
Core.c:9551:6:CoreTaskQueue__ReInit	0	static
Core.c:9749:6:CoreTask__ReInit	0	static
Core.c:9906:6:CoreResource__ReInit	0	static
Core.c:9993:6:CoreTimer__ReInit	0	static
Core.c:3918:6:CoreRoot__ReInit	8	static
Core.c:10162:6:CoreTime__ReInit	0	static
Core.c:10629:6:CorePropertyObserver__ReInit	0	static
Core.c:198:6:CoreView__Done	0	static
Core.c:586:6:CoreLineView__Done	0	static
Core.c:1056:6:CoreQuadView__Done	0	static
Core.c:7312:6:CoreSimpleTouchHandler__Done	0	static
Core.c:1685:6:CoreRectView__Done	0	static
Core.c:2045:6:CoreGroup__Done	0	static
Core.c:6304:6:CoreVerticalList__Done	0	static
Core.c:5962:6:CoreOutline__Done	0	static
Core.c:7749:6:CoreRotateTouchHandler__Done	0	static
Core.c:8153:6:CoreSlideTouchHandler__Done	0	static
Core.c:5377:6:CoreEvent__Done	0	static
Core.c:5439:6:CoreKeyEvent__Done	0	static
Core.c:5679:6:CoreCursorGrabEvent__Done	0	static
Core.c:5767:6:CoreCursorEvent__Done	0	static
Core.c:5891:6:CoreDragEvent__Done	0	static
Core.c:9209:6:CoreKeyPressHandler__Done	0	static
Core.c:9308:6:CoreCursorHit__Done	0	static
Core.c:9363:6:CoreModalContext__Done	0	static
Core.c:9402:6:CoreLayoutContext__Done	0	static
Core.c:9441:6:CoreLayoutLineContext__Done	0	static
Core.c:9480:6:CoreLayoutQuadContext__Done	0	static
Core.c:9519:6:CoreDialogContext__Done	0	static
Core.c:9558:6:CoreTaskQueue__Done	0	static
Core.c:9756:6:CoreTask__Done	0	static
Core.c:10169:6:CoreTime__Done	0	static
Core.c:10636:6:CorePropertyObserver__Done	0	static
Core.c:9618:6:CoreTaskQueue_onPreDispatchNext	24	static
Core.c:492:6:CoreView_ChangeViewState	80	static
Core.c:2226:6:CoreGroup_ChangeViewState	24	static
Core.c:4002:6:CoreRoot_ChangeViewState	96	static
Core.c:256:10:CoreView_GetRoot	16	static
Core.c:1695:6:CoreRectView_initLayoutContext	24	static
Core.c:1066:6:CoreQuadView_initLayoutContext	40	static
Core.c:1098:8:CoreQuadView_ArrangeView	184	static
Core.c:1353:6:CoreQuadView_MoveView	112	static
Core.c:1722:8:CoreRectView_ArrangeView	160	static
Core.c:1451:6:CoreQuadView_OnSetPoint4	112	static
Core.c:1485:6:CoreQuadView_OnSetPoint3	112	static
Core.c:1519:6:CoreQuadView_OnSetPoint2	112	static
Core.c:1553:6:CoreQuadView_OnSetPoint1	112	static
Core.c:1947:6:CoreRectView_MoveView	96	static
Core.c:1964:6:CoreRectView_OnSetBounds	80	static
Core.c:2079:6:CoreGroup_Draw	136	static
Core.c:6338:6:CoreVerticalList_Draw	48	static
Core.c:2344:6:CoreGroup_drawContent	240	static
Core.c:2129:15:CoreGroup_CursorHitTest	208	static
Core.c:2755:6:CoreGroup_OnSetBuffered	64	static
Core.c:2261:6:CoreGroup_OnSetBounds	88	static
Core.c:3975:6:CoreRoot_Draw	120	static
Core.c:2324:6:CoreGroup_updateBufferSlot	88	static
Core.c:6676:6:CoreVerticalList_RestackTop	8	static
Core.c:6696:6:CoreVerticalList_Remove	8	static
Core.c:6722:6:CoreVerticalList_Add	8	static
Core.c:6009:6:CoreOutline_OnSetBounds	120	static
Core.c:3407:6:CoreGroup_InvalidateArea	112	static
Core.c:5354:6:CoreEvent__Init	8	static
Core.c:5419:6:CoreKeyEvent__Init	16	static
Core.c:5659:6:CoreCursorGrabEvent__Init	16	static
Core.c:5747:6:CoreCursorEvent__Init	16	static
Core.c:5871:6:CoreDragEvent__Init	16	static
Core.c:10646:6:CorePropertyObserver_onEvent	0	static
Core.c:8041:15:CoreRotateTouchHandler_CursorHitTest	80	static
Core.c:8895:15:CoreSlideTouchHandler_CursorHitTest	80	static
Core.c:9913:6:CoreResource__Done	8	static
Core.c:9890:6:CoreResource__Init	16	static
Core.c:10000:6:CoreTimer__Done	8	static
Core.c:3928:6:CoreRoot__Done	8	static
Core.c:1374:7:CoreQuadView_GetExtent	32	static
Core.c:3474:10:CoreGroup_FindSiblingView	24	static
Core.c:2709:6:CoreGroup_OnSetFocus	16	static
Core.c:4017:6:CoreRoot_OnSetFocus	0	static
Core.c:3594:6:CoreGroup_RestackTop	80	static
Core.c:3754:6:CoreGroup_Add	80	static
Core.c:4036:6:CoreRoot_OnSetOpacity.part.8	64	static
Core.c:4024:6:CoreRoot_OnSetBuffered	16	static
Core.c:4036:6:CoreRoot_OnSetOpacity	16	static
Core.c:3676:6:CoreGroup_Remove	80	static
Core.c:4633:7:CoreRoot_DoesNeedUpdate.part.11	24	static
Core.c:9589:6:CoreTaskQueue_onDispatchNext	16	static
Core.c:147:14:EwCheckIndex.part.1.constprop	16	static
Core.c:4158:6:CoreRoot_InvalidateArea	160	static
Core.c:7346:6:CoreSimpleTouchHandler_Draw	0	static
Core.c:7783:6:CoreRotateTouchHandler_Draw	0	static
Core.c:304:6:CoreView_Draw	0	static
Core.c:5996:6:CoreOutline_Draw	0	static
Core.c:9772:6:CoreTask_OnComplete	0	static
Core.c:217:6:CoreView__initLayoutContext	32	static
Core.c:223:6:CoreView_OnSetLayout	80	static
Core.c:274:10:CoreView__GetRoot	0	static
Core.c:317:6:CoreView__Draw	48	static
Core.c:348:9:CoreView__HandleEvent	0	static
Core.c:399:15:CoreView__CursorHitTest	48	static
Core.c:433:8:CoreView__ArrangeView	32	static
Core.c:458:6:CoreView__MoveView	16	static
Core.c:475:7:CoreView__GetExtent	8	static
Core.c:540:6:CoreView__ChangeViewState	0	static
Core.c:902:7:CoreLineView_getExtent	24	static
Core.c:596:6:CoreLineView_initLayoutContext	40	static
Core.c:893:7:CoreLineView_GetExtent	8	static
Core.c:954:7:CoreLineView__getExtent	8	static
Core.c:960:6:CoreLineView_OnSetPoint2	112	static
Core.c:988:6:CoreLineView_OnSetPoint1	112	static
Core.c:626:8:CoreLineView_ArrangeView	136	static
Core.c:876:6:CoreLineView_MoveView	56	static
Core.c:1479:6:CoreQuadView__OnSetPoint4	16	static
Core.c:1513:6:CoreQuadView__OnSetPoint3	16	static
Core.c:1547:6:CoreQuadView__OnSetPoint2	16	static
Core.c:1581:6:CoreQuadView__OnSetPoint1	16	static
Core.c:1589:7:CoreQuadView_IsPointInside	80	static
Core.c:1631:7:CoreQuadView_HasRectShape	8	static
Core.c:7589:15:CoreSimpleTouchHandler_CursorHitTest	168	static
Core.c:1992:6:CoreRectView__OnSetBounds	24	static
Core.c:2390:6:CoreGroup__drawContent	48	static
Core.c:2398:6:CoreGroup_recalculateLayout	312	static
Core.c:2685:6:CoreGroup_updateComponent	16	static
Core.c:2743:6:CoreGroup__OnSetFocus	0	static
Core.c:2749:7:CoreGroup_OnGetBuffered	0	static
Core.c:2781:6:CoreGroup__OnSetBuffered	0	static
Core.c:2787:6:CoreGroup_OnSetEnabled	0	static
Core.c:2815:6:CoreGroup__OnSetOpacity	0	static
Core.c:2821:6:CoreGroup_OnSetEmbedded	0	static
Core.c:2830:7:CoreGroup_OnGetVisible	0	static
Core.c:2836:6:CoreGroup_OnSetVisible	0	static
Core.c:2863:7:CoreGroup__IsDialog	0	static
Core.c:3186:8:CoreGroup_LocalPosition	32	static
Core.c:3245:9:CoreGroup__DispatchEvent	0	static
Core.c:3264:9:CoreGroup_BroadcastEventAtPosition	80	static
Core.c:3294:9:CoreGroup__BroadcastEventAtPosition	16	static
Core.c:3344:9:CoreGroup__BroadcastEvent	0	static
Core.c:3364:6:CoreGroup__UpdateLayout	16	static
Core.c:3391:6:CoreGroup__UpdateViewState	0	static
Core.c:3399:6:CoreGroup_InvalidateViewState	24	static
Core.c:2017:6:CoreGroup__Init	8	static
Core.c:6275:6:CoreVerticalList__Init	40	static
Core.c:3449:6:CoreGroup__InvalidateArea	24	static
Core.c:3457:6:CoreGroup_Init	0	static
Core.c:3511:10:CoreGroup__FindSiblingView	0	static
Core.c:3663:6:CoreGroup__RestackTop	0	static
Core.c:3735:6:CoreGroup__Remove	0	static
Core.c:3848:6:CoreGroup__Add	0	static
Core.c:3854:8:CoreGroup_OnGetOpacity	0	static
Core.c:4269:15:CoreRoot_createDragEvent	8	static
Core.c:4282:17:CoreRoot_createCursorEvent	8	static
Core.c:4295:21:CoreRoot_createCursorGrabEvent	8	static
Core.c:4377:8:CoreRoot_GetFPS	8	static
Core.c:4393:8:CoreRoot__GetFPS	0	static
Core.c:4451:6:CoreRoot_EndUpdate	0	static
Core.c:4461:6:CoreRoot__EndUpdate	0	static
Core.c:4476:7:CoreRoot_UpdateCanvas	184	static
Core.c:4508:7:CoreRoot__UpdateCanvas	24	static
Core.c:4519:7:CoreRoot_GetUpdateRegion	12	static
Core.c:4543:7:CoreRoot__GetUpdateRegion	8	static
Core.c:4560:8:CoreRoot_BeginUpdate	200	static
Core.c:4428:7:CoreRoot_UpdateGE20	48	static
Core.c:4403:7:CoreRoot_Update	40	static
Core.c:4416:7:CoreRoot__Update	8	static
Core.c:4441:7:CoreRoot__UpdateGE20	8	static
Core.c:4625:8:CoreRoot__BeginUpdate	0	static
Core.c:4633:7:CoreRoot_DoesNeedUpdate	0	static
Core.c:4650:7:CoreRoot__DoesNeedUpdate	0	static
Core.c:4659:10:CoreRoot_Initialize	88	static
Core.c:4674:10:CoreRoot__Initialize	8	static
Core.c:4680:7:CoreRoot_SetRootFocus	8	static
Core.c:4713:7:CoreRoot__SetRootFocus	0	static
Core.c:4725:6:CoreRoot_SetUserInputTimestamp	0	static
Core.c:4731:6:CoreRoot__SetUserInputTimestamp	0	static
Core.c:4872:7:CoreRoot_DriveMultiTouchMovement	152	static
Core.c:4851:7:CoreRoot_DriveCursorMovement	8	static
Core.c:4857:7:CoreRoot__DriveCursorMovement	32	static
Core.c:4940:7:CoreRoot__DriveMultiTouchMovement	16	static
Core.c:5389:9:CoreEvent_GetCurrentTime	0	static
Core.c:5402:6:CoreEvent_Init	8	static
Core.c:5454:14:CoreKeyEvent_Initialize2	4	static
Core.c:5519:14:CoreKeyEvent__Initialize2	0	static
Core.c:5530:14:CoreKeyEvent_Initialize	4	static
Core.c:5597:14:CoreKeyEvent__Initialize	0	static
Core.c:5608:7:CoreKeyEvent_IsCode	0	static
Core.c:5692:21:CoreCursorGrabEvent_InitializeUp	16	static
Core.c:5706:21:CoreCursorGrabEvent__InitializeUp	16	static
Core.c:5716:21:CoreCursorGrabEvent_InitializeDown	16	static
Core.c:5730:21:CoreCursorGrabEvent__InitializeDown	16	static
Core.c:5779:17:CoreCursorEvent_InitializeHold	48	static
Core.c:5795:17:CoreCursorEvent__InitializeHold	88	static
Core.c:5807:17:CoreCursorEvent_InitializeUp	48	static
Core.c:5824:17:CoreCursorEvent__InitializeUp	88	static
Core.c:5836:17:CoreCursorEvent_InitializeDown	48	static
Core.c:5255:6:CoreRoot_DeflectCursor	136	static
Core.c:5175:6:CoreRoot_RetargetCursorWithReason	120	static
Core.c:5230:6:CoreRoot_RetargetCursor	0	static
Core.c:7372:9:CoreSimpleTouchHandler_HandleEvent	96	static
Core.c:7809:9:CoreRotateTouchHandler_HandleEvent	104	static
Core.c:5853:17:CoreCursorEvent__InitializeDown	32	static
Core.c:5903:15:CoreDragEvent_Initialize	48	static
Core.c:5919:15:CoreDragEvent__Initialize	96	static
Core.c:6149:6:CoreOutline_OnSetSlideHandler	24	static
Core.c:6180:6:CoreOutline_OnSetScrollOffset	72	static
Core.c:6084:6:CoreOutline_onSlideSlot	0	static
Core.c:6209:6:CoreOutline_OnSetFormation	24	static
Core.c:6232:7:CoreOutline_GetContentArea	72	static
Core.c:6093:6:CoreOutline_onStartSlideSlot	104	static
Core.c:6736:10:CoreVerticalList_releaseTailItem	16	static
Core.c:6768:10:CoreVerticalList_confirmTailItem	16	static
Core.c:6820:10:CoreVerticalList_releaseHeadItem	16	static
Core.c:6852:10:CoreVerticalList_confirmHeadItem	16	static
Core.c:6413:6:CoreVerticalList_UpdateViewState	208	static
Core.c:6962:6:CoreVerticalList_OnSetEndless	64	static
Core.c:6977:6:CoreVerticalList_OnSetSlideHandler	24	static
Core.c:7009:6:CoreVerticalList_OnSetScrollOffset	64	static
Core.c:6904:6:CoreVerticalList_onSlideSlot	0	static
Core.c:7034:6:CoreVerticalList_OnSetItemHeight	64	static
Core.c:7052:6:CoreVerticalList_OnSetNoOfItems	64	static
Core.c:7103:10:CoreVerticalList_GetViewForItem	4	static
Core.c:7158:8:CoreVerticalList_GetItemAtPosition	32	static
Core.c:7209:7:CoreVerticalList_GetItemsArea	40	static
Core.c:6913:6:CoreVerticalList_onStartSlideSlot	72	static
Core.c:7669:6:CoreSimpleTouchHandler_OnSetRetargetOffset	0	static
Core.c:7679:6:CoreSimpleTouchHandler_OnSetMaxStrikeCount	0	static
Core.c:7689:6:CoreSimpleTouchHandler_OnSetEnabled	0	static
Core.c:8958:6:CoreSlideTouchHandler_stopAnimation	24	static
Core.c:8977:6:CoreSlideTouchHandler_timerSlot	72	static
Core.c:8969:6:CoreSlideTouchHandler_startAnimation	24	static
Core.c:8213:9:CoreSlideTouchHandler_HandleEvent	112	static
Core.c:9120:6:CoreSlideTouchHandler_OnSetSnapNext	8	static
Core.c:9132:6:CoreSlideTouchHandler_OnSetResetSpace	0	static
Core.c:9142:6:CoreSlideTouchHandler_OnSetFriction	0	static
Core.c:9219:7:CoreKeyPressHandler_HandleEvent	16	static
Core.c:2308:9:CoreGroup_processKeyHandlers	16	static
Core.c:3210:9:CoreGroup_DispatchEvent	24	static
Core.c:6355:9:CoreVerticalList_DispatchEvent	16	static
Core.c:3314:9:CoreGroup_BroadcastEvent	24	static
Core.c:4139:9:CoreRoot_BroadcastEvent	8	static
Core.c:4078:9:CoreRoot_DispatchEvent	16	static
Core.c:4745:7:CoreRoot_DriveKeyboardHitting	48	static
Core.c:4835:7:CoreRoot__DriveKeyboardHitting	0	static
Core.c:9259:6:CoreKeyPressHandler_Init	8	static
Core.c:9182:6:CoreKeyPressHandler__Init	16	static
Core.c:9324:15:CoreCursorHit_Initialize	16	static
Core.c:9568:6:CoreTaskQueue_completeTask	32	static
Core.c:9843:6:CoreTask_Complete	0	static
Core.c:9631:6:CoreTaskQueue_CancelTask	32	static
Core.c:9824:6:CoreTask_OnStart	0	static
Core.c:9686:6:CoreTaskQueue_ScheduleTask	24	static
Core.c:3535:6:CoreGroup_FadeGroup	32	static
Core.c:2926:6:CoreGroup_SwitchToDialog	104	static
Core.c:3088:6:CoreGroup_PresentDialog	88	static
Core.c:9780:6:CoreTask__OnComplete	0	static
Core.c:9801:6:CoreTask__OnCancel	0	static
Core.c:9833:6:CoreTask__OnStart	0	static
Core.c:9850:6:CoreTask__Complete	0	static
Core.c:9863:6:CoreTask_Cancel	0	static
Core.c:9872:7:CoreTask_IsCurrent	0	static
Core.c:9926:6:CoreResource_Done	8	static
Core.c:9942:6:CoreResource_Init	16	static
Core.c:10013:6:CoreTimer_Done	8	static
Core.c:10024:6:CoreTimer_restart	24	static
Core.c:3893:6:CoreRoot__Init	32	static
Core.c:10058:6:CoreTimer_OnSetPeriod	0	static
Core.c:10073:6:CoreTimer_OnSetBegin	0	static
Core.c:10088:6:CoreTimer_OnSetEnabled	8	static
Core.c:4308:6:CoreRoot_cursorHoldTimerProc	144	static
Core.c:4980:7:CoreRoot_DriveMultiTouchHitting	296	static
Core.c:4956:7:CoreRoot_DriveCursorHitting	16	static
Core.c:4963:7:CoreRoot__DriveCursorHitting	32	static
Core.c:5138:7:CoreRoot__DriveMultiTouchHitting	16	static
Core.c:10122:6:CoreTimer_Trigger	8	static
Core.c:10106:9:CoreTimer_GetCurrentTime	0	static
Core.c:10133:6:CoreTimer__Trigger	0	static
Core.c:10179:9:CoreTime_getMonthName	0	static
Core.c:10271:9:CoreTime_getDayOfWeekName	0	static
Core.c:10333:9:CoreTime_getCurrentTime	0	static
Core.c:10345:8:CoreTime_days2MonthLeapYear	0	static
Core.c:10397:8:CoreTime_days2Month	0	static
Core.c:10449:9:CoreTime_OnGetTime	8	static
Core.c:10474:6:CoreTime_OnSetTime	20	static
Core.c:10515:10:CoreTime_OnGetCurrentTime	8	static
Core.c:10522:8:CoreTime_OnGetDayOfWeek	8	static
Core.c:10528:6:CoreTime_OnSetSecond	0	static
Core.c:10540:6:CoreTime_OnSetMinute	0	static
Core.c:10552:6:CoreTime_OnSetHour	0	static
Core.c:10564:6:CoreTime_OnSetDay	0	static
Core.c:10576:6:CoreTime_OnSetMonth	0	static
Core.c:10588:6:CoreTime_OnSetYear	0	static
Core.c:10598:10:CoreTime_Initialize	8	static
Core.c:10655:6:CorePropertyObserver_OnSetOutlet	64	static
