DriverInterfce.c:545:6:DriverInterfceFirstSeit_OnSetSpeed	0	static
DriverInterfce.c:554:8:DriverInterfceFirstSeit_OnGetSpeed	0	static
DriverInterfce.c:180:6:DriverInterfceDriverInterface_UpdateLayout	8	static
DriverInterfce.c:311:6:DriverInterfceSecoundSeit_UpdateLayout	8	static
DriverInterfce.c:518:6:DriverInterfceFirstSeit_UpdateLayout	8	static
DriverInterfce.c:200:6:DriverInterfceDriverInterface_UpdateViewState	0	static
DriverInterfce.c:331:6:DriverInterfceSecoundSeit_UpdateViewState	0	static
DriverInterfce.c:538:6:DriverInterfceFirstSeit_UpdateViewState	0	static
DriverInterfce.c:240:6:DriverInterfceSecoundSeit__Init	40	static
DriverInterfce.c:278:6:DriverInterfceSecoundSeit__ReInit	8	static
DriverInterfce.c:290:6:DriverInterfceSecoundSeit__Done	8	static
DriverInterfce.c:371:6:DriverInterfceFirstSeit__Init	128	static
DriverInterfce.c:94:6:DriverInterfceDriverInterface__Init	56	static
DriverInterfce.c:467:6:DriverInterfceFirstSeit__ReInit	8	static
DriverInterfce.c:141:6:DriverInterfceDriverInterface__ReInit	8	static
DriverInterfce.c:488:6:DriverInterfceFirstSeit__Done	8	static
DriverInterfce.c:156:6:DriverInterfceDriverInterface__Done	8	static
