DriverInterfce.c:371:6:DriverInterfceDummySide_OnSetDummy	0	static
DriverInterfce.c:380:8:DriverInterfceDummySide_OnGetDummy	0	static
DriverInterfce.c:594:6:DriverInterfceStartSide_OnSetSpeed	0	static
DriverInterfce.c:603:8:DriverInterfceStartSide_OnGetSpeed	0	static
DriverInterfce.c:609:6:DriverInterfceStartSide_OnSetRotaionSpeed	0	static
DriverInterfce.c:619:8:DriverInterfceStartSide_OnGetRotaionSpeed	0	static
DriverInterfce.c:625:6:DriverInterfceStartSide_OnSetBatteryValue	0	static
DriverInterfce.c:635:8:DriverInterfceStartSide_OnGetBatteryValue	0	static
DriverInterfce.c:186:6:DriverInterfceDriverInterface_UpdateLayout	8	static
DriverInterfce.c:344:6:DriverInterfceDummySide_UpdateLayout	8	static
DriverInterfce.c:567:6:DriverInterfceStartSide_UpdateLayout	8	static
DriverInterfce.c:206:6:DriverInterfceDriverInterface_UpdateViewState	0	static
DriverInterfce.c:364:6:DriverInterfceDummySide_UpdateViewState	0	static
DriverInterfce.c:587:6:DriverInterfceStartSide_UpdateViewState	0	static
DriverInterfce.c:247:6:DriverInterfceDummySide__Init	96	static
DriverInterfce.c:307:6:DriverInterfceDummySide__ReInit	8	static
DriverInterfce.c:321:6:DriverInterfceDummySide__Done	8	static
DriverInterfce.c:419:6:DriverInterfceStartSide__Init	128	static
DriverInterfce.c:99:6:DriverInterfceDriverInterface__Init	56	static
DriverInterfce.c:516:6:DriverInterfceStartSide__ReInit	8	static
DriverInterfce.c:147:6:DriverInterfceDriverInterface__ReInit	8	static
DriverInterfce.c:537:6:DriverInterfceStartSide__Done	8	static
DriverInterfce.c:162:6:DriverInterfceDriverInterface__Done	8	static
