Effects.c:995:6:EffectsEffect_Animate	0	static
Effects.c:1244:7:EffectsFader_IsFinished	0	static
Effects.c:1358:7:EffectsVisibilityFader_IsFinished	0	static
Effects.c:1506:7:EffectsPositionFader_IsFinished	0	static
Effects.c:1764:14:EffectsTransition_CreateDismissFader	0	static
Effects.c:1786:14:EffectsTransition_CreateRestoreFader	0	static
Effects.c:1804:14:EffectsTransition_CreateOverlayFader	0	static
Effects.c:1906:14:EffectsShowHideTransition_CreateRestoreFader	8	static
Effects.c:2087:14:EffectsSlideTransition_CreateRestoreFader	8	static
Effects.c:2102:14:EffectsSlideTransition_CreateOverlayFader	8	static
Effects.c:2630:6:EffectsShowHideCentered__Init	0	static
Effects.c:2659:6:EffectsSlideLeftCentered__Init	0	static
Effects.c:2688:6:EffectsSlideRightCentered__Init	0	static
Effects.c:2716:6:EffectsSlideUpCentered__Init	0	static
Effects.c:2744:6:EffectsSlideDownCentered__Init	0	static
Effects.c:90:6:EffectsEffect__Init	24	static
Effects.c:1032:6:EffectsInt32Effect__Init	24	static
Effects.c:1085:6:EffectsPointEffect__Init	24	static
Effects.c:1142:6:EffectsFloatEffect__Init	24	static
Effects.c:1194:6:EffectsFader__Init	8	static
Effects.c:1322:6:EffectsVisibilityFader__Init	8	static
Effects.c:1461:6:EffectsPositionFader__Init	24	static
Effects.c:1708:6:EffectsTransition__Init	8	static
Effects.c:1829:6:EffectsShowHideTransition__Init	8	static
Effects.c:1977:6:EffectsSlideTransition__Init	24	static
Effects.c:2336:6:EffectsTimingList__Init	8	static
Effects.c:113:6:EffectsEffect__ReInit	0	static
Effects.c:1048:6:EffectsInt32Effect__ReInit	0	static
Effects.c:1101:6:EffectsPointEffect__ReInit	0	static
Effects.c:1158:6:EffectsFloatEffect__ReInit	0	static
Effects.c:1214:6:EffectsFader__ReInit	0	static
Effects.c:1338:6:EffectsVisibilityFader__ReInit	0	static
Effects.c:1478:6:EffectsPositionFader__ReInit	8	static
Effects.c:1721:6:EffectsTransition__ReInit	0	static
Effects.c:1846:6:EffectsShowHideTransition__ReInit	0	static
Effects.c:2001:6:EffectsSlideTransition__ReInit	0	static
Effects.c:2349:6:EffectsTimingList__ReInit	0	static
Effects.c:120:6:EffectsEffect__Done	0	static
Effects.c:1055:6:EffectsInt32Effect__Done	0	static
Effects.c:1108:6:EffectsPointEffect__Done	0	static
Effects.c:1165:6:EffectsFloatEffect__Done	0	static
Effects.c:1221:6:EffectsFader__Done	0	static
Effects.c:1345:6:EffectsVisibilityFader__Done	0	static
Effects.c:1489:6:EffectsPositionFader__Done	16	static
Effects.c:1728:6:EffectsTransition__Done	0	static
Effects.c:1853:6:EffectsShowHideTransition__Done	0	static
Effects.c:2008:6:EffectsSlideTransition__Done	0	static
Effects.c:2356:6:EffectsTimingList__Done	0	static
Effects.c:1888:14:EffectsShowHideTransition_CreateDismissFader	8	static
Effects.c:1921:14:EffectsShowHideTransition_CreateOverlayFader	8	static
Effects.c:1868:14:EffectsShowHideTransition_CreatePresentFader	24	static
Effects.c:2444:6:EffectsFaderTask_OnCancel	16	static
Effects.c:2411:6:EffectsFaderTask_OnComplete	16	static
Effects.c:1065:6:EffectsInt32Effect_Animate	16	static
Effects.c:1118:6:EffectsPointEffect_Animate	48	static
Effects.c:1175:6:EffectsFloatEffect_Animate	0	static
Effects.c:1298:6:EffectsFader_OnStart	0	static
Effects.c:1676:6:EffectsPositionFader_onFinished	0	static
Effects.c:2481:6:EffectsFaderTask_OnStart	16	static
Effects.c:1686:6:EffectsPositionFader_onAnimate	48	static
Effects.c:1373:6:EffectsVisibilityFader_OnEnd	48	static
Effects.c:1412:6:EffectsVisibilityFader_OnStart	48	static
Effects.c:1521:6:EffectsPositionFader_OnEnd	48	static
Effects.c:1933:6:EffectsShowHideTransition_onInitializeIn	80	static
Effects.c:2112:6:EffectsSlideTransition_onInitializeIn	168	static
Effects.c:2200:6:EffectsSlideTransition_onInitializeOut	64	static
Effects.c:2272:6:EffectsEffectTimerClass__Init	8	static
Effects.c:2285:6:EffectsEffectTimerClass__ReInit	0	static
Effects.c:2292:6:EffectsEffectTimerClass__Done	0	static
Effects.c:2305:6:EffectsEffectTimerClass_Trigger	8	static
Effects.c:2325:6:EffectsEffectTimer__Init	8	static
Effects.c:2375:6:EffectsFaderTask__Init	8	static
Effects.c:2388:6:EffectsFaderTask__ReInit	0	static
Effects.c:2395:6:EffectsFaderTask__Done	0	static
Effects.c:2516:6:EffectsFaderTask_Complete	16	static
Effects.c:857:6:EffectsEffect_OnSetTimingCustom2.part.2	0	static
Effects.c:875:6:EffectsEffect_OnSetTimingCustom1.part.3	0	static
Effects.c:970:6:EffectsEffect_OnSetEnabled.part.4	40	static
Effects.c:72:14:EwCheckIndex.part.0.constprop	16	static
Effects.c:1743:14:EffectsTransition_CreatePresentFader	0	static
Effects.c:1268:6:EffectsFader_OnEnd	0	static
Effects.c:175:6:EffectsEffect_run	48	static
Effects.c:535:7:EffectsEffect_runRevRev	24	static
Effects.c:596:7:EffectsEffect_runRevFwd	24	static
Effects.c:656:7:EffectsEffect_runFwdRev	24	static
Effects.c:716:7:EffectsEffect_runFwdFwd	24	static
Effects.c:777:6:EffectsEffect_OnSetReversed	8	static
Effects.c:796:6:EffectsEffect_OnSetElasticity	0	static
Effects.c:808:6:EffectsEffect_OnSetBounces	0	static
Effects.c:821:6:EffectsEffect_OnSetOscillations	0	static
Effects.c:833:6:EffectsEffect_OnSetAmplitude	0	static
Effects.c:845:6:EffectsEffect_OnSetExponent	0	static
Effects.c:857:6:EffectsEffect_OnSetTimingCustom2	0	static
Effects.c:875:6:EffectsEffect_OnSetTimingCustom1	0	static
Effects.c:893:6:EffectsEffect_OnSetTiming	0	static
Effects.c:2023:14:EffectsSlideTransition_CreatePresentFader	32	static
Effects.c:2055:14:EffectsSlideTransition_CreateDismissFader	32	static
Effects.c:951:6:EffectsEffect_OnSetNoOfCycles	0	static
Effects.c:960:6:EffectsEffect_OnSetCycleDuration	0	static
Effects.c:970:6:EffectsEffect_OnSetEnabled	24	static
Effects.c:130:6:EffectsEffect_timerSlot	8	static
Effects.c:1559:6:EffectsPositionFader_OnStart	216	static
Effects.c:1003:6:EffectsEffect__Animate	0	static
Effects.c:1010:6:EffectsEffect_StartEffect	8	static
Effects.c:1234:6:EffectsFader_Complete	0	static
Effects.c:1253:7:EffectsFader__IsFinished	0	static
Effects.c:1275:6:EffectsFader__OnEnd	0	static
Effects.c:1304:6:EffectsFader__OnStart	0	static
Effects.c:1752:14:EffectsTransition__CreatePresentFader	0	static
Effects.c:1773:14:EffectsTransition__CreateDismissFader	0	static
Effects.c:1792:14:EffectsTransition__CreateRestoreFader	0	static
Effects.c:1810:14:EffectsTransition__CreateOverlayFader	0	static
Effects.c:2528:6:EffectsFaderTask_RemoveFader	16	static
Effects.c:2569:6:EffectsFaderTask_AddFader	16	static
