Graphics.c:74:6:GraphicsCanvas__Init	8	static
Graphics.c:90:6:GraphicsCanvas__ReInit	0	static
Graphics.c:126:6:GraphicsCanvas_OnSetFrameSize	32	static
Graphics.c:155:6:GraphicsCanvas_Update	48	static
Graphics.c:894:6:GraphicsWarpMatrix__Init	8	static
Graphics.c:1137:6:GraphicsPath__Init	8	static
Graphics.c:1462:6:GraphicsArcPath__Init	8	static
Graphics.c:914:6:GraphicsWarpMatrix__ReInit	0	static
Graphics.c:1150:6:GraphicsPath__ReInit	0	static
Graphics.c:1479:6:GraphicsArcPath__ReInit	0	static
Graphics.c:921:6:GraphicsWarpMatrix__Done	0	static
Graphics.c:1170:6:GraphicsPath_onUpdate	0	static
Graphics.c:1157:6:GraphicsPath__Done	8	static
Graphics.c:1486:6:GraphicsArcPath__Done	0	static
Graphics.c:97:6:GraphicsCanvas__Done	0	static
Graphics.c:110:6:GraphicsCanvas_Done	0	static
Graphics.c:117:6:GraphicsCanvas_Init	0	static
Graphics.c:193:16:GraphicsCanvas_DetachBitmap	8	static
Graphics.c:211:16:GraphicsCanvas__DetachBitmap	8	static
Graphics.c:220:16:GraphicsCanvas_AttachBitmap	16	static
Graphics.c:256:16:GraphicsCanvas__AttachBitmap	0	static
Graphics.c:283:6:GraphicsCanvas_DrawText	128	static
Graphics.c:348:6:GraphicsCanvas_DrawBitmapFrame	136	static
Graphics.c:414:6:GraphicsCanvas_StrokePath	112	static
Graphics.c:509:6:GraphicsCanvas_WarpBitmap	136	static
Graphics.c:604:6:GraphicsCanvas_ScaleBitmap	88	static
Graphics.c:661:6:GraphicsCanvas_CopyBitmap	96	static
Graphics.c:707:6:GraphicsCanvas_FillPath	104	static
Graphics.c:744:6:GraphicsCanvas_FillRectangle	72	static
Graphics.c:765:6:GraphicsCanvas_DrawThickLine	176	static
Graphics.c:862:6:GraphicsCanvas_DrawLine	64	static
Graphics.c:931:7:GraphicsWarpMatrix_CalculateZ	0	static
Graphics.c:945:7:GraphicsWarpMatrix_Project	0	static
Graphics.c:985:20:GraphicsWarpMatrix_Rotate	40	static
Graphics.c:1047:20:GraphicsWarpMatrix_Translate	0	static
Graphics.c:1063:20:GraphicsWarpMatrix_DeriveFromQuad	0	static
Graphics.c:1100:20:GraphicsWarpMatrix_Assign	16	static
Graphics.c:1179:6:GraphicsPath_Done	8	static
Graphics.c:1228:8:GraphicsPath_AddArc	56	static
Graphics.c:1276:8:GraphicsPath_AddBezier3	56	static
Graphics.c:1316:8:GraphicsPath_AddLine	32	static
Graphics.c:1340:6:GraphicsPath_Close	24	static
Graphics.c:1364:6:GraphicsPath_Begin	32	static
Graphics.c:1408:8:GraphicsPath_GetMaxNoOfSubPaths	0	static
Graphics.c:1432:7:GraphicsPath_SetMaxNoOfSubPaths	24	static
Graphics.c:1390:7:GraphicsPath_InitSubPath	32	static
Graphics.c:1496:6:GraphicsArcPath_updatePath	80	static
Graphics.c:1847:6:GraphicsArcPath_OnSetNoOfEdges	24	static
Graphics.c:1863:6:GraphicsArcPath_OnSetEndAngle	24	static
Graphics.c:1875:6:GraphicsArcPath_OnSetStartAngle	24	static
Graphics.c:1887:8:GraphicsArcPath_OnGetInnerRadius	0	static
Graphics.c:1893:6:GraphicsArcPath_OnSetInnerRadius	24	static
Graphics.c:1909:6:GraphicsArcPath_OnSetRadiusY	24	static
Graphics.c:1924:6:GraphicsArcPath_OnSetRadiusX	24	static
Graphics.c:1939:6:GraphicsArcPath_OnSetRadius	24	static
Graphics.c:1952:6:GraphicsArcPath_OnSetStyle	24	static
