Graphics.c:73:6:GraphicsCanvas__Init	8	static
Graphics.c:89:6:GraphicsCanvas__ReInit	0	static
Graphics.c:125:6:GraphicsCanvas_OnSetFrameSize	32	static
Graphics.c:154:6:GraphicsCanvas_Update	48	static
Graphics.c:893:6:GraphicsPath__Init	8	static
Graphics.c:1218:6:GraphicsArcPath__Init	8	static
Graphics.c:906:6:GraphicsPath__ReInit	0	static
Graphics.c:1235:6:GraphicsArcPath__ReInit	0	static
Graphics.c:926:6:GraphicsPath_onUpdate	0	static
Graphics.c:913:6:GraphicsPath__Done	8	static
Graphics.c:1242:6:GraphicsArcPath__Done	0	static
Graphics.c:96:6:GraphicsCanvas__Done	0	static
Graphics.c:109:6:GraphicsCanvas_Done	0	static
Graphics.c:116:6:GraphicsCanvas_Init	0	static
Graphics.c:192:16:GraphicsCanvas_DetachBitmap	8	static
Graphics.c:210:16:GraphicsCanvas__DetachBitmap	8	static
Graphics.c:219:16:GraphicsCanvas_AttachBitmap	16	static
Graphics.c:255:16:GraphicsCanvas__AttachBitmap	0	static
Graphics.c:282:6:GraphicsCanvas_DrawText	128	static
Graphics.c:347:6:GraphicsCanvas_DrawBitmapFrame	136	static
Graphics.c:413:6:GraphicsCanvas_StrokePath	112	static
Graphics.c:508:6:GraphicsCanvas_WarpBitmap	136	static
Graphics.c:603:6:GraphicsCanvas_ScaleBitmap	88	static
Graphics.c:660:6:GraphicsCanvas_CopyBitmap	96	static
Graphics.c:706:6:GraphicsCanvas_FillPath	104	static
Graphics.c:743:6:GraphicsCanvas_FillRectangle	72	static
Graphics.c:764:6:GraphicsCanvas_DrawThickLine	176	static
Graphics.c:861:6:GraphicsCanvas_DrawLine	64	static
Graphics.c:935:6:GraphicsPath_Done	8	static
Graphics.c:984:8:GraphicsPath_AddArc	56	static
Graphics.c:1032:8:GraphicsPath_AddBezier3	56	static
Graphics.c:1072:8:GraphicsPath_AddLine	32	static
Graphics.c:1096:6:GraphicsPath_Close	24	static
Graphics.c:1120:6:GraphicsPath_Begin	32	static
Graphics.c:1164:8:GraphicsPath_GetMaxNoOfSubPaths	0	static
Graphics.c:1188:7:GraphicsPath_SetMaxNoOfSubPaths	24	static
Graphics.c:1146:7:GraphicsPath_InitSubPath	32	static
Graphics.c:1252:6:GraphicsArcPath_updatePath	80	static
Graphics.c:1603:6:GraphicsArcPath_OnSetNoOfEdges	24	static
Graphics.c:1619:6:GraphicsArcPath_OnSetEndAngle	24	static
Graphics.c:1631:6:GraphicsArcPath_OnSetStartAngle	24	static
Graphics.c:1643:6:GraphicsArcPath_OnSetRadiusY	24	static
Graphics.c:1658:6:GraphicsArcPath_OnSetRadiusX	24	static
Graphics.c:1673:6:GraphicsArcPath_OnSetRadius	24	static
Graphics.c:1686:6:GraphicsArcPath_OnSetStyle	24	static
