Resources.c:169:6:ResourcesBitmap_Update	0	static
Resources.c:75:6:ResourcesBitmap__ReInit	0	static
Resources.c:209:6:ResourcesFont__ReInit	0	static
Resources.c:82:6:ResourcesBitmap__Done	8	static
Resources.c:150:6:ResourcesBitmap_OnSetFrameSize	16	static
Resources.c:216:6:ResourcesFont__Done	8	static
Resources.c:112:6:ResourcesBitmap_Init.part.0	16	static
Resources.c:56:6:ResourcesBitmap__Init	16	static
Resources.c:193:6:ResourcesFont__Init	16	static
Resources.c:95:6:ResourcesBitmap_Done	8	static
Resources.c:112:6:ResourcesBitmap_Init	0	static
Resources.c:163:6:ResourcesBitmap__OnSetFrameSize	16	static
Resources.c:176:6:ResourcesBitmap__Update	0	static
Resources.c:229:6:ResourcesFont_Done	8	static
Resources.c:245:6:ResourcesFont_Init	8	static
Resources.c:280:8:ResourcesFont_GetFlowTextAdvance	0	static
Resources.c:295:9:ResourcesFont_ParseFlowString	32	static
Resources.c:321:8:ResourcesFont_GetTextAdvance	24	static
Resources.c:341:8:ResourcesFont_OnGetLeading	0	static
Resources.c:347:8:ResourcesFont__OnGetLeading	0	static
Resources.c:353:8:ResourcesFont_OnGetDescent	0	static
Resources.c:359:8:ResourcesFont__OnGetDescent	0	static
Resources.c:365:8:ResourcesFont_OnGetAscent	0	static
Resources.c:371:8:ResourcesFont__OnGetAscent	0	static
