Views.c:90:6:ViewsLine__Init	8	static
Views.c:109:6:ViewsLine__ReInit	0	static
Views.c:116:6:ViewsLine__Done	0	static
Views.c:150:6:ViewsLine_Draw	112	static
Views.c:182:7:ViewsLine_GetExtent	120	static
Views.c:280:6:ViewsLine_observerSlot	40	static
Views.c:681:6:ViewsFrame_observerSlot	16	static
Views.c:362:6:ViewsRectangle__Init	8	static
Views.c:484:6:ViewsFrame__Init	16	static
Views.c:898:6:ViewsImage__Init	16	static
Views.c:1404:6:ViewsText__Init	16	static
Views.c:3078:6:ViewsFillPath__Init	8	static
Views.c:3351:6:ViewsStrokePath__Init	16	static
Views.c:381:6:ViewsRectangle__ReInit	0	static
Views.c:508:6:ViewsFrame__ReInit	0	static
Views.c:922:6:ViewsImage__ReInit	0	static
Views.c:1426:6:ViewsText__ReInit	0	static
Views.c:3099:6:ViewsFillPath__ReInit	0	static
Views.c:3376:6:ViewsStrokePath__ReInit	0	static
Views.c:388:6:ViewsRectangle__Done	0	static
Views.c:515:6:ViewsFrame__Done	0	static
Views.c:929:6:ViewsImage__Done	0	static
Views.c:422:6:ViewsRectangle_Draw	136	static
Views.c:549:6:ViewsFrame_Draw	192	static
Views.c:692:6:ViewsFrame_timerSlot	40	static
Views.c:1059:6:ViewsImage_timerSlot	40	static
Views.c:2914:6:ViewsWarpImage_timerSlot	56	static
Views.c:1702:6:ViewsText_preOnUpdateSlot	0	static
Views.c:1711:6:ViewsText_preReparseSlot	24	static
Views.c:2886:6:ViewsWarpImage_observerSlot	64	static
Views.c:3194:6:ViewsFillPath_OnSetBounds	56	static
Views.c:3471:6:ViewsStrokePath_OnSetBounds	56	static
Views.c:1630:6:ViewsText_OnSetBounds	80	static
Views.c:1433:6:ViewsText__Done	8	static
Views.c:2387:6:ViewsWarpView__Init	8	static
Views.c:2758:6:ViewsWarpImage__Init	16	static
Views.c:2405:6:ViewsWarpView__ReInit	0	static
Views.c:2779:6:ViewsWarpImage__ReInit	0	static
Views.c:2412:6:ViewsWarpView__Done	0	static
Views.c:2786:6:ViewsWarpImage__Done	0	static
Views.c:2422:6:ViewsWarpView_OnSetPoint4	32	static
Views.c:2437:6:ViewsWarpView_OnSetPoint3	32	static
Views.c:2452:6:ViewsWarpView_OnSetPoint2	32	static
Views.c:2467:6:ViewsWarpView_OnSetPoint1	32	static
Views.c:2820:6:ViewsWarpImage_Draw	176	static
Views.c:3143:6:ViewsFillPath_Draw	152	static
Views.c:3106:6:ViewsFillPath__Done	8	static
Views.c:3383:6:ViewsStrokePath__Done	8	static
Views.c:3420:6:ViewsStrokePath_Draw	160	static
Views.c:3245:6:ViewsFillPath_updatePath	32	static
Views.c:3575:6:ViewsStrokePath_updatePath	32	static
Views.c:3223:6:ViewsFillPath_updateBuffer	56	static
Views.c:3500:6:ViewsStrokePath_updateBuffer	56	static
Views.c:72:14:EwCheckIndex.part.2.constprop	16	static
Views.c:2482:6:ViewsWarpView_calculateLight.part.5	64	static
Views.c:2555:6:ViewsWarpView_update	120	static
Views.c:291:6:ViewsLine_OnSetWidth	80	static
Views.c:330:6:ViewsLine_OnSetColor	48	static
Views.c:448:6:ViewsRectangle_OnSetColor	24	static
Views.c:743:6:ViewsFrame_OnSetColor	24	static
Views.c:760:6:ViewsFrame_OnSetAnimated	48	static
Views.c:789:6:ViewsFrame_OnSetEdges	16	static
Views.c:802:6:ViewsFrame_OnSetFrameNumber	16	static
Views.c:821:6:ViewsFrame_OnSetBitmap	40	static
Views.c:849:6:ViewsFrame_OnSetVisible	0	static
Views.c:858:6:ViewsFrame_OnSetNoEdgesLimit	40	static
Views.c:1124:6:ViewsImage_OnSetColor	24	static
Views.c:1141:6:ViewsImage_OnSetAnimated	48	static
Views.c:1170:6:ViewsImage_OnSetScrollOffset	32	static
Views.c:1183:6:ViewsImage_OnSetAlignment	16	static
Views.c:1196:6:ViewsImage_OnSetFrameNumber	16	static
Views.c:1248:6:ViewsImage_OnSetAlphaBlended	0	static
Views.c:1261:7:ViewsImage_GetContentArea	440	static
Views.c:963:6:ViewsImage_Draw	304	static
Views.c:1043:6:ViewsImage_observerSlot	72	static
Views.c:1110:6:ViewsImage_OnSetAutoSize	72	static
Views.c:1215:6:ViewsImage_OnSetBitmap	88	static
Views.c:1379:8:ViewsImage_OnGetScrollOffset	0	static
Views.c:1667:6:ViewsText_Done	8	static
Views.c:1677:6:ViewsText_freeBidi	0	static
Views.c:1689:9:ViewsText_createBidi	0	static
Views.c:2056:6:ViewsText_OnSetEnableBidiText	24	static
Views.c:2069:6:ViewsText_OnSetEllipsis	24	static
Views.c:2081:6:ViewsText_OnSetOnUpdate	24	static
Views.c:2095:6:ViewsText_OnSetWrapText	24	static
Views.c:2116:6:ViewsText_OnSetScrollOffset	40	static
Views.c:2132:6:ViewsText_OnSetAlignment	40	static
Views.c:2155:6:ViewsText_OnSetString	24	static
Views.c:2167:6:ViewsText_OnSetFont	24	static
Views.c:2179:6:ViewsText_OnSetColor	24	static
Views.c:2199:7:ViewsText_IsBaseDirectionRTL	24	static
Views.c:2221:7:ViewsText_IsBidiText	24	static
Views.c:2243:7:ViewsText_GetContentArea	240	static
Views.c:1470:6:ViewsText_Draw	304	static
Views.c:1720:6:ViewsText_reparseSlot	192	static
Views.c:2482:6:ViewsWarpView_calculateLight	0	static
Views.c:2637:6:ViewsWarpView_OnSetSourceAnchor	32	static
Views.c:2663:6:ViewsWarpView_Warp3D	152	static
Views.c:2965:6:ViewsWarpImage_OnSetAnimated	64	static
Views.c:2994:6:ViewsWarpImage_OnSetColor	48	static
Views.c:3011:6:ViewsWarpImage_OnSetFrameNumber	40	static
Views.c:3030:6:ViewsWarpImage_OnSetBitmap	40	static
Views.c:3204:6:ViewsFillPath_Done	8	static
Views.c:3210:6:ViewsFillPath_destroyBuffer	8	static
Views.c:3259:6:ViewsFillPath_OnSetColor	24	static
Views.c:3276:6:ViewsFillPath_OnSetOffset	40	static
Views.c:3292:6:ViewsFillPath_OnSetFillRule	32	static
Views.c:3308:6:ViewsFillPath_OnSetPath	48	static
Views.c:3481:6:ViewsStrokePath_Done	8	static
Views.c:3487:6:ViewsStrokePath_destroyBuffer	8	static
Views.c:3589:8:ViewsStrokePath_OnGetColor	16	static
Views.c:3595:6:ViewsStrokePath_OnSetColor	24	static
Views.c:3612:6:ViewsStrokePath_OnSetOffset	40	static
Views.c:3628:6:ViewsStrokePath_OnSetJoinPoints	32	static
Views.c:3644:6:ViewsStrokePath_OnSetWidth	32	static
Views.c:3663:6:ViewsStrokePath_OnSetPath	48	static
