Views.c:63:6:ViewsLine__Init	8	static
Views.c:82:6:ViewsLine__ReInit	0	static
Views.c:89:6:ViewsLine__Done	0	static
Views.c:123:6:ViewsLine_Draw	112	static
Views.c:155:7:ViewsLine_GetExtent	120	static
Views.c:253:6:ViewsLine_observerSlot	40	static
Views.c:654:6:ViewsFrame_observerSlot	16	static
Views.c:335:6:ViewsRectangle__Init	8	static
Views.c:457:6:ViewsFrame__Init	16	static
Views.c:871:6:ViewsImage__Init	16	static
Views.c:1377:6:ViewsText__Init	16	static
Views.c:2360:6:ViewsFillPath__Init	8	static
Views.c:2617:6:ViewsStrokePath__Init	16	static
Views.c:354:6:ViewsRectangle__ReInit	0	static
Views.c:481:6:ViewsFrame__ReInit	0	static
Views.c:895:6:ViewsImage__ReInit	0	static
Views.c:1399:6:ViewsText__ReInit	0	static
Views.c:2381:6:ViewsFillPath__ReInit	0	static
Views.c:2642:6:ViewsStrokePath__ReInit	0	static
Views.c:361:6:ViewsRectangle__Done	0	static
Views.c:488:6:ViewsFrame__Done	0	static
Views.c:902:6:ViewsImage__Done	0	static
Views.c:395:6:ViewsRectangle_Draw	136	static
Views.c:522:6:ViewsFrame_Draw	192	static
Views.c:665:6:ViewsFrame_timerSlot	40	static
Views.c:1032:6:ViewsImage_timerSlot	40	static
Views.c:1675:6:ViewsText_preOnUpdateSlot	0	static
Views.c:1684:6:ViewsText_preReparseSlot	24	static
Views.c:2476:6:ViewsFillPath_OnSetBounds	56	static
Views.c:2737:6:ViewsStrokePath_OnSetBounds	56	static
Views.c:1603:6:ViewsText_OnSetBounds	80	static
Views.c:1406:6:ViewsText__Done	8	static
Views.c:2425:6:ViewsFillPath_Draw	152	static
Views.c:2388:6:ViewsFillPath__Done	8	static
Views.c:2649:6:ViewsStrokePath__Done	8	static
Views.c:2686:6:ViewsStrokePath_Draw	160	static
Views.c:2527:6:ViewsFillPath_updatePath	32	static
Views.c:2841:6:ViewsStrokePath_updatePath	32	static
Views.c:2505:6:ViewsFillPath_updateBuffer	56	static
Views.c:2766:6:ViewsStrokePath_updateBuffer	56	static
Views.c:264:6:ViewsLine_OnSetWidth	80	static
Views.c:303:6:ViewsLine_OnSetColor	48	static
Views.c:421:6:ViewsRectangle_OnSetColor	24	static
Views.c:716:6:ViewsFrame_OnSetColor	24	static
Views.c:733:6:ViewsFrame_OnSetAnimated	48	static
Views.c:762:6:ViewsFrame_OnSetEdges	16	static
Views.c:775:6:ViewsFrame_OnSetFrameNumber	16	static
Views.c:794:6:ViewsFrame_OnSetBitmap	40	static
Views.c:822:6:ViewsFrame_OnSetVisible	0	static
Views.c:831:6:ViewsFrame_OnSetNoEdgesLimit	40	static
Views.c:1097:6:ViewsImage_OnSetColor	24	static
Views.c:1114:6:ViewsImage_OnSetAnimated	48	static
Views.c:1143:6:ViewsImage_OnSetScrollOffset	32	static
Views.c:1156:6:ViewsImage_OnSetAlignment	16	static
Views.c:1169:6:ViewsImage_OnSetFrameNumber	16	static
Views.c:1221:6:ViewsImage_OnSetAlphaBlended	0	static
Views.c:1234:7:ViewsImage_GetContentArea	440	static
Views.c:936:6:ViewsImage_Draw	304	static
Views.c:1016:6:ViewsImage_observerSlot	72	static
Views.c:1083:6:ViewsImage_OnSetAutoSize	72	static
Views.c:1188:6:ViewsImage_OnSetBitmap	88	static
Views.c:1352:8:ViewsImage_OnGetScrollOffset	0	static
Views.c:1640:6:ViewsText_Done	8	static
Views.c:1650:6:ViewsText_freeBidi	0	static
Views.c:1662:9:ViewsText_createBidi	0	static
Views.c:2029:6:ViewsText_OnSetEnableBidiText	24	static
Views.c:2042:6:ViewsText_OnSetEllipsis	24	static
Views.c:2054:6:ViewsText_OnSetOnUpdate	24	static
Views.c:2068:6:ViewsText_OnSetWrapText	24	static
Views.c:2089:6:ViewsText_OnSetScrollOffset	40	static
Views.c:2105:6:ViewsText_OnSetAlignment	40	static
Views.c:2128:6:ViewsText_OnSetString	24	static
Views.c:2140:6:ViewsText_OnSetFont	24	static
Views.c:2152:6:ViewsText_OnSetColor	24	static
Views.c:2172:7:ViewsText_IsBaseDirectionRTL	24	static
Views.c:2194:7:ViewsText_IsBidiText	24	static
Views.c:2216:7:ViewsText_GetContentArea	240	static
Views.c:1443:6:ViewsText_Draw	304	static
Views.c:1693:6:ViewsText_reparseSlot	192	static
Views.c:2486:6:ViewsFillPath_Done	8	static
Views.c:2492:6:ViewsFillPath_destroyBuffer	8	static
Views.c:2541:6:ViewsFillPath_OnSetColor	24	static
Views.c:2558:6:ViewsFillPath_OnSetOffset	40	static
Views.c:2574:6:ViewsFillPath_OnSetPath	48	static
Views.c:2747:6:ViewsStrokePath_Done	8	static
Views.c:2753:6:ViewsStrokePath_destroyBuffer	8	static
Views.c:2855:8:ViewsStrokePath_OnGetColor	16	static
Views.c:2861:6:ViewsStrokePath_OnSetColor	24	static
Views.c:2878:6:ViewsStrokePath_OnSetOffset	40	static
Views.c:2894:6:ViewsStrokePath_OnSetJoinPoints	32	static
Views.c:2910:6:ViewsStrokePath_OnSetWidth	32	static
Views.c:2929:6:ViewsStrokePath_OnSetPath	48	static
