WidgetSet.c:2187:6:WidgetSetHorizontalValueBar_onEndFloatEffect	0	static
WidgetSet.c:2788:6:WidgetSetGauge_onEndFloatEffect	0	static
WidgetSet.c:1233:6:WidgetSetWidgetConfig__Init	8	static
WidgetSet.c:224:6:WidgetSetValueDisplayConfig__Init	16	static
WidgetSet.c:407:6:WidgetSetHorizontalValueBarConfig__Init	16	static
WidgetSet.c:516:6:WidgetSetGaugeConfig__Init	24	static
WidgetSet.c:711:6:WidgetSetVerticalSliderConfig__Init	16	static
WidgetSet.c:1114:6:WidgetSetPushButtonConfig__Init	24	static
WidgetSet.c:1246:6:WidgetSetWidgetConfig__ReInit	0	static
WidgetSet.c:248:6:WidgetSetValueDisplayConfig__ReInit	0	static
WidgetSet.c:434:6:WidgetSetHorizontalValueBarConfig__ReInit	0	static
WidgetSet.c:544:6:WidgetSetGaugeConfig__ReInit	0	static
WidgetSet.c:768:6:WidgetSetVerticalSliderConfig__ReInit	0	static
WidgetSet.c:1151:6:WidgetSetPushButtonConfig__ReInit	0	static
WidgetSet.c:1253:6:WidgetSetWidgetConfig__Done	0	static
WidgetSet.c:255:6:WidgetSetValueDisplayConfig__Done	0	static
WidgetSet.c:441:6:WidgetSetHorizontalValueBarConfig__Done	0	static
WidgetSet.c:551:6:WidgetSetGaugeConfig__Done	0	static
WidgetSet.c:775:6:WidgetSetVerticalSliderConfig__Done	0	static
WidgetSet.c:1158:6:WidgetSetPushButtonConfig__Done	0	static
WidgetSet.c:1263:6:WidgetSetWidgetConfig_onInvalidate	0	static
WidgetSet.c:1281:6:WidgetSetValueDisplay__Init	24	static
WidgetSet.c:1300:6:WidgetSetValueDisplay__ReInit	0	static
WidgetSet.c:1307:6:WidgetSetValueDisplay__Done	0	static
WidgetSet.c:1317:6:WidgetSetValueDisplay_OnSetBounds	72	static
WidgetSet.c:4070:6:WidgetSetPushButton_OnSetBounds	72	static
WidgetSet.c:1393:6:WidgetSetValueDisplay_UpdateViewState	200	static
WidgetSet.c:1503:6:WidgetSetValueDisplay_onLayoutViews	0	static
WidgetSet.c:1578:6:WidgetSetValueDisplay_onConfigChanged	32	static
WidgetSet.c:2197:6:WidgetSetHorizontalValueBar_onFloatEffect	0	static
WidgetSet.c:2208:6:WidgetSetHorizontalValueBar_onConfigChanged	32	static
WidgetSet.c:2797:6:WidgetSetGauge_onFloatEffect	8	static
WidgetSet.c:2808:6:WidgetSetGauge_onConfigChanged	32	static
WidgetSet.c:4434:6:WidgetSetPushButton_onFlashTimer	8	static
WidgetSet.c:4492:6:WidgetSetPushButton_onLeaveTouch	8	static
WidgetSet.c:4502:6:WidgetSetPushButton_onEnterTouch	8	static
WidgetSet.c:1513:6:WidgetSetValueDisplay_onFormatValue	32	static
WidgetSet.c:1717:6:WidgetSetHorizontalValueBar__Init	40	static
WidgetSet.c:1743:6:WidgetSetHorizontalValueBar__ReInit	8	static
WidgetSet.c:2374:6:WidgetSetGauge__ReInit	8	static
WidgetSet.c:1753:6:WidgetSetHorizontalValueBar__Done	8	static
WidgetSet.c:2384:6:WidgetSetGauge__Done	8	static
WidgetSet.c:1766:6:WidgetSetHorizontalValueBar_OnSetBounds	80	static
WidgetSet.c:2397:6:WidgetSetGauge_OnSetBounds	80	static
WidgetSet.c:3017:6:WidgetSetVerticalSlider_OnSetBounds	80	static
WidgetSet.c:1846:6:WidgetSetHorizontalValueBar_UpdateViewState	216	static
WidgetSet.c:2127:6:WidgetSetHorizontalValueBar_onUpdatePos	24	static
WidgetSet.c:2720:6:WidgetSetGauge_onUpdateAngle	32	static
WidgetSet.c:2347:6:WidgetSetGauge__Init	40	static
WidgetSet.c:2476:6:WidgetSetGauge_UpdateViewState	112	static
WidgetSet.c:2941:6:WidgetSetVerticalSlider__Init	48	static
WidgetSet.c:3998:6:WidgetSetPushButton__Init	40	static
WidgetSet.c:2988:6:WidgetSetVerticalSlider__ReInit	8	static
WidgetSet.c:4043:6:WidgetSetPushButton__ReInit	8	static
WidgetSet.c:3001:6:WidgetSetVerticalSlider__Done	8	static
WidgetSet.c:4055:6:WidgetSetPushButton__Done	8	static
WidgetSet.c:3096:6:WidgetSetVerticalSlider_UpdateViewState	232	static
WidgetSet.c:3527:6:WidgetSetVerticalSlider_onConfigChanged	32	static
WidgetSet.c:4407:6:WidgetSetPushButton_onConfigChanged	16	static
WidgetSet.c:3642:6:WidgetSetVerticalSlider_onReleaseKey	8	static
WidgetSet.c:4472:6:WidgetSetPushButton_onPressKey	8	static
WidgetSet.c:4543:6:WidgetSetPushButton_onPressTouch	16	static
WidgetSet.c:4146:6:WidgetSetPushButton_UpdateViewState	152	static
WidgetSet.c:3763:6:WidgetSetVerticalSlider_onReleaseTouch	8	static
WidgetSet.c:4512:6:WidgetSetPushButton_onReleaseTouch	16	static
WidgetSet.c:451:6:WidgetSetHorizontalValueBarConfig_OnSetTrackRightFrame.part.3	24	static
WidgetSet.c:473:6:WidgetSetHorizontalValueBarConfig_OnSetTrackLeftFrame.part.4	24	static
WidgetSet.c:561:6:WidgetSetGaugeConfig_OnSetSwingElastic.part.5	24	static
WidgetSet.c:571:6:WidgetSetGaugeConfig_OnSetSwingDuration.part.6	24	static
WidgetSet.c:582:6:WidgetSetGaugeConfig_OnSetTrackLeftRoundedStart.part.7	24	static
WidgetSet.c:604:6:WidgetSetGaugeConfig_OnSetTrackLeftThickness.part.8	24	static
WidgetSet.c:615:6:WidgetSetGaugeConfig_OnSetTrackLeftRadius.part.9	24	static
WidgetSet.c:626:6:WidgetSetGaugeConfig_OnSetNeedleMaxAngle.part.10	24	static
WidgetSet.c:637:6:WidgetSetGaugeConfig_OnSetNeedleMinAngle.part.11	24	static
WidgetSet.c:785:6:WidgetSetVerticalSliderConfig_OnSetKeyRepeatPeriod.part.12	24	static
WidgetSet.c:796:6:WidgetSetVerticalSliderConfig_OnSetKeyRepeatDelay.part.13	24	static
WidgetSet.c:807:6:WidgetSetVerticalSliderConfig_OnSetThumbMarginAbove.part.14	24	static
WidgetSet.c:818:6:WidgetSetVerticalSliderConfig_OnSetThumbMarginBelow.part.15	24	static
WidgetSet.c:829:6:WidgetSetVerticalSliderConfig_OnSetThumbFrameActive.part.16	24	static
WidgetSet.c:840:6:WidgetSetVerticalSliderConfig_OnSetThumbFrameFocused.part.17	24	static
WidgetSet.c:851:6:WidgetSetVerticalSliderConfig_OnSetThumbFrameDisabled.part.18	24	static
WidgetSet.c:862:6:WidgetSetVerticalSliderConfig_OnSetThumbFrameDefault.part.19	24	static
WidgetSet.c:917:6:WidgetSetVerticalSliderConfig_OnSetTrackAboveFrameActive.part.20	24	static
WidgetSet.c:928:6:WidgetSetVerticalSliderConfig_OnSetTrackAboveFrameFocused.part.21	24	static
WidgetSet.c:939:6:WidgetSetVerticalSliderConfig_OnSetTrackAboveFrameDisabled.part.22	24	static
WidgetSet.c:950:6:WidgetSetVerticalSliderConfig_OnSetTrackAboveFrameDefault.part.23	24	static
WidgetSet.c:1005:6:WidgetSetVerticalSliderConfig_OnSetTrackBelowFrameActive.part.24	24	static
WidgetSet.c:1016:6:WidgetSetVerticalSliderConfig_OnSetTrackBelowFrameFocused.part.25	24	static
WidgetSet.c:1027:6:WidgetSetVerticalSliderConfig_OnSetTrackBelowFrameDisabled.part.26	24	static
WidgetSet.c:1038:6:WidgetSetVerticalSliderConfig_OnSetTrackBelowFrameDefault.part.27	24	static
WidgetSet.c:1653:6:WidgetSetValueDisplay_OnSetCurrentValue.part.28	24	static
WidgetSet.c:1592:6:WidgetSetValueDisplay_onOutlet	8	static
WidgetSet.c:2281:6:WidgetSetHorizontalValueBar_OnSetCurrentValue.part.29	24	static
WidgetSet.c:2224:6:WidgetSetHorizontalValueBar_onOutlet	8	static
WidgetSet.c:2877:6:WidgetSetGauge_OnSetCurrentValue.part.30	24	static
WidgetSet.c:2823:6:WidgetSetGauge_onOutlet	8	static
WidgetSet.c:3933:6:WidgetSetVerticalSlider_OnSetCurrentValue.part.31	8	static
WidgetSet.c:3579:6:WidgetSetVerticalSlider_onOutlet	8	static
WidgetSet.c:3589:6:WidgetSetVerticalSlider_onRepetitionTimer	24	static
WidgetSet.c:3655:6:WidgetSetVerticalSlider_onPressKey	24	static
WidgetSet.c:3709:6:WidgetSetVerticalSlider_onDragTouch	40	static
WidgetSet.c:3780:6:WidgetSetVerticalSlider_onPressTouch	128	static
WidgetSet.c:4444:6:WidgetSetPushButton_onReleaseKey	16	static
WidgetSet.c:265:6:WidgetSetValueDisplayConfig_OnSetValueMarginLeft	24	static
WidgetSet.c:276:6:WidgetSetValueDisplayConfig_OnSetValueColorNegative	32	static
WidgetSet.c:287:6:WidgetSetValueDisplayConfig_OnSetValueColorPositive	32	static
WidgetSet.c:298:6:WidgetSetValueDisplayConfig_OnSetValueFont	24	static
WidgetSet.c:309:6:WidgetSetValueDisplayConfig_OnSetUnitColorNegative	32	static
WidgetSet.c:320:6:WidgetSetValueDisplayConfig_OnSetUnitColorPositive	32	static
WidgetSet.c:331:6:WidgetSetValueDisplayConfig_OnSetUnitAlignment	24	static
WidgetSet.c:342:6:WidgetSetValueDisplayConfig_OnSetUnitFont	24	static
WidgetSet.c:353:6:WidgetSetValueDisplayConfig_OnSetFormatDecimalSign	24	static
WidgetSet.c:364:6:WidgetSetValueDisplayConfig_OnSetLayout	24	static
WidgetSet.c:375:6:WidgetSetValueDisplayConfig_OnSetWidgetMaxSize	40	static
WidgetSet.c:386:6:WidgetSetValueDisplayConfig_OnSetWidgetMinSize	40	static
WidgetSet.c:451:6:WidgetSetHorizontalValueBarConfig_OnSetTrackRightFrame	0	static
WidgetSet.c:462:6:WidgetSetHorizontalValueBarConfig_OnSetTrackRight	24	static
WidgetSet.c:473:6:WidgetSetHorizontalValueBarConfig_OnSetTrackLeftFrame	0	static
WidgetSet.c:484:6:WidgetSetHorizontalValueBarConfig_OnSetTrackLeft	24	static
WidgetSet.c:495:6:WidgetSetHorizontalValueBarConfig_OnSetWidgetMinSize	40	static
WidgetSet.c:126:6:WidgetSetHorizontalValueBar_Medium__Init	8	static
WidgetSet.c:561:6:WidgetSetGaugeConfig_OnSetSwingElastic	0	static
WidgetSet.c:571:6:WidgetSetGaugeConfig_OnSetSwingDuration	0	static
WidgetSet.c:582:6:WidgetSetGaugeConfig_OnSetTrackLeftRoundedStart	0	static
WidgetSet.c:593:6:WidgetSetGaugeConfig_OnSetTrackLeftColor	32	static
WidgetSet.c:604:6:WidgetSetGaugeConfig_OnSetTrackLeftThickness	0	static
WidgetSet.c:615:6:WidgetSetGaugeConfig_OnSetTrackLeftRadius	0	static
WidgetSet.c:626:6:WidgetSetGaugeConfig_OnSetNeedleMaxAngle	0	static
WidgetSet.c:637:6:WidgetSetGaugeConfig_OnSetNeedleMinAngle	0	static
WidgetSet.c:648:6:WidgetSetGaugeConfig_OnSetNeedlePivot	40	static
WidgetSet.c:658:6:WidgetSetGaugeConfig_OnSetNeedle	24	static
WidgetSet.c:669:6:WidgetSetGaugeConfig_OnSetCenterOffset	40	static
WidgetSet.c:680:6:WidgetSetGaugeConfig_OnSetScale	24	static
WidgetSet.c:691:6:WidgetSetGaugeConfig_OnSetWidgetMinSize	40	static
WidgetSet.c:146:6:WidgetSetGauge_Medium__Init	16	static
WidgetSet.c:785:6:WidgetSetVerticalSliderConfig_OnSetKeyRepeatPeriod	0	static
WidgetSet.c:796:6:WidgetSetVerticalSliderConfig_OnSetKeyRepeatDelay	0	static
WidgetSet.c:807:6:WidgetSetVerticalSliderConfig_OnSetThumbMarginAbove	0	static
WidgetSet.c:818:6:WidgetSetVerticalSliderConfig_OnSetThumbMarginBelow	0	static
WidgetSet.c:829:6:WidgetSetVerticalSliderConfig_OnSetThumbFrameActive	0	static
WidgetSet.c:840:6:WidgetSetVerticalSliderConfig_OnSetThumbFrameFocused	0	static
WidgetSet.c:851:6:WidgetSetVerticalSliderConfig_OnSetThumbFrameDisabled	0	static
WidgetSet.c:862:6:WidgetSetVerticalSliderConfig_OnSetThumbFrameDefault	0	static
WidgetSet.c:873:6:WidgetSetVerticalSliderConfig_OnSetThumbActive	24	static
WidgetSet.c:884:6:WidgetSetVerticalSliderConfig_OnSetThumbFocused	24	static
WidgetSet.c:895:6:WidgetSetVerticalSliderConfig_OnSetThumbDisabled	24	static
WidgetSet.c:906:6:WidgetSetVerticalSliderConfig_OnSetThumbDefault	24	static
WidgetSet.c:917:6:WidgetSetVerticalSliderConfig_OnSetTrackAboveFrameActive	0	static
WidgetSet.c:928:6:WidgetSetVerticalSliderConfig_OnSetTrackAboveFrameFocused	0	static
WidgetSet.c:939:6:WidgetSetVerticalSliderConfig_OnSetTrackAboveFrameDisabled	0	static
WidgetSet.c:950:6:WidgetSetVerticalSliderConfig_OnSetTrackAboveFrameDefault	0	static
WidgetSet.c:961:6:WidgetSetVerticalSliderConfig_OnSetTrackAboveActive	24	static
WidgetSet.c:972:6:WidgetSetVerticalSliderConfig_OnSetTrackAboveFocused	24	static
WidgetSet.c:983:6:WidgetSetVerticalSliderConfig_OnSetTrackAboveDisabled	24	static
WidgetSet.c:994:6:WidgetSetVerticalSliderConfig_OnSetTrackAboveDefault	24	static
WidgetSet.c:1005:6:WidgetSetVerticalSliderConfig_OnSetTrackBelowFrameActive	0	static
WidgetSet.c:1016:6:WidgetSetVerticalSliderConfig_OnSetTrackBelowFrameFocused	0	static
WidgetSet.c:1027:6:WidgetSetVerticalSliderConfig_OnSetTrackBelowFrameDisabled	0	static
WidgetSet.c:1038:6:WidgetSetVerticalSliderConfig_OnSetTrackBelowFrameDefault	0	static
WidgetSet.c:1049:6:WidgetSetVerticalSliderConfig_OnSetTrackBelowActive	24	static
WidgetSet.c:1060:6:WidgetSetVerticalSliderConfig_OnSetTrackBelowFocused	24	static
WidgetSet.c:1071:6:WidgetSetVerticalSliderConfig_OnSetTrackBelowDisabled	24	static
WidgetSet.c:1082:6:WidgetSetVerticalSliderConfig_OnSetTrackBelowDefault	24	static
WidgetSet.c:1093:6:WidgetSetVerticalSliderConfig_OnSetWidgetMinSize	40	static
WidgetSet.c:174:6:WidgetSetVerticalSlider_Medium__Init	8	static
WidgetSet.c:1168:6:WidgetSetPushButtonConfig_OnSetLabelColorActive	32	static
WidgetSet.c:1179:6:WidgetSetPushButtonConfig_OnSetLabelColorFocused	32	static
WidgetSet.c:1190:6:WidgetSetPushButtonConfig_OnSetLabelColorDisabled	32	static
WidgetSet.c:1201:6:WidgetSetPushButtonConfig_OnSetLabelColorDefault	32	static
WidgetSet.c:1212:6:WidgetSetPushButtonConfig_OnSetLabelFont	24	static
WidgetSet.c:1602:6:WidgetSetValueDisplay_OnSetOutlet	72	static
WidgetSet.c:1622:6:WidgetSetValueDisplay_OnSetUnit	16	static
WidgetSet.c:1632:6:WidgetSetValueDisplay_OnSetPrecision	24	static
WidgetSet.c:1642:6:WidgetSetValueDisplay_OnSetCurrentBias	24	static
WidgetSet.c:1653:6:WidgetSetValueDisplay_OnSetCurrentValue	0	static
WidgetSet.c:1664:6:WidgetSetValueDisplay_OnSetAppearance	40	static
WidgetSet.c:2235:6:WidgetSetHorizontalValueBar_OnSetOutlet	72	static
WidgetSet.c:2256:8:WidgetSetHorizontalValueBar_OnGetCurrentValue	0	static
WidgetSet.c:2281:6:WidgetSetHorizontalValueBar_OnSetCurrentValue	0	static
WidgetSet.c:2293:6:WidgetSetHorizontalValueBar_OnSetAppearance	40	static
WidgetSet.c:2833:6:WidgetSetGauge_OnSetOutlet	72	static
WidgetSet.c:2852:8:WidgetSetGauge_OnGetCurrentValue	0	static
WidgetSet.c:2877:6:WidgetSetGauge_OnSetCurrentValue	0	static
WidgetSet.c:2888:6:WidgetSetGauge_OnSetAppearance	40	static
WidgetSet.c:3866:6:WidgetSetVerticalSlider_OnSetOutlet	72	static
WidgetSet.c:3886:6:WidgetSetVerticalSlider_OnSetStepSize	0	static
WidgetSet.c:3896:6:WidgetSetVerticalSlider_OnSetMaxValue	8	static
WidgetSet.c:3908:8:WidgetSetVerticalSlider_OnGetCurrentValue	0	static
WidgetSet.c:3933:6:WidgetSetVerticalSlider_OnSetCurrentValue	0	static
WidgetSet.c:3945:6:WidgetSetVerticalSlider_OnSetAppearance	40	static
WidgetSet.c:4560:6:WidgetSetPushButton_OnSetLabel	16	static
WidgetSet.c:4570:6:WidgetSetPushButton_OnSetAppearance	40	static
