WidgetSet.c:2008:6:WidgetSetHorizontalValueBar_onEndFloatEffect	0	static
WidgetSet.c:1054:6:WidgetSetWidgetConfig__Init	8	static
WidgetSet.c:207:6:WidgetSetValueDisplayConfig__Init	16	static
WidgetSet.c:423:6:WidgetSetHorizontalValueBarConfig__Init	16	static
WidgetSet.c:532:6:WidgetSetVerticalSliderConfig__Init	16	static
WidgetSet.c:935:6:WidgetSetPushButtonConfig__Init	24	static
WidgetSet.c:1067:6:WidgetSetWidgetConfig__ReInit	0	static
WidgetSet.c:231:6:WidgetSetValueDisplayConfig__ReInit	0	static
WidgetSet.c:450:6:WidgetSetHorizontalValueBarConfig__ReInit	0	static
WidgetSet.c:589:6:WidgetSetVerticalSliderConfig__ReInit	0	static
WidgetSet.c:972:6:WidgetSetPushButtonConfig__ReInit	0	static
WidgetSet.c:1074:6:WidgetSetWidgetConfig__Done	0	static
WidgetSet.c:238:6:WidgetSetValueDisplayConfig__Done	0	static
WidgetSet.c:457:6:WidgetSetHorizontalValueBarConfig__Done	0	static
WidgetSet.c:596:6:WidgetSetVerticalSliderConfig__Done	0	static
WidgetSet.c:979:6:WidgetSetPushButtonConfig__Done	0	static
WidgetSet.c:1084:6:WidgetSetWidgetConfig_onInvalidate	0	static
WidgetSet.c:1102:6:WidgetSetValueDisplay__Init	24	static
WidgetSet.c:1121:6:WidgetSetValueDisplay__ReInit	0	static
WidgetSet.c:1128:6:WidgetSetValueDisplay__Done	0	static
WidgetSet.c:1138:6:WidgetSetValueDisplay_OnSetBounds	72	static
WidgetSet.c:3297:6:WidgetSetPushButton_OnSetBounds	72	static
WidgetSet.c:1214:6:WidgetSetValueDisplay_UpdateViewState	200	static
WidgetSet.c:1324:6:WidgetSetValueDisplay_onLayoutViews	0	static
WidgetSet.c:1399:6:WidgetSetValueDisplay_onConfigChanged	32	static
WidgetSet.c:2018:6:WidgetSetHorizontalValueBar_onFloatEffect	0	static
WidgetSet.c:2029:6:WidgetSetHorizontalValueBar_onConfigChanged	32	static
WidgetSet.c:3661:6:WidgetSetPushButton_onFlashTimer	8	static
WidgetSet.c:3719:6:WidgetSetPushButton_onLeaveTouch	8	static
WidgetSet.c:3729:6:WidgetSetPushButton_onEnterTouch	8	static
WidgetSet.c:1334:6:WidgetSetValueDisplay_onFormatValue	32	static
WidgetSet.c:1538:6:WidgetSetHorizontalValueBar__Init	40	static
WidgetSet.c:1564:6:WidgetSetHorizontalValueBar__ReInit	8	static
WidgetSet.c:1574:6:WidgetSetHorizontalValueBar__Done	8	static
WidgetSet.c:1587:6:WidgetSetHorizontalValueBar_OnSetBounds	80	static
WidgetSet.c:2244:6:WidgetSetVerticalSlider_OnSetBounds	80	static
WidgetSet.c:1667:6:WidgetSetHorizontalValueBar_UpdateViewState	216	static
WidgetSet.c:1948:6:WidgetSetHorizontalValueBar_onUpdatePos	24	static
WidgetSet.c:2168:6:WidgetSetVerticalSlider__Init	48	static
WidgetSet.c:3225:6:WidgetSetPushButton__Init	40	static
WidgetSet.c:2215:6:WidgetSetVerticalSlider__ReInit	8	static
WidgetSet.c:3270:6:WidgetSetPushButton__ReInit	8	static
WidgetSet.c:2228:6:WidgetSetVerticalSlider__Done	8	static
WidgetSet.c:3282:6:WidgetSetPushButton__Done	8	static
WidgetSet.c:2323:6:WidgetSetVerticalSlider_UpdateViewState	232	static
WidgetSet.c:2754:6:WidgetSetVerticalSlider_onConfigChanged	32	static
WidgetSet.c:3634:6:WidgetSetPushButton_onConfigChanged	16	static
WidgetSet.c:2869:6:WidgetSetVerticalSlider_onReleaseKey	8	static
WidgetSet.c:3699:6:WidgetSetPushButton_onPressKey	8	static
WidgetSet.c:3770:6:WidgetSetPushButton_onPressTouch	16	static
WidgetSet.c:3373:6:WidgetSetPushButton_UpdateViewState	152	static
WidgetSet.c:2990:6:WidgetSetVerticalSlider_onReleaseTouch	8	static
WidgetSet.c:3739:6:WidgetSetPushButton_onReleaseTouch	16	static
WidgetSet.c:248:6:WidgetSetValueDisplayConfig_OnSetValueMarginRight.part.3	24	static
WidgetSet.c:292:6:WidgetSetValueDisplayConfig_OnSetValueAlignment.part.4	24	static
WidgetSet.c:336:6:WidgetSetValueDisplayConfig_OnSetUnitAlignment.part.5	24	static
WidgetSet.c:380:6:WidgetSetValueDisplayConfig_OnSetLayout.part.7	24	static
WidgetSet.c:467:6:WidgetSetHorizontalValueBarConfig_OnSetTrackRightFrame.part.8	24	static
WidgetSet.c:489:6:WidgetSetHorizontalValueBarConfig_OnSetTrackLeftFrame.part.9	24	static
WidgetSet.c:606:6:WidgetSetVerticalSliderConfig_OnSetKeyRepeatPeriod.part.10	24	static
WidgetSet.c:617:6:WidgetSetVerticalSliderConfig_OnSetKeyRepeatDelay.part.11	24	static
WidgetSet.c:628:6:WidgetSetVerticalSliderConfig_OnSetThumbMarginAbove.part.12	24	static
WidgetSet.c:639:6:WidgetSetVerticalSliderConfig_OnSetThumbMarginBelow.part.13	24	static
WidgetSet.c:650:6:WidgetSetVerticalSliderConfig_OnSetThumbFrameActive.part.14	24	static
WidgetSet.c:661:6:WidgetSetVerticalSliderConfig_OnSetThumbFrameFocused.part.15	24	static
WidgetSet.c:672:6:WidgetSetVerticalSliderConfig_OnSetThumbFrameDisabled.part.16	24	static
WidgetSet.c:683:6:WidgetSetVerticalSliderConfig_OnSetThumbFrameDefault.part.17	24	static
WidgetSet.c:738:6:WidgetSetVerticalSliderConfig_OnSetTrackAboveFrameActive.part.18	24	static
WidgetSet.c:749:6:WidgetSetVerticalSliderConfig_OnSetTrackAboveFrameFocused.part.19	24	static
WidgetSet.c:760:6:WidgetSetVerticalSliderConfig_OnSetTrackAboveFrameDisabled.part.20	24	static
WidgetSet.c:771:6:WidgetSetVerticalSliderConfig_OnSetTrackAboveFrameDefault.part.21	24	static
WidgetSet.c:826:6:WidgetSetVerticalSliderConfig_OnSetTrackBelowFrameActive.part.22	24	static
WidgetSet.c:837:6:WidgetSetVerticalSliderConfig_OnSetTrackBelowFrameFocused.part.23	24	static
WidgetSet.c:848:6:WidgetSetVerticalSliderConfig_OnSetTrackBelowFrameDisabled.part.24	24	static
WidgetSet.c:859:6:WidgetSetVerticalSliderConfig_OnSetTrackBelowFrameDefault.part.25	24	static
WidgetSet.c:1474:6:WidgetSetValueDisplay_OnSetCurrentValue.part.26	24	static
WidgetSet.c:1413:6:WidgetSetValueDisplay_onOutlet	8	static
WidgetSet.c:2102:6:WidgetSetHorizontalValueBar_OnSetCurrentValue.part.27	24	static
WidgetSet.c:2045:6:WidgetSetHorizontalValueBar_onOutlet	8	static
WidgetSet.c:3160:6:WidgetSetVerticalSlider_OnSetCurrentValue.part.28	8	static
WidgetSet.c:2806:6:WidgetSetVerticalSlider_onOutlet	8	static
WidgetSet.c:2816:6:WidgetSetVerticalSlider_onRepetitionTimer	24	static
WidgetSet.c:2882:6:WidgetSetVerticalSlider_onPressKey	24	static
WidgetSet.c:2936:6:WidgetSetVerticalSlider_onDragTouch	40	static
WidgetSet.c:3007:6:WidgetSetVerticalSlider_onPressTouch	128	static
WidgetSet.c:3671:6:WidgetSetPushButton_onReleaseKey	16	static
WidgetSet.c:248:6:WidgetSetValueDisplayConfig_OnSetValueMarginRight	0	static
WidgetSet.c:259:6:WidgetSetValueDisplayConfig_OnSetValueMarginLeft	24	static
WidgetSet.c:270:6:WidgetSetValueDisplayConfig_OnSetValueColorNegative	32	static
WidgetSet.c:281:6:WidgetSetValueDisplayConfig_OnSetValueColorPositive	32	static
WidgetSet.c:292:6:WidgetSetValueDisplayConfig_OnSetValueAlignment	0	static
WidgetSet.c:303:6:WidgetSetValueDisplayConfig_OnSetValueFont	24	static
WidgetSet.c:314:6:WidgetSetValueDisplayConfig_OnSetUnitColorNegative	32	static
WidgetSet.c:325:6:WidgetSetValueDisplayConfig_OnSetUnitColorPositive	32	static
WidgetSet.c:336:6:WidgetSetValueDisplayConfig_OnSetUnitAlignment	0	static
WidgetSet.c:347:6:WidgetSetValueDisplayConfig_OnSetUnitFont	24	static
WidgetSet.c:358:6:WidgetSetValueDisplayConfig_OnSetFormatDecimalSign	24	static
WidgetSet.c:369:6:WidgetSetValueDisplayConfig_OnSetFormatPlusSign	24	static
WidgetSet.c:380:6:WidgetSetValueDisplayConfig_OnSetLayout	0	static
WidgetSet.c:391:6:WidgetSetValueDisplayConfig_OnSetWidgetMaxSize	40	static
WidgetSet.c:402:6:WidgetSetValueDisplayConfig_OnSetWidgetMinSize	40	static
WidgetSet.c:128:6:WidgetSetValueDisplay_Medium__Init	16	static
WidgetSet.c:467:6:WidgetSetHorizontalValueBarConfig_OnSetTrackRightFrame	0	static
WidgetSet.c:478:6:WidgetSetHorizontalValueBarConfig_OnSetTrackRight	24	static
WidgetSet.c:489:6:WidgetSetHorizontalValueBarConfig_OnSetTrackLeftFrame	0	static
WidgetSet.c:500:6:WidgetSetHorizontalValueBarConfig_OnSetTrackLeft	24	static
WidgetSet.c:511:6:WidgetSetHorizontalValueBarConfig_OnSetWidgetMinSize	40	static
WidgetSet.c:107:6:WidgetSetHorizontalValueBar_Medium__Init	8	static
WidgetSet.c:606:6:WidgetSetVerticalSliderConfig_OnSetKeyRepeatPeriod	0	static
WidgetSet.c:617:6:WidgetSetVerticalSliderConfig_OnSetKeyRepeatDelay	0	static
WidgetSet.c:628:6:WidgetSetVerticalSliderConfig_OnSetThumbMarginAbove	0	static
WidgetSet.c:639:6:WidgetSetVerticalSliderConfig_OnSetThumbMarginBelow	0	static
WidgetSet.c:650:6:WidgetSetVerticalSliderConfig_OnSetThumbFrameActive	0	static
WidgetSet.c:661:6:WidgetSetVerticalSliderConfig_OnSetThumbFrameFocused	0	static
WidgetSet.c:672:6:WidgetSetVerticalSliderConfig_OnSetThumbFrameDisabled	0	static
WidgetSet.c:683:6:WidgetSetVerticalSliderConfig_OnSetThumbFrameDefault	0	static
WidgetSet.c:694:6:WidgetSetVerticalSliderConfig_OnSetThumbActive	24	static
WidgetSet.c:705:6:WidgetSetVerticalSliderConfig_OnSetThumbFocused	24	static
WidgetSet.c:716:6:WidgetSetVerticalSliderConfig_OnSetThumbDisabled	24	static
WidgetSet.c:727:6:WidgetSetVerticalSliderConfig_OnSetThumbDefault	24	static
WidgetSet.c:738:6:WidgetSetVerticalSliderConfig_OnSetTrackAboveFrameActive	0	static
WidgetSet.c:749:6:WidgetSetVerticalSliderConfig_OnSetTrackAboveFrameFocused	0	static
WidgetSet.c:760:6:WidgetSetVerticalSliderConfig_OnSetTrackAboveFrameDisabled	0	static
WidgetSet.c:771:6:WidgetSetVerticalSliderConfig_OnSetTrackAboveFrameDefault	0	static
WidgetSet.c:782:6:WidgetSetVerticalSliderConfig_OnSetTrackAboveActive	24	static
WidgetSet.c:793:6:WidgetSetVerticalSliderConfig_OnSetTrackAboveFocused	24	static
WidgetSet.c:804:6:WidgetSetVerticalSliderConfig_OnSetTrackAboveDisabled	24	static
WidgetSet.c:815:6:WidgetSetVerticalSliderConfig_OnSetTrackAboveDefault	24	static
WidgetSet.c:826:6:WidgetSetVerticalSliderConfig_OnSetTrackBelowFrameActive	0	static
WidgetSet.c:837:6:WidgetSetVerticalSliderConfig_OnSetTrackBelowFrameFocused	0	static
WidgetSet.c:848:6:WidgetSetVerticalSliderConfig_OnSetTrackBelowFrameDisabled	0	static
WidgetSet.c:859:6:WidgetSetVerticalSliderConfig_OnSetTrackBelowFrameDefault	0	static
WidgetSet.c:870:6:WidgetSetVerticalSliderConfig_OnSetTrackBelowActive	24	static
WidgetSet.c:881:6:WidgetSetVerticalSliderConfig_OnSetTrackBelowFocused	24	static
WidgetSet.c:892:6:WidgetSetVerticalSliderConfig_OnSetTrackBelowDisabled	24	static
WidgetSet.c:903:6:WidgetSetVerticalSliderConfig_OnSetTrackBelowDefault	24	static
WidgetSet.c:914:6:WidgetSetVerticalSliderConfig_OnSetWidgetMinSize	40	static
WidgetSet.c:157:6:WidgetSetVerticalSlider_Medium__Init	8	static
WidgetSet.c:989:6:WidgetSetPushButtonConfig_OnSetLabelColorActive	32	static
WidgetSet.c:1000:6:WidgetSetPushButtonConfig_OnSetLabelColorFocused	32	static
WidgetSet.c:1011:6:WidgetSetPushButtonConfig_OnSetLabelColorDisabled	32	static
WidgetSet.c:1022:6:WidgetSetPushButtonConfig_OnSetLabelColorDefault	32	static
WidgetSet.c:1033:6:WidgetSetPushButtonConfig_OnSetLabelFont	24	static
WidgetSet.c:1423:6:WidgetSetValueDisplay_OnSetOutlet	72	static
WidgetSet.c:1443:6:WidgetSetValueDisplay_OnSetUnit	16	static
WidgetSet.c:1453:6:WidgetSetValueDisplay_OnSetPrecision	24	static
WidgetSet.c:1463:6:WidgetSetValueDisplay_OnSetCurrentBias	24	static
WidgetSet.c:1474:6:WidgetSetValueDisplay_OnSetCurrentValue	0	static
WidgetSet.c:1485:6:WidgetSetValueDisplay_OnSetAppearance	40	static
WidgetSet.c:2056:6:WidgetSetHorizontalValueBar_OnSetOutlet	72	static
WidgetSet.c:2077:8:WidgetSetHorizontalValueBar_OnGetCurrentValue	0	static
WidgetSet.c:2102:6:WidgetSetHorizontalValueBar_OnSetCurrentValue	0	static
WidgetSet.c:2114:6:WidgetSetHorizontalValueBar_OnSetAppearance	40	static
WidgetSet.c:3093:6:WidgetSetVerticalSlider_OnSetOutlet	72	static
WidgetSet.c:3113:6:WidgetSetVerticalSlider_OnSetStepSize	0	static
WidgetSet.c:3123:6:WidgetSetVerticalSlider_OnSetMaxValue	8	static
WidgetSet.c:3135:8:WidgetSetVerticalSlider_OnGetCurrentValue	0	static
WidgetSet.c:3160:6:WidgetSetVerticalSlider_OnSetCurrentValue	0	static
WidgetSet.c:3172:6:WidgetSetVerticalSlider_OnSetAppearance	40	static
WidgetSet.c:3787:6:WidgetSetPushButton_OnSetLabel	16	static
WidgetSet.c:3797:6:WidgetSetPushButton_OnSetAppearance	40	static
