ewextgfx.c:133:5:GfxInitGfx	20	static
ewextgfx.c:191:15:GfxInitViewport	40	static
ewextgfx.c:334:6:GfxDoneViewport	8	static
ewextgfx.c:383:15:GfxBeginUpdate	8	static
ewextgfx.c:434:15:GfxBeginUpdateArea	8	static
ewextgfx.c:517:6:GfxEndUpdate	32	static
ewextgfx.c:572:15:GfxCreateSurface	32	static
ewextgfx.c:641:15:GfxCreateConstSurface	32	static
ewextgfx.c:703:6:GfxDestroySurface	16	static
ewextgfx.c:775:15:GfxLockSurface	24	static
ewextgfx.c:846:6:GfxUnlockSurface	0	static
ewextgfx.c:911:6:GfxFillDriver	184	static
ewextgfx.c:1011:6:GfxCopyDriver	232	static
ewextgfx.c:1157:6:GfxBlendDriver	232	static
ewextgfx.c:1285:6:GfxUseGraphicsAccelerator	0	static
ewextgfx.c:1325:5:GfxIsGraphicsAcceleratorUsed	0	static
