<!doctype html public "-//w3c//dtd html 4.0 transitional//en">
<html><head>
<title>Static Call Graph - [STM32H745-Discovery\EmbeddedWizard-STM32H745-Discovery.axf]</title></head>
<body><HR>
<H1>Static Call Graph for image STM32H745-Discovery\EmbeddedWizard-STM32H745-Discovery.axf</H1><HR>
<BR><P>#&#060CALLGRAPH&#062# ARM Linker, 6120001: Last Updated: Thu Nov 19 17:44:12 2020
<BR><P>
<H3>Maximum Stack Usage =        728 bytes + Unknown(Functions without stacksize, Cycles, Untraceable Function Pointers)</H3><H3>
Call chain for Maximum Stack Depth:</H3>
main &rArr; EwBspSystemInit &rArr; BSP_QSPI_Init &rArr; MT25TL01G_Enter4BytesAddressMode &rArr; HAL_QSPI_AutoPolling &rArr; QSPI_Config
<P>
<H3>
Functions with no stack information
</H3><UL>
 <LI><a href="#[31c]">EwAdaptByteOrder2</a>
 <LI><a href="#[31d]">EwAdaptByteOrder4</a>
 <LI><a href="#[308]">EwAddHeapMemoryPool</a>
 <LI><a href="#[309]">EwAddSubPathArc</a>
 <LI><a href="#[415]">EwAddSubPathBezier3</a>
 <LI><a href="#[30a]">EwAllocHeapBlock</a>
 <LI><a href="#[364]">EwAllocTask</a>
 <LI><a href="#[363]">EwAllocTaskData</a>
 <LI><a href="#[393]">EwAllocTasks</a>
 <LI><a href="#[30b]">EwAllocVideo</a>
 <LI><a href="#[2fb]">EwAttachObjObserver</a>
 <LI><a href="#[30c]">EwAttachRefObserver</a>
 <LI><a href="#[40c]">EwBeginSubPath</a>
 <LI><a href="#[30d]">EwBeginUpdate</a>
 <LI><a href="#[310]">EwBeginUpdateArea</a>
 <LI><a href="#[312]">EwBidiApplyShaping</a>
 <LI><a href="#[3ea]">EwBidiCompleteRow</a>
 <LI><a href="#[3e9]">EwBidiGetCharLevel</a>
 <LI><a href="#[314]">EwBidiInit</a>
 <LI><a href="#[469]">EwBidiIsNeeded</a>
 <LI><a href="#[467]">EwBidiIsRTL</a>
 <LI><a href="#[3e8]">EwBidiMirrorGlyphs</a>
 <LI><a href="#[316]">EwBidiProcess</a>
 <LI><a href="#[3eb]">EwBidiReorderChars</a>
 <LI><a href="#[3d6]">EwBmpClose</a>
 <LI><a href="#[387]">EwBmpDone</a>
 <LI><a href="#[3d5]">EwBmpGetFrameMemory</a>
 <LI><a href="#[3d8]">EwBmpGetFrameMetrics</a>
 <LI><a href="#[3d4]">EwBmpGetMetrics</a>
 <LI><a href="#[317]">EwBmpInit</a>
 <LI><a href="#[318]">EwBmpLoadClut</a>
 <LI><a href="#[31a]">EwBmpLoadFrame</a>
 <LI><a href="#[3d7]">EwBmpLoadMappingTable</a>
 <LI><a href="#[31e]">EwBmpOpen</a>
 <LI><a href="#[2b2]">EwCanDiscardSurface</a>
 <LI><a href="#[2b6]">EwCastObject</a>
 <LI><a href="#[40b]">EwCloseSubPath</a>
 <LI><a href="#[291]">EwCompColor</a>
 <LI><a href="#[2c5]">EwCompPoint</a>
 <LI><a href="#[2c2]">EwCompRect</a>
 <LI><a href="#[478]">EwCompRef</a>
 <LI><a href="#[359]">EwCompString</a>
 <LI><a href="#[449]">EwCompleteTasks</a>
 <LI><a href="#[35b]">EwConcatCharString</a>
 <LI><a href="#[29d]">EwConcatString</a>
 <LI><a href="#[fe]">EwCopyAlpha8RowGradient</a>
 <LI><a href="#[ff]">EwCopyAlpha8RowGradientBlend</a>
 <LI><a href="#[c8]">EwCopyAlpha8RowSolid</a>
 <LI><a href="#[bc]">EwCopyAlpha8RowSolidBlend</a>
 <LI><a href="#[35e]">EwCopyBitmap</a>
 <LI><a href="#[c7]">EwCopyIndex8Row</a>
 <LI><a href="#[bb]">EwCopyIndex8RowBlend</a>
 <LI><a href="#[fc]">EwCopyIndex8RowGradient</a>
 <LI><a href="#[fd]">EwCopyIndex8RowGradientBlend</a>
 <LI><a href="#[c6]">EwCopyIndex8RowSolid</a>
 <LI><a href="#[ba]">EwCopyIndex8RowSolidBlend</a>
 <LI><a href="#[c5]">EwCopyNativeRow</a>
 <LI><a href="#[b9]">EwCopyNativeRowBlend</a>
 <LI><a href="#[fa]">EwCopyNativeRowGradient</a>
 <LI><a href="#[fb]">EwCopyNativeRowGradientBlend</a>
 <LI><a href="#[c4]">EwCopyNativeRowSolid</a>
 <LI><a href="#[b8]">EwCopyNativeRowSolidBlend</a>
 <LI><a href="#[cb]">EwCopyRGB565Row</a>
 <LI><a href="#[100]">EwCopyRGB565RowGradient</a>
 <LI><a href="#[101]">EwCopyRGB565RowGradientBlend</a>
 <LI><a href="#[ca]">EwCopyRGB565RowSolid</a>
 <LI><a href="#[be]">EwCopyRGB565RowSolidBlend</a>
 <LI><a href="#[366]">EwCreateBidi</a>
 <LI><a href="#[367]">EwCreateBitmap</a>
 <LI><a href="#[36a]">EwCreateConstSurface</a>
 <LI><a href="#[36e]">EwCreateGlyph</a>
 <LI><a href="#[36f]">EwCreatePath</a>
 <LI><a href="#[370]">EwCreateSurface</a>
 <LI><a href="#[2d8]">EwCreateTimer</a>
 <LI><a href="#[31b]">EwDecompress</a>
 <LI><a href="#[2ce]">EwDeregisterResource</a>
 <LI><a href="#[2e1]">EwDestroyTimer</a>
 <LI><a href="#[2fc]">EwDetachObjObserver</a>
 <LI><a href="#[376]">EwDetachRefObserver</a>
 <LI><a href="#[377]">EwDiscardGlyph</a>
 <LI><a href="#[378]">EwDiscardSignals</a>
 <LI><a href="#[379]">EwDisposeObservers</a>
 <LI><a href="#[37a]">EwDisposeSignals</a>
 <LI><a href="#[37b]">EwDisposeStrings</a>
 <LI><a href="#[385]">EwDoneGfxCore</a>
 <LI><a href="#[381]">EwDoneGraphicsEngine</a>
 <LI><a href="#[382]">EwDoneHeap</a>
 <LI><a href="#[365]">EwDoneIssue</a>
 <LI><a href="#[37e]">EwDoneViewport</a>
 <LI><a href="#[38a]">EwDrawBitmapFrame</a>
 <LI><a href="#[38c]">EwDrawLine</a>
 <LI><a href="#[38d]">EwDrawText</a>
 <LI><a href="#[392]">EwEliminateTasks</a>
 <LI><a href="#[3a2]">EwEmulateCopy</a>
 <LI><a href="#[3a0]">EwEmulateFill</a>
 <LI><a href="#[394]">EwEmulateFillPolygon</a>
 <LI><a href="#[3a1]">EwEmulateLine</a>
 <LI><a href="#[3a3]">EwEmulateWarp</a>
 <LI><a href="#[388]">EwEndUpdate</a>
 <LI><a href="#[24b]">EwError</a>
 <LI><a href="#[39b]">EwErrorDD</a>
 <LI><a href="#[30e]">EwErrorPD</a>
 <LI><a href="#[31f]">EwErrorS</a>
 <LI><a href="#[39c]">EwExecuteTasks</a>
 <LI><a href="#[3a5]">EwFillPath</a>
 <LI><a href="#[3a8]">EwFillRectangle</a>
 <LI><a href="#[10b]">EwFillRowGradient</a>
 <LI><a href="#[10c]">EwFillRowGradientBlend</a>
 <LI><a href="#[d2]">EwFillRowSolid</a>
 <LI><a href="#[d5]">EwFillRowSolidBlend</a>
 <LI><a href="#[3a9]">EwFindGlyph</a>
 <LI><a href="#[3aa]">EwFindSurface</a>
 <LI><a href="#[361]">EwFlushTasks</a>
 <LI><a href="#[3b6]">EwFntClose</a>
 <LI><a href="#[386]">EwFntDone</a>
 <LI><a href="#[406]">EwFntGetGlyphMetrics</a>
 <LI><a href="#[390]">EwFntGetKerning</a>
 <LI><a href="#[3da]">EwFntGetMetrics</a>
 <LI><a href="#[3ca]">EwFntInit</a>
 <LI><a href="#[3d2]">EwFntIsGlyphAvailable</a>
 <LI><a href="#[3ac]">EwFntLoadGlyph</a>
 <LI><a href="#[3ad]">EwFntOpen</a>
 <LI><a href="#[3ae]">EwFormatFloatToAnsiString</a>
 <LI><a href="#[3b0]">EwFormatIntToAnsiString</a>
 <LI><a href="#[3b1]">EwFormatUIntToAnsiString</a>
 <LI><a href="#[3b3]">EwFreeBidi</a>
 <LI><a href="#[3b4]">EwFreeBitmap</a>
 <LI><a href="#[3b5]">EwFreeFont</a>
 <LI><a href="#[391]">EwFreeGlyph</a>
 <LI><a href="#[3b2]">EwFreeHeapBlock</a>
 <LI><a href="#[3b7]">EwFreePath</a>
 <LI><a href="#[369]">EwFreeSurface</a>
 <LI><a href="#[3a7]">EwFreeTaskData</a>
 <LI><a href="#[3b8]">EwFreeVideo</a>
 <LI><a href="#[372]">EwGetAlpha8SurfaceMemSize</a>
 <LI><a href="#[257]">EwGetAutoObject</a>
 <LI><a href="#[3b9]">EwGetBitmapFromFillPath</a>
 <LI><a href="#[3bb]">EwGetBitmapFromStrokePath</a>
 <LI><a href="#[39e]">EwGetColorFromGradient</a>
 <LI><a href="#[3bf]">EwGetFlowTextAdvance</a>
 <LI><a href="#[3c0]">EwGetGlyphMetrics</a>
 <LI><a href="#[374]">EwGetIndex8SurfaceMemSize</a>
 <LI><a href="#[40a]">EwGetMaxNoOfSubPaths</a>
 <LI><a href="#[375]">EwGetNativeSurfaceMemSize</a>
 <LI><a href="#[2d1]">EwGetOverlayArea</a>
 <LI><a href="#[373]">EwGetRGB565SurfaceMemSize</a>
 <LI><a href="#[2d2]">EwGetRectArea</a>
 <LI><a href="#[2e7]">EwGetRectCenter</a>
 <LI><a href="#[2aa]">EwGetRectH</a>
 <LI><a href="#[2c0]">EwGetRectORect</a>
 <LI><a href="#[2af]">EwGetRectSize</a>
 <LI><a href="#[2a9]">EwGetRectW</a>
 <LI><a href="#[3c1]">EwGetStringChar</a>
 <LI><a href="#[315]">EwGetStringLength</a>
 <LI><a href="#[38e]">EwGetTextAdvance</a>
 <LI><a href="#[3cd]">EwGfxTasksInit</a>
 <LI><a href="#[24a]">EwImmediateReclaimMemory</a>
 <LI><a href="#[46a]">EwInflateRect</a>
 <LI><a href="#[3cc]">EwInitAttrText</a>
 <LI><a href="#[3cb]">EwInitBidi</a>
 <LI><a href="#[39d]">EwInitColorGradient</a>
 <LI><a href="#[3c8]">EwInitGfxCore</a>
 <LI><a href="#[3c5]">EwInitGraphicsEngine</a>
 <LI><a href="#[3c4]">EwInitHeap</a>
 <LI><a href="#[362]">EwInitIssue</a>
 <LI><a href="#[3d0]">EwInitSubPath</a>
 <LI><a href="#[3c7]">EwInitViewport</a>
 <LI><a href="#[2b8]">EwIntersectRect</a>
 <LI><a href="#[46b]">EwIntersectRect2</a>
 <LI><a href="#[313]">EwIsGlyphAvailable</a>
 <LI><a href="#[2d7]">EwIsPointInRect</a>
 <LI><a href="#[2b9]">EwIsRectEmpty</a>
 <LI><a href="#[3d3]">EwLoadBitmap</a>
 <LI><a href="#[3d9]">EwLoadFont</a>
 <LI><a href="#[252]">EwLoadResource</a>
 <LI><a href="#[28b]">EwLoadString</a>
 <LI><a href="#[3cf]">EwLockBitmap</a>
 <LI><a href="#[3db]">EwLockGlyphCache</a>
 <LI><a href="#[3c6]">EwLockObject</a>
 <LI><a href="#[2f6]">EwLockSurface</a>
 <LI><a href="#[3f7]">EwMarkSignals</a>
 <LI><a href="#[2a8]">EwMovePointNeg</a>
 <LI><a href="#[2a6]">EwMovePointPos</a>
 <LI><a href="#[2ba]">EwMoveRectNeg</a>
 <LI><a href="#[2bd]">EwMoveRectPos</a>
 <LI><a href="#[2de]">EwNegPoint</a>
 <LI><a href="#[2bb]">EwNewColor</a>
 <LI><a href="#[2cd]">EwNewObjectIndirect</a>
 <LI><a href="#[2ab]">EwNewPoint</a>
 <LI><a href="#[2cc]">EwNewRect</a>
 <LI><a href="#[2c7]">EwNewRect2Point</a>
 <LI><a href="#[255]">EwNewRef</a>
 <LI><a href="#[294]">EwNewSlot</a>
 <LI><a href="#[3e4]">EwNewStringChar</a>
 <LI><a href="#[29f]">EwNewStringInt</a>
 <LI><a href="#[3e5]">EwNextTimerExpiration</a>
 <LI><a href="#[2c3]">EwNotifyObjObservers</a>
 <LI><a href="#[3e6]">EwNotifyRefObservers</a>
 <LI><a href="#[47d]">EwOnGetInt32</a>
 <LI><a href="#[307]">EwOnSetFloat</a>
 <LI><a href="#[485]">EwOnSetInt32</a>
 <LI><a href="#[360]">EwPackColor</a>
 <LI><a href="#[3e7]">EwParseFlowString</a>
 <LI><a href="#[297]">EwPostSignal</a>
 <LI><a href="#[2a5]">EwPrint</a>
 <LI><a href="#[3f0]">EwProcessSignals</a>
 <LI><a href="#[3ef]">EwProcessTimers</a>
 <LI><a href="#[3ba]">EwRasterAlpha8Polygon</a>
 <LI><a href="#[380]">EwReclaimMemory</a>
 <LI><a href="#[2cf]">EwRegisterResource</a>
 <LI><a href="#[3f8]">EwReleaseDecompressBuffers</a>
 <LI><a href="#[3ab]">EwReorderTasks</a>
 <LI><a href="#[2d9]">EwResetTimer</a>
 <LI><a href="#[106]">EwScreenCopyAlpha8RowGradient</a>
 <LI><a href="#[107]">EwScreenCopyAlpha8RowGradientBlend</a>
 <LI><a href="#[c9]">EwScreenCopyAlpha8RowSolid</a>
 <LI><a href="#[bd]">EwScreenCopyAlpha8RowSolidBlend</a>
 <LI><a href="#[cf]">EwScreenCopyIndex8Row</a>
 <LI><a href="#[c3]">EwScreenCopyIndex8RowBlend</a>
 <LI><a href="#[104]">EwScreenCopyIndex8RowGradient</a>
 <LI><a href="#[105]">EwScreenCopyIndex8RowGradientBlend</a>
 <LI><a href="#[ce]">EwScreenCopyIndex8RowSolid</a>
 <LI><a href="#[c2]">EwScreenCopyIndex8RowSolidBlend</a>
 <LI><a href="#[cd]">EwScreenCopyNativeRow</a>
 <LI><a href="#[c1]">EwScreenCopyNativeRowBlend</a>
 <LI><a href="#[102]">EwScreenCopyNativeRowGradient</a>
 <LI><a href="#[103]">EwScreenCopyNativeRowGradientBlend</a>
 <LI><a href="#[cc]">EwScreenCopyNativeRowSolid</a>
 <LI><a href="#[c0]">EwScreenCopyNativeRowSolidBlend</a>
 <LI><a href="#[d1]">EwScreenCopyRGB565Row</a>
 <LI><a href="#[108]">EwScreenCopyRGB565RowGradient</a>
 <LI><a href="#[109]">EwScreenCopyRGB565RowGradientBlend</a>
 <LI><a href="#[d0]">EwScreenCopyRGB565RowSolid</a>
 <LI><a href="#[bf]">EwScreenCopyRGB565RowSolidBlend</a>
 <LI><a href="#[10d]">EwScreenFillRowGradient</a>
 <LI><a href="#[10e]">EwScreenFillRowGradientBlend</a>
 <LI><a href="#[d3]">EwScreenFillRowSolid</a>
 <LI><a href="#[d4]">EwScreenFillRowSolidBlend</a>
 <LI><a href="#[b3]">EwScreenSetPixelSolid</a>
 <LI><a href="#[b4]">EwScreenSetPixelSolidBlend</a>
 <LI><a href="#[157]">EwScreenWarpAlpha8RowFilterGradient</a>
 <LI><a href="#[158]">EwScreenWarpAlpha8RowFilterGradientBlend</a>
 <LI><a href="#[155]">EwScreenWarpAlpha8RowFilterSolid</a>
 <LI><a href="#[156]">EwScreenWarpAlpha8RowFilterSolidBlend</a>
 <LI><a href="#[153]">EwScreenWarpAlpha8RowGradient</a>
 <LI><a href="#[154]">EwScreenWarpAlpha8RowGradientBlend</a>
 <LI><a href="#[151]">EwScreenWarpAlpha8RowSolid</a>
 <LI><a href="#[152]">EwScreenWarpAlpha8RowSolidBlend</a>
 <LI><a href="#[145]">EwScreenWarpIndex8Row</a>
 <LI><a href="#[146]">EwScreenWarpIndex8RowBlend</a>
 <LI><a href="#[14b]">EwScreenWarpIndex8RowFilter</a>
 <LI><a href="#[14c]">EwScreenWarpIndex8RowFilterBlend</a>
 <LI><a href="#[14f]">EwScreenWarpIndex8RowFilterGradient</a>
 <LI><a href="#[150]">EwScreenWarpIndex8RowFilterGradientBlend</a>
 <LI><a href="#[14d]">EwScreenWarpIndex8RowFilterSolid</a>
 <LI><a href="#[14e]">EwScreenWarpIndex8RowFilterSolidBlend</a>
 <LI><a href="#[149]">EwScreenWarpIndex8RowGradient</a>
 <LI><a href="#[14a]">EwScreenWarpIndex8RowGradientBlend</a>
 <LI><a href="#[147]">EwScreenWarpIndex8RowSolid</a>
 <LI><a href="#[148]">EwScreenWarpIndex8RowSolidBlend</a>
 <LI><a href="#[139]">EwScreenWarpNativeRow</a>
 <LI><a href="#[13a]">EwScreenWarpNativeRowBlend</a>
 <LI><a href="#[13f]">EwScreenWarpNativeRowFilter</a>
 <LI><a href="#[140]">EwScreenWarpNativeRowFilterBlend</a>
 <LI><a href="#[143]">EwScreenWarpNativeRowFilterGradient</a>
 <LI><a href="#[144]">EwScreenWarpNativeRowFilterGradientBlend</a>
 <LI><a href="#[141]">EwScreenWarpNativeRowFilterSolid</a>
 <LI><a href="#[142]">EwScreenWarpNativeRowFilterSolidBlend</a>
 <LI><a href="#[13d]">EwScreenWarpNativeRowGradient</a>
 <LI><a href="#[13e]">EwScreenWarpNativeRowGradientBlend</a>
 <LI><a href="#[13b]">EwScreenWarpNativeRowSolid</a>
 <LI><a href="#[13c]">EwScreenWarpNativeRowSolidBlend</a>
 <LI><a href="#[159]">EwScreenWarpRGB565Row</a>
 <LI><a href="#[15e]">EwScreenWarpRGB565RowFilter</a>
 <LI><a href="#[161]">EwScreenWarpRGB565RowFilterGradient</a>
 <LI><a href="#[162]">EwScreenWarpRGB565RowFilterGradientBlend</a>
 <LI><a href="#[15f]">EwScreenWarpRGB565RowFilterSolid</a>
 <LI><a href="#[160]">EwScreenWarpRGB565RowFilterSolidBlend</a>
 <LI><a href="#[15c]">EwScreenWarpRGB565RowGradient</a>
 <LI><a href="#[15d]">EwScreenWarpRGB565RowGradientBlend</a>
 <LI><a href="#[15a]">EwScreenWarpRGB565RowSolid</a>
 <LI><a href="#[15b]">EwScreenWarpRGB565RowSolidBlend</a>
 <LI><a href="#[2b5]">EwSetContains</a>
 <LI><a href="#[b1]">EwSetPixelSolid</a>
 <LI><a href="#[b2]">EwSetPixelSolidBlend</a>
 <LI><a href="#[461]">EwSetPointX</a>
 <LI><a href="#[462]">EwSetPointY</a>
 <LI><a href="#[463]">EwSetRectOrigin</a>
 <LI><a href="#[2a0]">EwSetRectSize</a>
 <LI><a href="#[468]">EwSetRectW</a>
 <LI><a href="#[3f9]">EwSetStringChar</a>
 <LI><a href="#[3fa]">EwShareString</a>
 <LI><a href="#[299]">EwSignal</a>
 <LI><a href="#[2da]">EwStartTimer</a>
 <LI><a href="#[3fb]">EwStringFindChar</a>
 <LI><a href="#[3fc]">EwStringMiddle</a>
 <LI><a href="#[3fd]">EwStrokePath</a>
 <LI><a href="#[2b4]">EwThrow</a>
 <LI><a href="#[38b]">EwTileBitmap</a>
 <LI><a href="#[3fe]">EwTrace</a>
 <LI><a href="#[2c1]">EwUnionRect</a>
 <LI><a href="#[3ff]">EwUnlockGlyphCache</a>
 <LI><a href="#[37f]">EwUnlockObject</a>
 <LI><a href="#[2f8]">EwUnlockSurface</a>
 <LI><a href="#[3f6]">EwVerifyHeap</a>
 <LI><a href="#[399]">EwWaitForSurface</a>
 <LI><a href="#[12d]">EwWarpAlpha8RowFilterGradient</a>
 <LI><a href="#[12e]">EwWarpAlpha8RowFilterGradientBlend</a>
 <LI><a href="#[12b]">EwWarpAlpha8RowFilterSolid</a>
 <LI><a href="#[12c]">EwWarpAlpha8RowFilterSolidBlend</a>
 <LI><a href="#[129]">EwWarpAlpha8RowGradient</a>
 <LI><a href="#[12a]">EwWarpAlpha8RowGradientBlend</a>
 <LI><a href="#[127]">EwWarpAlpha8RowSolid</a>
 <LI><a href="#[128]">EwWarpAlpha8RowSolidBlend</a>
 <LI><a href="#[401]">EwWarpBitmap</a>
 <LI><a href="#[11b]">EwWarpIndex8Row</a>
 <LI><a href="#[11c]">EwWarpIndex8RowBlend</a>
 <LI><a href="#[121]">EwWarpIndex8RowFilter</a>
 <LI><a href="#[122]">EwWarpIndex8RowFilterBlend</a>
 <LI><a href="#[125]">EwWarpIndex8RowFilterGradient</a>
 <LI><a href="#[126]">EwWarpIndex8RowFilterGradientBlend</a>
 <LI><a href="#[123]">EwWarpIndex8RowFilterSolid</a>
 <LI><a href="#[124]">EwWarpIndex8RowFilterSolidBlend</a>
 <LI><a href="#[11f]">EwWarpIndex8RowGradient</a>
 <LI><a href="#[120]">EwWarpIndex8RowGradientBlend</a>
 <LI><a href="#[11d]">EwWarpIndex8RowSolid</a>
 <LI><a href="#[11e]">EwWarpIndex8RowSolidBlend</a>
 <LI><a href="#[10f]">EwWarpNativeRow</a>
 <LI><a href="#[110]">EwWarpNativeRowBlend</a>
 <LI><a href="#[115]">EwWarpNativeRowFilter</a>
 <LI><a href="#[116]">EwWarpNativeRowFilterBlend</a>
 <LI><a href="#[119]">EwWarpNativeRowFilterGradient</a>
 <LI><a href="#[11a]">EwWarpNativeRowFilterGradientBlend</a>
 <LI><a href="#[117]">EwWarpNativeRowFilterSolid</a>
 <LI><a href="#[118]">EwWarpNativeRowFilterSolidBlend</a>
 <LI><a href="#[113]">EwWarpNativeRowGradient</a>
 <LI><a href="#[114]">EwWarpNativeRowGradientBlend</a>
 <LI><a href="#[111]">EwWarpNativeRowSolid</a>
 <LI><a href="#[112]">EwWarpNativeRowSolidBlend</a>
 <LI><a href="#[12f]">EwWarpRGB565Row</a>
 <LI><a href="#[134]">EwWarpRGB565RowFilter</a>
 <LI><a href="#[137]">EwWarpRGB565RowFilterGradient</a>
 <LI><a href="#[138]">EwWarpRGB565RowFilterGradientBlend</a>
 <LI><a href="#[135]">EwWarpRGB565RowFilterSolid</a>
 <LI><a href="#[136]">EwWarpRGB565RowFilterSolidBlend</a>
 <LI><a href="#[132]">EwWarpRGB565RowGradient</a>
 <LI><a href="#[133]">EwWarpRGB565RowGradientBlend</a>
 <LI><a href="#[130]">EwWarpRGB565RowSolid</a>
 <LI><a href="#[131]">EwWarpRGB565RowSolidBlend</a>
 <LI><a href="#[235]">XObject__Done</a>
 <LI><a href="#[233]">XObject__Init</a>
 <LI><a href="#[234]">XObject__ReInit</a>
 <LI><a href="#[2f5]">DrawFrameGrid</a>
 <LI><a href="#[38f]">GetGlyph</a>
 <LI><a href="#[368]">InitBitmap</a>
 <LI><a href="#[35f]">MapBitmapFrame</a>
 <LI><a href="#[3be]">PrepareForStrokePath</a>
 <LI><a href="#[3a6]">UpdatePath</a>
 <LI><a href="#[b5]">UpdateWatermark1</a>
 <LI><a href="#[d8]">UpdateWatermark2</a>
 <LI><a href="#[2b0]">CleanSurfaceCache</a>
 <LI><a href="#[2f2]">DiscardGlyph</a>
 <LI><a href="#[2b1]">DiscardSurface</a>
 <LI><a href="#[36c]">FlushAndClean</a>
 <LI><a href="#[36b]">ProcessIssues</a>
 <LI><a href="#[397]">RasterPolygonRow_AA_EO</a>
 <LI><a href="#[395]">RasterPolygonRow_AA_NZW</a>
 <LI><a href="#[398]">RasterPolygonRow_EO</a>
 <LI><a href="#[396]">RasterPolygonRow_NZW</a>
 <LI><a href="#[248]">AddSignal</a>
 <LI><a href="#[24d]">AllocString</a>
 <LI><a href="#[35a]">VerifyString</a>
 <LI><a href="#[39f]">WarpSurface2</a>
</UL>
</UL>
<P>
<H3>
Mutually Recursive functions
</H3> <LI><a href="#[84]">ADC3_IRQHandler</a>&nbsp;&nbsp;&nbsp;&rArr;&nbsp;&nbsp;&nbsp;<a href="#[84]">ADC3_IRQHandler</a><BR>
 <LI><a href="#[2f6]">EwLockSurface</a>&nbsp;&nbsp;&nbsp;&rArr;&nbsp;&nbsp;&nbsp;<a href="#[36b]">ProcessIssues</a><BR>
 <LI><a href="#[361]">EwFlushTasks</a>&nbsp;&nbsp;&nbsp;&rArr;&nbsp;&nbsp;&nbsp;<a href="#[36b]">ProcessIssues</a><BR>
 <LI><a href="#[38f]">GetGlyph</a>&nbsp;&nbsp;&nbsp;&rArr;&nbsp;&nbsp;&nbsp;<a href="#[38f]">GetGlyph</a><BR>
</UL>
<P>
<H3>
Function Pointers
</H3><UL>
 <LI><a href="#[84]">ADC3_IRQHandler</a> from startup_stm32h745xx.o(.text) referenced from startup_stm32h745xx.o(RESET)
 <LI><a href="#[1c]">ADC_IRQHandler</a> from startup_stm32h745xx.o(.text) referenced from startup_stm32h745xx.o(RESET)
 <LI><a href="#[9d]">ApplicationApplication_OnGetSpeed</a> from application.o(.text.ApplicationApplication_OnGetSpeed) referenced 2 times from application.o(.text.ApplicationApplication__Init)
 <LI><a href="#[9e]">ApplicationApplication_OnSetSpeed</a> from application.o(.text.ApplicationApplication_OnSetSpeed) referenced 2 times from application.o(.text.ApplicationApplication__Init)
 <LI><a href="#[169]">ApplicationApplication__Done</a> from application.o(.text.ApplicationApplication__Done) referenced from application.o(.rodata.__vmt_ApplicationApplication)
 <LI><a href="#[167]">ApplicationApplication__Init</a> from application.o(.text.ApplicationApplication__Init) referenced from application.o(.rodata.__vmt_ApplicationApplication)
 <LI><a href="#[168]">ApplicationApplication__ReInit</a> from application.o(.text.ApplicationApplication__ReInit) referenced from application.o(.rodata.__vmt_ApplicationApplication)
 <LI><a href="#[86]">BDMA_Channel0_IRQHandler</a> from startup_stm32h745xx.o(.text) referenced from startup_stm32h745xx.o(RESET)
 <LI><a href="#[87]">BDMA_Channel1_IRQHandler</a> from startup_stm32h745xx.o(.text) referenced from startup_stm32h745xx.o(RESET)
 <LI><a href="#[88]">BDMA_Channel2_IRQHandler</a> from startup_stm32h745xx.o(.text) referenced from startup_stm32h745xx.o(RESET)
 <LI><a href="#[89]">BDMA_Channel3_IRQHandler</a> from startup_stm32h745xx.o(.text) referenced from startup_stm32h745xx.o(RESET)
 <LI><a href="#[8a]">BDMA_Channel4_IRQHandler</a> from startup_stm32h745xx.o(.text) referenced from startup_stm32h745xx.o(RESET)
 <LI><a href="#[8b]">BDMA_Channel5_IRQHandler</a> from startup_stm32h745xx.o(.text) referenced from startup_stm32h745xx.o(RESET)
 <LI><a href="#[8c]">BDMA_Channel6_IRQHandler</a> from startup_stm32h745xx.o(.text) referenced from startup_stm32h745xx.o(RESET)
 <LI><a href="#[8d]">BDMA_Channel7_IRQHandler</a> from startup_stm32h745xx.o(.text) referenced from startup_stm32h745xx.o(RESET)
 <LI><a href="#[b0]">BSP_GetTick</a> from stm32h745i_discovery_bus.o(.text.BSP_GetTick) referenced 2 times from ew_bsp_touch.o(.text.EwBspTouchInit)
 <LI><a href="#[ad]">BSP_I2C4_DeInit</a> from stm32h745i_discovery_bus.o(.text.BSP_I2C4_DeInit) referenced 2 times from ew_bsp_touch.o(.text.EwBspTouchInit)
 <LI><a href="#[ac]">BSP_I2C4_Init</a> from stm32h745i_discovery_bus.o(.text.BSP_I2C4_Init) referenced 2 times from ew_bsp_touch.o(.text.EwBspTouchInit)
 <LI><a href="#[ae]">BSP_I2C4_ReadReg</a> from stm32h745i_discovery_bus.o(.text.BSP_I2C4_ReadReg) referenced 2 times from ew_bsp_touch.o(.text.EwBspTouchInit)
 <LI><a href="#[af]">BSP_I2C4_WriteReg</a> from stm32h745i_discovery_bus.o(.text.BSP_I2C4_WriteReg) referenced 2 times from ew_bsp_touch.o(.text.EwBspTouchInit)
 <LI><a href="#[17d]">BezierClockClockScreen__Done</a> from bezierclock.o(.text.BezierClockClockScreen__Done) referenced from bezierclock.o(.rodata.__vmt_BezierClockClockScreen)
 <LI><a href="#[17b]">BezierClockClockScreen__Init</a> from bezierclock.o(.text.BezierClockClockScreen__Init) referenced from bezierclock.o(.rodata.__vmt_BezierClockClockScreen)
 <LI><a href="#[17c]">BezierClockClockScreen__ReInit</a> from bezierclock.o(.text.BezierClockClockScreen__ReInit) referenced from bezierclock.o(.rodata.__vmt_BezierClockClockScreen)
 <LI><a href="#[a1]">BezierClockClockScreen_firstUpdate</a> from bezierclock.o(.text.BezierClockClockScreen_firstUpdate) referenced 4 times from bezierclock.o(.text.BezierClockClockScreen__Init)
 <LI><a href="#[a3]">BezierClockClockScreen_frequentUpdate</a> from bezierclock.o(.text.BezierClockClockScreen_frequentUpdate) referenced 2 times from bezierclock.o(.text.BezierClockClockScreen_firstUpdate)
 <LI><a href="#[a2]">BezierClockClockScreen_updateCurrentTime</a> from bezierclock.o(.text.BezierClockClockScreen_updateCurrentTime) referenced 2 times from bezierclock.o(.text.BezierClockClockScreen_firstUpdate)
 <LI><a href="#[a2]">BezierClockClockScreen_updateCurrentTime</a> from bezierclock.o(.text.BezierClockClockScreen_updateCurrentTime) referenced 2 times from bezierclock.o(.text.BezierClockClockScreen_frequentUpdate)
 <LI><a href="#[189]">BezierClockDigit_UpdateLayout</a> from bezierclock.o(.text.BezierClockDigit_UpdateLayout) referenced from bezierclock.o(.rodata.__vmt_BezierClockDigit)
 <LI><a href="#[187]">BezierClockDigit__Done</a> from bezierclock.o(.text.BezierClockDigit__Done) referenced from bezierclock.o(.rodata.__vmt_BezierClockDigit)
 <LI><a href="#[185]">BezierClockDigit__Init</a> from bezierclock.o(.text.BezierClockDigit__Init) referenced from bezierclock.o(.rodata.__vmt_BezierClockDigit)
 <LI><a href="#[186]">BezierClockDigit__ReInit</a> from bezierclock.o(.text.BezierClockDigit__ReInit) referenced from bezierclock.o(.rodata.__vmt_BezierClockDigit)
 <LI><a href="#[188]">BezierClockDigit_drawContent</a> from bezierclock.o(.text.BezierClockDigit_drawContent) referenced from bezierclock.o(.rodata.__vmt_BezierClockDigit)
 <LI><a href="#[a6]">BezierClockDigit_updatePath</a> from bezierclock.o(.text.BezierClockDigit_updatePath) referenced 2 times from bezierclock.o(.text.BezierClockDigit_UpdateLayout)
 <LI><a href="#[a6]">BezierClockDigit_updatePath</a> from bezierclock.o(.text.BezierClockDigit_updatePath) referenced 2 times from bezierclock.o(.text.BezierClockDigit__Init)
 <LI><a href="#[a5]">BezierClockDigit_updatePoints</a> from bezierclock.o(.text.BezierClockDigit_updatePoints) referenced 2 times from bezierclock.o(.text.BezierClockDigit_UpdateLayout)
 <LI><a href="#[4]">BusFault_Handler</a> from stm32h7xx_it.o(.text.BusFault_Handler) referenced from startup_stm32h745xx.o(RESET)
 <LI><a href="#[64]">CEC_IRQHandler</a> from startup_stm32h745xx.o(.text) referenced from startup_stm32h745xx.o(RESET)
 <LI><a href="#[4a]">CM4_SEV_IRQHandler</a> from startup_stm32h745xx.o(.text) referenced from startup_stm32h745xx.o(RESET)
 <LI><a href="#[49]">CM7_SEV_IRQHandler</a> from startup_stm32h745xx.o(.text) referenced from startup_stm32h745xx.o(RESET)
 <LI><a href="#[8e]">COMP1_IRQHandler</a> from startup_stm32h745xx.o(.text) referenced from startup_stm32h745xx.o(RESET)
 <LI><a href="#[95]">CRS_IRQHandler</a> from startup_stm32h745xx.o(.text) referenced from startup_stm32h745xx.o(RESET)
 <LI><a href="#[18c]">CoreCursorEvent__Done</a> from core.o(.text.CoreCursorEvent__Done) referenced from core.o(.rodata.__vmt_CoreCursorEvent)
 <LI><a href="#[18a]">CoreCursorEvent__Init</a> from core.o(.text.CoreCursorEvent__Init) referenced from core.o(.rodata.__vmt_CoreCursorEvent)
 <LI><a href="#[18b]">CoreCursorEvent__ReInit</a> from core.o(.text.CoreCursorEvent__ReInit) referenced from core.o(.rodata.__vmt_CoreCursorEvent)
 <LI><a href="#[18f]">CoreCursorGrabEvent__Done</a> from core.o(.text.CoreCursorGrabEvent__Done) referenced from core.o(.rodata.__vmt_CoreCursorGrabEvent)
 <LI><a href="#[18d]">CoreCursorGrabEvent__Init</a> from core.o(.text.CoreCursorGrabEvent__Init) referenced from core.o(.rodata.__vmt_CoreCursorGrabEvent)
 <LI><a href="#[18e]">CoreCursorGrabEvent__ReInit</a> from core.o(.text.CoreCursorGrabEvent__ReInit) referenced from core.o(.rodata.__vmt_CoreCursorGrabEvent)
 <LI><a href="#[192]">CoreCursorHit__Done</a> from core.o(.text.CoreCursorHit__Done) referenced from core.o(.rodata.__vmt_CoreCursorHit)
 <LI><a href="#[190]">CoreCursorHit__Init</a> from core.o(.text.CoreCursorHit__Init) referenced from core.o(.rodata.__vmt_CoreCursorHit)
 <LI><a href="#[191]">CoreCursorHit__ReInit</a> from core.o(.text.CoreCursorHit__ReInit) referenced from core.o(.rodata.__vmt_CoreCursorHit)
 <LI><a href="#[195]">CoreDragEvent__Done</a> from core.o(.text.CoreDragEvent__Done) referenced from core.o(.rodata.__vmt_CoreDragEvent)
 <LI><a href="#[193]">CoreDragEvent__Init</a> from core.o(.text.CoreDragEvent__Init) referenced from core.o(.rodata.__vmt_CoreDragEvent)
 <LI><a href="#[194]">CoreDragEvent__ReInit</a> from core.o(.text.CoreDragEvent__ReInit) referenced from core.o(.rodata.__vmt_CoreDragEvent)
 <LI><a href="#[198]">CoreEvent__Done</a> from core.o(.text.CoreEvent__Done) referenced from core.o(.rodata.__vmt_CoreEvent)
 <LI><a href="#[196]">CoreEvent__Init</a> from core.o(.text.CoreEvent__Init) referenced from core.o(.rodata.__vmt_CoreEvent)
 <LI><a href="#[197]">CoreEvent__ReInit</a> from core.o(.text.CoreEvent__ReInit) referenced from core.o(.rodata.__vmt_CoreEvent)
 <LI><a href="#[183]">CoreGroup_BroadcastEvent</a> from core.o(.text.CoreGroup_BroadcastEvent) referenced from bezierclock.o(.rodata.__vmt_BezierClockClockScreen)
 <LI><a href="#[183]">CoreGroup_BroadcastEvent</a> from core.o(.text.CoreGroup_BroadcastEvent) referenced from bezierclock.o(.rodata.__vmt_BezierClockDigit)
 <LI><a href="#[183]">CoreGroup_BroadcastEvent</a> from core.o(.text.CoreGroup_BroadcastEvent) referenced from core.o(.rodata.__vmt_CoreGroup)
 <LI><a href="#[183]">CoreGroup_BroadcastEvent</a> from core.o(.text.CoreGroup_BroadcastEvent) referenced from widgetset.o(.rodata.__vmt_WidgetSetGauge)
 <LI><a href="#[183]">CoreGroup_BroadcastEvent</a> from core.o(.text.CoreGroup_BroadcastEvent) referenced from widgetset.o(.rodata.__vmt_WidgetSetVerticalSlider)
 <LI><a href="#[180]">CoreGroup_ChangeViewState</a> from core.o(.text.CoreGroup_ChangeViewState) referenced from bezierclock.o(.rodata.__vmt_BezierClockClockScreen)
 <LI><a href="#[180]">CoreGroup_ChangeViewState</a> from core.o(.text.CoreGroup_ChangeViewState) referenced from bezierclock.o(.rodata.__vmt_BezierClockDigit)
 <LI><a href="#[180]">CoreGroup_ChangeViewState</a> from core.o(.text.CoreGroup_ChangeViewState) referenced from core.o(.rodata.__vmt_CoreGroup)
 <LI><a href="#[180]">CoreGroup_ChangeViewState</a> from core.o(.text.CoreGroup_ChangeViewState) referenced from widgetset.o(.rodata.__vmt_WidgetSetGauge)
 <LI><a href="#[180]">CoreGroup_ChangeViewState</a> from core.o(.text.CoreGroup_ChangeViewState) referenced from widgetset.o(.rodata.__vmt_WidgetSetVerticalSlider)
 <LI><a href="#[16e]">CoreGroup_CursorHitTest</a> from core.o(.text.CoreGroup_CursorHitTest) referenced from application.o(.rodata.__vmt_ApplicationApplication)
 <LI><a href="#[16e]">CoreGroup_CursorHitTest</a> from core.o(.text.CoreGroup_CursorHitTest) referenced from bezierclock.o(.rodata.__vmt_BezierClockClockScreen)
 <LI><a href="#[16e]">CoreGroup_CursorHitTest</a> from core.o(.text.CoreGroup_CursorHitTest) referenced from bezierclock.o(.rodata.__vmt_BezierClockDigit)
 <LI><a href="#[16e]">CoreGroup_CursorHitTest</a> from core.o(.text.CoreGroup_CursorHitTest) referenced from core.o(.rodata.__vmt_CoreGroup)
 <LI><a href="#[16e]">CoreGroup_CursorHitTest</a> from core.o(.text.CoreGroup_CursorHitTest) referenced from core.o(.rodata.__vmt_CoreRoot)
 <LI><a href="#[16e]">CoreGroup_CursorHitTest</a> from core.o(.text.CoreGroup_CursorHitTest) referenced from widgetset.o(.rodata.__vmt_WidgetSetGauge)
 <LI><a href="#[16e]">CoreGroup_CursorHitTest</a> from core.o(.text.CoreGroup_CursorHitTest) referenced from widgetset.o(.rodata.__vmt_WidgetSetVerticalSlider)
 <LI><a href="#[182]">CoreGroup_DispatchEvent</a> from core.o(.text.CoreGroup_DispatchEvent) referenced from bezierclock.o(.rodata.__vmt_BezierClockClockScreen)
 <LI><a href="#[182]">CoreGroup_DispatchEvent</a> from core.o(.text.CoreGroup_DispatchEvent) referenced from bezierclock.o(.rodata.__vmt_BezierClockDigit)
 <LI><a href="#[182]">CoreGroup_DispatchEvent</a> from core.o(.text.CoreGroup_DispatchEvent) referenced from core.o(.rodata.__vmt_CoreGroup)
 <LI><a href="#[182]">CoreGroup_DispatchEvent</a> from core.o(.text.CoreGroup_DispatchEvent) referenced from widgetset.o(.rodata.__vmt_WidgetSetGauge)
 <LI><a href="#[182]">CoreGroup_DispatchEvent</a> from core.o(.text.CoreGroup_DispatchEvent) referenced from widgetset.o(.rodata.__vmt_WidgetSetVerticalSlider)
 <LI><a href="#[17f]">CoreGroup_Draw</a> from core.o(.text.CoreGroup_Draw) referenced from bezierclock.o(.rodata.__vmt_BezierClockClockScreen)
 <LI><a href="#[17f]">CoreGroup_Draw</a> from core.o(.text.CoreGroup_Draw) referenced from bezierclock.o(.rodata.__vmt_BezierClockDigit)
 <LI><a href="#[17f]">CoreGroup_Draw</a> from core.o(.text.CoreGroup_Draw) referenced from core.o(.rodata.__vmt_CoreGroup)
 <LI><a href="#[17f]">CoreGroup_Draw</a> from core.o(.text.CoreGroup_Draw) referenced from widgetset.o(.rodata.__vmt_WidgetSetGauge)
 <LI><a href="#[17f]">CoreGroup_Draw</a> from core.o(.text.CoreGroup_Draw) referenced from widgetset.o(.rodata.__vmt_WidgetSetVerticalSlider)
 <LI><a href="#[184]">CoreGroup_InvalidateArea</a> from core.o(.text.CoreGroup_InvalidateArea) referenced from bezierclock.o(.rodata.__vmt_BezierClockClockScreen)
 <LI><a href="#[184]">CoreGroup_InvalidateArea</a> from core.o(.text.CoreGroup_InvalidateArea) referenced from bezierclock.o(.rodata.__vmt_BezierClockDigit)
 <LI><a href="#[184]">CoreGroup_InvalidateArea</a> from core.o(.text.CoreGroup_InvalidateArea) referenced from core.o(.rodata.__vmt_CoreGroup)
 <LI><a href="#[184]">CoreGroup_InvalidateArea</a> from core.o(.text.CoreGroup_InvalidateArea) referenced from widgetset.o(.rodata.__vmt_WidgetSetGauge)
 <LI><a href="#[184]">CoreGroup_InvalidateArea</a> from core.o(.text.CoreGroup_InvalidateArea) referenced from widgetset.o(.rodata.__vmt_WidgetSetVerticalSlider)
 <LI><a href="#[173]">CoreGroup_OnSetBounds</a> from core.o(.text.CoreGroup_OnSetBounds) referenced from application.o(.rodata.__vmt_ApplicationApplication)
 <LI><a href="#[173]">CoreGroup_OnSetBounds</a> from core.o(.text.CoreGroup_OnSetBounds) referenced from bezierclock.o(.rodata.__vmt_BezierClockClockScreen)
 <LI><a href="#[173]">CoreGroup_OnSetBounds</a> from core.o(.text.CoreGroup_OnSetBounds) referenced from bezierclock.o(.rodata.__vmt_BezierClockDigit)
 <LI><a href="#[173]">CoreGroup_OnSetBounds</a> from core.o(.text.CoreGroup_OnSetBounds) referenced from core.o(.rodata.__vmt_CoreGroup)
 <LI><a href="#[173]">CoreGroup_OnSetBounds</a> from core.o(.text.CoreGroup_OnSetBounds) referenced from core.o(.rodata.__vmt_CoreRoot)
 <LI><a href="#[181]">CoreGroup_OnSetFocus</a> from core.o(.text.CoreGroup_OnSetFocus) referenced from bezierclock.o(.rodata.__vmt_BezierClockClockScreen)
 <LI><a href="#[181]">CoreGroup_OnSetFocus</a> from core.o(.text.CoreGroup_OnSetFocus) referenced from bezierclock.o(.rodata.__vmt_BezierClockDigit)
 <LI><a href="#[181]">CoreGroup_OnSetFocus</a> from core.o(.text.CoreGroup_OnSetFocus) referenced from core.o(.rodata.__vmt_CoreGroup)
 <LI><a href="#[181]">CoreGroup_OnSetFocus</a> from core.o(.text.CoreGroup_OnSetFocus) referenced from widgetset.o(.rodata.__vmt_WidgetSetGauge)
 <LI><a href="#[181]">CoreGroup_OnSetFocus</a> from core.o(.text.CoreGroup_OnSetFocus) referenced from widgetset.o(.rodata.__vmt_WidgetSetVerticalSlider)
 <LI><a href="#[178]">CoreGroup_UpdateLayout</a> from core.o(.text.CoreGroup_UpdateLayout) referenced from application.o(.rodata.__vmt_ApplicationApplication)
 <LI><a href="#[178]">CoreGroup_UpdateLayout</a> from core.o(.text.CoreGroup_UpdateLayout) referenced from bezierclock.o(.rodata.__vmt_BezierClockClockScreen)
 <LI><a href="#[178]">CoreGroup_UpdateLayout</a> from core.o(.text.CoreGroup_UpdateLayout) referenced from core.o(.rodata.__vmt_CoreGroup)
 <LI><a href="#[178]">CoreGroup_UpdateLayout</a> from core.o(.text.CoreGroup_UpdateLayout) referenced from core.o(.rodata.__vmt_CoreRoot)
 <LI><a href="#[178]">CoreGroup_UpdateLayout</a> from core.o(.text.CoreGroup_UpdateLayout) referenced from widgetset.o(.rodata.__vmt_WidgetSetGauge)
 <LI><a href="#[178]">CoreGroup_UpdateLayout</a> from core.o(.text.CoreGroup_UpdateLayout) referenced from widgetset.o(.rodata.__vmt_WidgetSetVerticalSlider)
 <LI><a href="#[179]">CoreGroup_UpdateViewState</a> from core.o(.text.CoreGroup_UpdateViewState) referenced from application.o(.rodata.__vmt_ApplicationApplication)
 <LI><a href="#[179]">CoreGroup_UpdateViewState</a> from core.o(.text.CoreGroup_UpdateViewState) referenced from bezierclock.o(.rodata.__vmt_BezierClockClockScreen)
 <LI><a href="#[179]">CoreGroup_UpdateViewState</a> from core.o(.text.CoreGroup_UpdateViewState) referenced from bezierclock.o(.rodata.__vmt_BezierClockDigit)
 <LI><a href="#[179]">CoreGroup_UpdateViewState</a> from core.o(.text.CoreGroup_UpdateViewState) referenced from core.o(.rodata.__vmt_CoreGroup)
 <LI><a href="#[179]">CoreGroup_UpdateViewState</a> from core.o(.text.CoreGroup_UpdateViewState) referenced from core.o(.rodata.__vmt_CoreRoot)
 <LI><a href="#[19b]">CoreGroup__Done</a> from core.o(.text.CoreGroup__Done) referenced from core.o(.rodata.__vmt_CoreGroup)
 <LI><a href="#[199]">CoreGroup__Init</a> from core.o(.text.CoreGroup__Init) referenced from core.o(.rodata.__vmt_CoreGroup)
 <LI><a href="#[19a]">CoreGroup__ReInit</a> from core.o(.text.CoreGroup__ReInit) referenced from core.o(.rodata.__vmt_CoreGroup)
 <LI><a href="#[174]">CoreGroup_drawContent</a> from core.o(.text.CoreGroup_drawContent) referenced from application.o(.rodata.__vmt_ApplicationApplication)
 <LI><a href="#[174]">CoreGroup_drawContent</a> from core.o(.text.CoreGroup_drawContent) referenced from bezierclock.o(.rodata.__vmt_BezierClockClockScreen)
 <LI><a href="#[174]">CoreGroup_drawContent</a> from core.o(.text.CoreGroup_drawContent) referenced from core.o(.rodata.__vmt_CoreGroup)
 <LI><a href="#[174]">CoreGroup_drawContent</a> from core.o(.text.CoreGroup_drawContent) referenced from core.o(.rodata.__vmt_CoreRoot)
 <LI><a href="#[174]">CoreGroup_drawContent</a> from core.o(.text.CoreGroup_drawContent) referenced from widgetset.o(.rodata.__vmt_WidgetSetGauge)
 <LI><a href="#[174]">CoreGroup_drawContent</a> from core.o(.text.CoreGroup_drawContent) referenced from widgetset.o(.rodata.__vmt_WidgetSetVerticalSlider)
 <LI><a href="#[a7]">CoreGroup_updateComponent</a> from core.o(.text.CoreGroup_updateComponent) referenced 4 times from core.o(.text.CoreGroup_Add)
 <LI><a href="#[a7]">CoreGroup_updateComponent</a> from core.o(.text.CoreGroup_updateComponent) referenced 2 times from core.o(.text.CoreGroup_ChangeViewState)
 <LI><a href="#[a7]">CoreGroup_updateComponent</a> from core.o(.text.CoreGroup_updateComponent) referenced 2 times from core.o(.text.CoreGroup_InvalidateViewState)
 <LI><a href="#[a7]">CoreGroup_updateComponent</a> from core.o(.text.CoreGroup_updateComponent) referenced 2 times from core.o(.text.CoreGroup_OnSetBounds)
 <LI><a href="#[a7]">CoreGroup_updateComponent</a> from core.o(.text.CoreGroup_updateComponent) referenced 4 times from core.o(.text.CoreGroup_Remove)
 <LI><a href="#[a7]">CoreGroup_updateComponent</a> from core.o(.text.CoreGroup_updateComponent) referenced 4 times from core.o(.text.CoreGroup_RestackTop)
 <LI><a href="#[a7]">CoreGroup_updateComponent</a> from core.o(.text.CoreGroup_updateComponent) referenced 2 times from core.o(.text.CoreGroup__Init)
 <LI><a href="#[a7]">CoreGroup_updateComponent</a> from core.o(.text.CoreGroup_updateComponent) referenced 2 times from core.o(.text.CoreOutline_OnSetBounds)
 <LI><a href="#[a7]">CoreGroup_updateComponent</a> from core.o(.text.CoreGroup_updateComponent) referenced 2 times from core.o(.text.CoreQuadView_OnSetPoint1)
 <LI><a href="#[a7]">CoreGroup_updateComponent</a> from core.o(.text.CoreGroup_updateComponent) referenced 2 times from core.o(.text.CoreQuadView_OnSetPoint2)
 <LI><a href="#[a7]">CoreGroup_updateComponent</a> from core.o(.text.CoreGroup_updateComponent) referenced 2 times from core.o(.text.CoreQuadView_OnSetPoint3)
 <LI><a href="#[a7]">CoreGroup_updateComponent</a> from core.o(.text.CoreGroup_updateComponent) referenced 2 times from core.o(.text.CoreQuadView_OnSetPoint4)
 <LI><a href="#[a7]">CoreGroup_updateComponent</a> from core.o(.text.CoreGroup_updateComponent) referenced 2 times from core.o(.text.CoreRectView_OnSetBounds)
 <LI><a href="#[a7]">CoreGroup_updateComponent</a> from core.o(.text.CoreGroup_updateComponent) referenced 2 times from core.o(.text.CoreRoot__Init)
 <LI><a href="#[a7]">CoreGroup_updateComponent</a> from core.o(.text.CoreGroup_updateComponent) referenced 4 times from core.o(.text.CoreView_ChangeViewState)
 <LI><a href="#[a7]">CoreGroup_updateComponent</a> from core.o(.text.CoreGroup_updateComponent) referenced 4 times from core.o(.text.CoreView_OnSetLayout)
 <LI><a href="#[19e]">CoreKeyEvent__Done</a> from core.o(.text.CoreKeyEvent__Done) referenced from core.o(.rodata.__vmt_CoreKeyEvent)
 <LI><a href="#[19c]">CoreKeyEvent__Init</a> from core.o(.text.CoreKeyEvent__Init) referenced from core.o(.rodata.__vmt_CoreKeyEvent)
 <LI><a href="#[19d]">CoreKeyEvent__ReInit</a> from core.o(.text.CoreKeyEvent__ReInit) referenced from core.o(.rodata.__vmt_CoreKeyEvent)
 <LI><a href="#[1a1]">CoreKeyPressHandler__Done</a> from core.o(.text.CoreKeyPressHandler__Done) referenced from core.o(.rodata.__vmt_CoreKeyPressHandler)
 <LI><a href="#[19f]">CoreKeyPressHandler__Init</a> from core.o(.text.CoreKeyPressHandler__Init) referenced from core.o(.rodata.__vmt_CoreKeyPressHandler)
 <LI><a href="#[1a0]">CoreKeyPressHandler__ReInit</a> from core.o(.text.CoreKeyPressHandler__ReInit) referenced from core.o(.rodata.__vmt_CoreKeyPressHandler)
 <LI><a href="#[1a4]">CoreLayoutContext__Done</a> from core.o(.text.CoreLayoutContext__Done) referenced from core.o(.rodata.__vmt_CoreLayoutContext)
 <LI><a href="#[1a2]">CoreLayoutContext__Init</a> from core.o(.text.CoreLayoutContext__Init) referenced from core.o(.rodata.__vmt_CoreLayoutContext)
 <LI><a href="#[1a3]">CoreLayoutContext__ReInit</a> from core.o(.text.CoreLayoutContext__ReInit) referenced from core.o(.rodata.__vmt_CoreLayoutContext)
 <LI><a href="#[1a7]">CoreLayoutQuadContext__Done</a> from core.o(.text.CoreLayoutQuadContext__Done) referenced from core.o(.rodata.__vmt_CoreLayoutQuadContext)
 <LI><a href="#[1a5]">CoreLayoutQuadContext__Init</a> from core.o(.text.CoreLayoutQuadContext__Init) referenced from core.o(.rodata.__vmt_CoreLayoutQuadContext)
 <LI><a href="#[1a6]">CoreLayoutQuadContext__ReInit</a> from core.o(.text.CoreLayoutQuadContext__ReInit) referenced from core.o(.rodata.__vmt_CoreLayoutQuadContext)
 <LI><a href="#[1ab]">CoreOutline_Draw</a> from core.o(.text.CoreOutline_Draw) referenced from core.o(.rodata.__vmt_CoreOutline)
 <LI><a href="#[1ae]">CoreOutline_OnSetBounds</a> from core.o(.text.CoreOutline_OnSetBounds) referenced from core.o(.rodata.__vmt_CoreOutline)
 <LI><a href="#[1aa]">CoreOutline__Done</a> from core.o(.text.CoreOutline__Done) referenced from core.o(.rodata.__vmt_CoreOutline)
 <LI><a href="#[1a8]">CoreOutline__Init</a> from core.o(.text.CoreOutline__Init) referenced from core.o(.rodata.__vmt_CoreOutline)
 <LI><a href="#[1a9]">CoreOutline__ReInit</a> from core.o(.text.CoreOutline__ReInit) referenced from core.o(.rodata.__vmt_CoreOutline)
 <LI><a href="#[1b4]">CoreQuadView_ArrangeView</a> from core.o(.text.CoreQuadView_ArrangeView) referenced from core.o(.rodata.__vmt_CoreQuadView)
 <LI><a href="#[1b4]">CoreQuadView_ArrangeView</a> from core.o(.text.CoreQuadView_ArrangeView) referenced from core.o(.rodata.__vmt_CoreSimpleTouchHandler)
 <LI><a href="#[1b4]">CoreQuadView_ArrangeView</a> from core.o(.text.CoreQuadView_ArrangeView) referenced from views.o(.rodata.__vmt_ViewsWarpImage)
 <LI><a href="#[1b4]">CoreQuadView_ArrangeView</a> from core.o(.text.CoreQuadView_ArrangeView) referenced from views.o(.rodata.__vmt_ViewsWarpView)
 <LI><a href="#[1b6]">CoreQuadView_GetExtent</a> from core.o(.text.CoreQuadView_GetExtent) referenced from core.o(.rodata.__vmt_CoreQuadView)
 <LI><a href="#[1b6]">CoreQuadView_GetExtent</a> from core.o(.text.CoreQuadView_GetExtent) referenced from core.o(.rodata.__vmt_CoreSimpleTouchHandler)
 <LI><a href="#[1b6]">CoreQuadView_GetExtent</a> from core.o(.text.CoreQuadView_GetExtent) referenced from views.o(.rodata.__vmt_ViewsWarpImage)
 <LI><a href="#[1b6]">CoreQuadView_GetExtent</a> from core.o(.text.CoreQuadView_GetExtent) referenced from views.o(.rodata.__vmt_ViewsWarpView)
 <LI><a href="#[1b5]">CoreQuadView_MoveView</a> from core.o(.text.CoreQuadView_MoveView) referenced from core.o(.rodata.__vmt_CoreQuadView)
 <LI><a href="#[1b5]">CoreQuadView_MoveView</a> from core.o(.text.CoreQuadView_MoveView) referenced from core.o(.rodata.__vmt_CoreSimpleTouchHandler)
 <LI><a href="#[1b5]">CoreQuadView_MoveView</a> from core.o(.text.CoreQuadView_MoveView) referenced from views.o(.rodata.__vmt_ViewsWarpImage)
 <LI><a href="#[1b5]">CoreQuadView_MoveView</a> from core.o(.text.CoreQuadView_MoveView) referenced from views.o(.rodata.__vmt_ViewsWarpView)
 <LI><a href="#[1ba]">CoreQuadView_OnSetPoint1</a> from core.o(.text.CoreQuadView_OnSetPoint1) referenced from core.o(.rodata.__vmt_CoreQuadView)
 <LI><a href="#[1ba]">CoreQuadView_OnSetPoint1</a> from core.o(.text.CoreQuadView_OnSetPoint1) referenced from core.o(.rodata.__vmt_CoreSimpleTouchHandler)
 <LI><a href="#[1b9]">CoreQuadView_OnSetPoint2</a> from core.o(.text.CoreQuadView_OnSetPoint2) referenced from core.o(.rodata.__vmt_CoreQuadView)
 <LI><a href="#[1b9]">CoreQuadView_OnSetPoint2</a> from core.o(.text.CoreQuadView_OnSetPoint2) referenced from core.o(.rodata.__vmt_CoreSimpleTouchHandler)
 <LI><a href="#[1b8]">CoreQuadView_OnSetPoint3</a> from core.o(.text.CoreQuadView_OnSetPoint3) referenced from core.o(.rodata.__vmt_CoreQuadView)
 <LI><a href="#[1b8]">CoreQuadView_OnSetPoint3</a> from core.o(.text.CoreQuadView_OnSetPoint3) referenced from core.o(.rodata.__vmt_CoreSimpleTouchHandler)
 <LI><a href="#[1b7]">CoreQuadView_OnSetPoint4</a> from core.o(.text.CoreQuadView_OnSetPoint4) referenced from core.o(.rodata.__vmt_CoreQuadView)
 <LI><a href="#[1b7]">CoreQuadView_OnSetPoint4</a> from core.o(.text.CoreQuadView_OnSetPoint4) referenced from core.o(.rodata.__vmt_CoreSimpleTouchHandler)
 <LI><a href="#[1b1]">CoreQuadView__Done</a> from core.o(.text.CoreQuadView__Done) referenced from core.o(.rodata.__vmt_CoreQuadView)
 <LI><a href="#[1af]">CoreQuadView__Init</a> from core.o(.text.CoreQuadView__Init) referenced from core.o(.rodata.__vmt_CoreQuadView)
 <LI><a href="#[1b0]">CoreQuadView__ReInit</a> from core.o(.text.CoreQuadView__ReInit) referenced from core.o(.rodata.__vmt_CoreQuadView)
 <LI><a href="#[1b2]">CoreQuadView_initLayoutContext</a> from core.o(.text.CoreQuadView_initLayoutContext) referenced from core.o(.rodata.__vmt_CoreQuadView)
 <LI><a href="#[1b2]">CoreQuadView_initLayoutContext</a> from core.o(.text.CoreQuadView_initLayoutContext) referenced from core.o(.rodata.__vmt_CoreSimpleTouchHandler)
 <LI><a href="#[1b2]">CoreQuadView_initLayoutContext</a> from core.o(.text.CoreQuadView_initLayoutContext) referenced from views.o(.rodata.__vmt_ViewsWarpImage)
 <LI><a href="#[1b2]">CoreQuadView_initLayoutContext</a> from core.o(.text.CoreQuadView_initLayoutContext) referenced from views.o(.rodata.__vmt_ViewsWarpView)
 <LI><a href="#[16f]">CoreRectView_ArrangeView</a> from core.o(.text.CoreRectView_ArrangeView) referenced from application.o(.rodata.__vmt_ApplicationApplication)
 <LI><a href="#[16f]">CoreRectView_ArrangeView</a> from core.o(.text.CoreRectView_ArrangeView) referenced from bezierclock.o(.rodata.__vmt_BezierClockClockScreen)
 <LI><a href="#[16f]">CoreRectView_ArrangeView</a> from core.o(.text.CoreRectView_ArrangeView) referenced from bezierclock.o(.rodata.__vmt_BezierClockDigit)
 <LI><a href="#[16f]">CoreRectView_ArrangeView</a> from core.o(.text.CoreRectView_ArrangeView) referenced from core.o(.rodata.__vmt_CoreGroup)
 <LI><a href="#[16f]">CoreRectView_ArrangeView</a> from core.o(.text.CoreRectView_ArrangeView) referenced from core.o(.rodata.__vmt_CoreOutline)
 <LI><a href="#[16f]">CoreRectView_ArrangeView</a> from core.o(.text.CoreRectView_ArrangeView) referenced from core.o(.rodata.__vmt_CoreRectView)
 <LI><a href="#[16f]">CoreRectView_ArrangeView</a> from core.o(.text.CoreRectView_ArrangeView) referenced from core.o(.rodata.__vmt_CoreRoot)
 <LI><a href="#[16f]">CoreRectView_ArrangeView</a> from core.o(.text.CoreRectView_ArrangeView) referenced from views.o(.rodata.__vmt_ViewsFillPath)
 <LI><a href="#[16f]">CoreRectView_ArrangeView</a> from core.o(.text.CoreRectView_ArrangeView) referenced from views.o(.rodata.__vmt_ViewsFrame)
 <LI><a href="#[16f]">CoreRectView_ArrangeView</a> from core.o(.text.CoreRectView_ArrangeView) referenced from views.o(.rodata.__vmt_ViewsImage)
 <LI><a href="#[16f]">CoreRectView_ArrangeView</a> from core.o(.text.CoreRectView_ArrangeView) referenced from views.o(.rodata.__vmt_ViewsStrokePath)
 <LI><a href="#[16f]">CoreRectView_ArrangeView</a> from core.o(.text.CoreRectView_ArrangeView) referenced from views.o(.rodata.__vmt_ViewsText)
 <LI><a href="#[16f]">CoreRectView_ArrangeView</a> from core.o(.text.CoreRectView_ArrangeView) referenced from widgetset.o(.rodata.__vmt_WidgetSetGauge)
 <LI><a href="#[16f]">CoreRectView_ArrangeView</a> from core.o(.text.CoreRectView_ArrangeView) referenced from widgetset.o(.rodata.__vmt_WidgetSetVerticalSlider)
 <LI><a href="#[171]">CoreRectView_GetExtent</a> from core.o(.text.CoreRectView_GetExtent) referenced from application.o(.rodata.__vmt_ApplicationApplication)
 <LI><a href="#[171]">CoreRectView_GetExtent</a> from core.o(.text.CoreRectView_GetExtent) referenced from bezierclock.o(.rodata.__vmt_BezierClockClockScreen)
 <LI><a href="#[171]">CoreRectView_GetExtent</a> from core.o(.text.CoreRectView_GetExtent) referenced from bezierclock.o(.rodata.__vmt_BezierClockDigit)
 <LI><a href="#[171]">CoreRectView_GetExtent</a> from core.o(.text.CoreRectView_GetExtent) referenced from core.o(.rodata.__vmt_CoreGroup)
 <LI><a href="#[171]">CoreRectView_GetExtent</a> from core.o(.text.CoreRectView_GetExtent) referenced from core.o(.rodata.__vmt_CoreOutline)
 <LI><a href="#[171]">CoreRectView_GetExtent</a> from core.o(.text.CoreRectView_GetExtent) referenced from core.o(.rodata.__vmt_CoreRectView)
 <LI><a href="#[171]">CoreRectView_GetExtent</a> from core.o(.text.CoreRectView_GetExtent) referenced from core.o(.rodata.__vmt_CoreRoot)
 <LI><a href="#[171]">CoreRectView_GetExtent</a> from core.o(.text.CoreRectView_GetExtent) referenced from views.o(.rodata.__vmt_ViewsFillPath)
 <LI><a href="#[171]">CoreRectView_GetExtent</a> from core.o(.text.CoreRectView_GetExtent) referenced from views.o(.rodata.__vmt_ViewsFrame)
 <LI><a href="#[171]">CoreRectView_GetExtent</a> from core.o(.text.CoreRectView_GetExtent) referenced from views.o(.rodata.__vmt_ViewsImage)
 <LI><a href="#[171]">CoreRectView_GetExtent</a> from core.o(.text.CoreRectView_GetExtent) referenced from views.o(.rodata.__vmt_ViewsStrokePath)
 <LI><a href="#[171]">CoreRectView_GetExtent</a> from core.o(.text.CoreRectView_GetExtent) referenced from views.o(.rodata.__vmt_ViewsText)
 <LI><a href="#[171]">CoreRectView_GetExtent</a> from core.o(.text.CoreRectView_GetExtent) referenced from widgetset.o(.rodata.__vmt_WidgetSetGauge)
 <LI><a href="#[171]">CoreRectView_GetExtent</a> from core.o(.text.CoreRectView_GetExtent) referenced from widgetset.o(.rodata.__vmt_WidgetSetVerticalSlider)
 <LI><a href="#[170]">CoreRectView_MoveView</a> from core.o(.text.CoreRectView_MoveView) referenced from application.o(.rodata.__vmt_ApplicationApplication)
 <LI><a href="#[170]">CoreRectView_MoveView</a> from core.o(.text.CoreRectView_MoveView) referenced from bezierclock.o(.rodata.__vmt_BezierClockClockScreen)
 <LI><a href="#[170]">CoreRectView_MoveView</a> from core.o(.text.CoreRectView_MoveView) referenced from bezierclock.o(.rodata.__vmt_BezierClockDigit)
 <LI><a href="#[170]">CoreRectView_MoveView</a> from core.o(.text.CoreRectView_MoveView) referenced from core.o(.rodata.__vmt_CoreGroup)
 <LI><a href="#[170]">CoreRectView_MoveView</a> from core.o(.text.CoreRectView_MoveView) referenced from core.o(.rodata.__vmt_CoreOutline)
 <LI><a href="#[170]">CoreRectView_MoveView</a> from core.o(.text.CoreRectView_MoveView) referenced from core.o(.rodata.__vmt_CoreRectView)
 <LI><a href="#[170]">CoreRectView_MoveView</a> from core.o(.text.CoreRectView_MoveView) referenced from core.o(.rodata.__vmt_CoreRoot)
 <LI><a href="#[170]">CoreRectView_MoveView</a> from core.o(.text.CoreRectView_MoveView) referenced from views.o(.rodata.__vmt_ViewsFillPath)
 <LI><a href="#[170]">CoreRectView_MoveView</a> from core.o(.text.CoreRectView_MoveView) referenced from views.o(.rodata.__vmt_ViewsFrame)
 <LI><a href="#[170]">CoreRectView_MoveView</a> from core.o(.text.CoreRectView_MoveView) referenced from views.o(.rodata.__vmt_ViewsImage)
 <LI><a href="#[170]">CoreRectView_MoveView</a> from core.o(.text.CoreRectView_MoveView) referenced from views.o(.rodata.__vmt_ViewsStrokePath)
 <LI><a href="#[170]">CoreRectView_MoveView</a> from core.o(.text.CoreRectView_MoveView) referenced from views.o(.rodata.__vmt_ViewsText)
 <LI><a href="#[170]">CoreRectView_MoveView</a> from core.o(.text.CoreRectView_MoveView) referenced from widgetset.o(.rodata.__vmt_WidgetSetGauge)
 <LI><a href="#[170]">CoreRectView_MoveView</a> from core.o(.text.CoreRectView_MoveView) referenced from widgetset.o(.rodata.__vmt_WidgetSetVerticalSlider)
 <LI><a href="#[1be]">CoreRectView_OnSetBounds</a> from core.o(.text.CoreRectView_OnSetBounds) referenced from core.o(.rodata.__vmt_CoreRectView)
 <LI><a href="#[1be]">CoreRectView_OnSetBounds</a> from core.o(.text.CoreRectView_OnSetBounds) referenced from views.o(.rodata.__vmt_ViewsFrame)
 <LI><a href="#[1be]">CoreRectView_OnSetBounds</a> from core.o(.text.CoreRectView_OnSetBounds) referenced from views.o(.rodata.__vmt_ViewsImage)
 <LI><a href="#[1bd]">CoreRectView__Done</a> from core.o(.text.CoreRectView__Done) referenced from core.o(.rodata.__vmt_CoreRectView)
 <LI><a href="#[1bb]">CoreRectView__Init</a> from core.o(.text.CoreRectView__Init) referenced from core.o(.rodata.__vmt_CoreRectView)
 <LI><a href="#[1bc]">CoreRectView__ReInit</a> from core.o(.text.CoreRectView__ReInit) referenced from core.o(.rodata.__vmt_CoreRectView)
 <LI><a href="#[16a]">CoreRectView_initLayoutContext</a> from core.o(.text.CoreRectView_initLayoutContext) referenced from application.o(.rodata.__vmt_ApplicationApplication)
 <LI><a href="#[16a]">CoreRectView_initLayoutContext</a> from core.o(.text.CoreRectView_initLayoutContext) referenced from bezierclock.o(.rodata.__vmt_BezierClockClockScreen)
 <LI><a href="#[16a]">CoreRectView_initLayoutContext</a> from core.o(.text.CoreRectView_initLayoutContext) referenced from bezierclock.o(.rodata.__vmt_BezierClockDigit)
 <LI><a href="#[16a]">CoreRectView_initLayoutContext</a> from core.o(.text.CoreRectView_initLayoutContext) referenced from core.o(.rodata.__vmt_CoreGroup)
 <LI><a href="#[16a]">CoreRectView_initLayoutContext</a> from core.o(.text.CoreRectView_initLayoutContext) referenced from core.o(.rodata.__vmt_CoreOutline)
 <LI><a href="#[16a]">CoreRectView_initLayoutContext</a> from core.o(.text.CoreRectView_initLayoutContext) referenced from core.o(.rodata.__vmt_CoreRectView)
 <LI><a href="#[16a]">CoreRectView_initLayoutContext</a> from core.o(.text.CoreRectView_initLayoutContext) referenced from core.o(.rodata.__vmt_CoreRoot)
 <LI><a href="#[16a]">CoreRectView_initLayoutContext</a> from core.o(.text.CoreRectView_initLayoutContext) referenced from views.o(.rodata.__vmt_ViewsFillPath)
 <LI><a href="#[16a]">CoreRectView_initLayoutContext</a> from core.o(.text.CoreRectView_initLayoutContext) referenced from views.o(.rodata.__vmt_ViewsFrame)
 <LI><a href="#[16a]">CoreRectView_initLayoutContext</a> from core.o(.text.CoreRectView_initLayoutContext) referenced from views.o(.rodata.__vmt_ViewsImage)
 <LI><a href="#[16a]">CoreRectView_initLayoutContext</a> from core.o(.text.CoreRectView_initLayoutContext) referenced from views.o(.rodata.__vmt_ViewsStrokePath)
 <LI><a href="#[16a]">CoreRectView_initLayoutContext</a> from core.o(.text.CoreRectView_initLayoutContext) referenced from views.o(.rodata.__vmt_ViewsText)
 <LI><a href="#[16a]">CoreRectView_initLayoutContext</a> from core.o(.text.CoreRectView_initLayoutContext) referenced from widgetset.o(.rodata.__vmt_WidgetSetGauge)
 <LI><a href="#[16a]">CoreRectView_initLayoutContext</a> from core.o(.text.CoreRectView_initLayoutContext) referenced from widgetset.o(.rodata.__vmt_WidgetSetVerticalSlider)
 <LI><a href="#[1c1]">CoreResource__Done</a> from core.o(.text.CoreResource__Done) referenced from core.o(.rodata.__vmt_CoreResource)
 <LI><a href="#[1bf]">CoreResource__Init</a> from core.o(.text.CoreResource__Init) referenced from core.o(.rodata.__vmt_CoreResource)
 <LI><a href="#[1c0]">CoreResource__ReInit</a> from core.o(.text.CoreResource__ReInit) referenced from core.o(.rodata.__vmt_CoreResource)
 <LI><a href="#[177]">CoreRoot_BroadcastEvent</a> from core.o(.text.CoreRoot_BroadcastEvent) referenced from application.o(.rodata.__vmt_ApplicationApplication)
 <LI><a href="#[177]">CoreRoot_BroadcastEvent</a> from core.o(.text.CoreRoot_BroadcastEvent) referenced from core.o(.rodata.__vmt_CoreRoot)
 <LI><a href="#[172]">CoreRoot_ChangeViewState</a> from core.o(.text.CoreRoot_ChangeViewState) referenced from application.o(.rodata.__vmt_ApplicationApplication)
 <LI><a href="#[172]">CoreRoot_ChangeViewState</a> from core.o(.text.CoreRoot_ChangeViewState) referenced from core.o(.rodata.__vmt_CoreRoot)
 <LI><a href="#[176]">CoreRoot_DispatchEvent</a> from core.o(.text.CoreRoot_DispatchEvent) referenced from application.o(.rodata.__vmt_ApplicationApplication)
 <LI><a href="#[176]">CoreRoot_DispatchEvent</a> from core.o(.text.CoreRoot_DispatchEvent) referenced from core.o(.rodata.__vmt_CoreRoot)
 <LI><a href="#[16c]">CoreRoot_Draw</a> from core.o(.text.CoreRoot_Draw) referenced from application.o(.rodata.__vmt_ApplicationApplication)
 <LI><a href="#[16c]">CoreRoot_Draw</a> from core.o(.text.CoreRoot_Draw) referenced from core.o(.rodata.__vmt_CoreRoot)
 <LI><a href="#[16b]">CoreRoot_GetRoot</a> from core.o(.text.CoreRoot_GetRoot) referenced from application.o(.rodata.__vmt_ApplicationApplication)
 <LI><a href="#[16b]">CoreRoot_GetRoot</a> from core.o(.text.CoreRoot_GetRoot) referenced from core.o(.rodata.__vmt_CoreRoot)
 <LI><a href="#[17a]">CoreRoot_InvalidateArea</a> from core.o(.text.CoreRoot_InvalidateArea) referenced from application.o(.rodata.__vmt_ApplicationApplication)
 <LI><a href="#[17a]">CoreRoot_InvalidateArea</a> from core.o(.text.CoreRoot_InvalidateArea) referenced from core.o(.rodata.__vmt_CoreRoot)
 <LI><a href="#[9f]">CoreRoot_OnGetCursorDragLimit</a> from core.o(.text.CoreRoot_OnGetCursorDragLimit) referenced 2 times from application.o(.text.ApplicationApplication__Init)
 <LI><a href="#[a0]">CoreRoot_OnSetCursorDragLimit</a> from core.o(.text.CoreRoot_OnSetCursorDragLimit) referenced 2 times from application.o(.text.ApplicationApplication__Init)
 <LI><a href="#[175]">CoreRoot_OnSetFocus</a> from core.o(.text.CoreRoot_OnSetFocus) referenced from application.o(.rodata.__vmt_ApplicationApplication)
 <LI><a href="#[175]">CoreRoot_OnSetFocus</a> from core.o(.text.CoreRoot_OnSetFocus) referenced from core.o(.rodata.__vmt_CoreRoot)
 <LI><a href="#[1c4]">CoreRoot__Done</a> from core.o(.text.CoreRoot__Done) referenced from core.o(.rodata.__vmt_CoreRoot)
 <LI><a href="#[1c2]">CoreRoot__Init</a> from core.o(.text.CoreRoot__Init) referenced from core.o(.rodata.__vmt_CoreRoot)
 <LI><a href="#[1c3]">CoreRoot__ReInit</a> from core.o(.text.CoreRoot__ReInit) referenced from core.o(.rodata.__vmt_CoreRoot)
 <LI><a href="#[a9]">CoreRoot_cursorHoldTimerProc</a> from core.o(.text.CoreRoot_cursorHoldTimerProc) referenced 2 times from core.o(.text.CoreRoot__Init)
 <LI><a href="#[1ca]">CoreSimpleTouchHandler_CursorHitTest</a> from core.o(.text.CoreSimpleTouchHandler_CursorHitTest) referenced from core.o(.rodata.__vmt_CoreSimpleTouchHandler)
 <LI><a href="#[1c8]">CoreSimpleTouchHandler_Draw</a> from core.o(.text.CoreSimpleTouchHandler_Draw) referenced from core.o(.rodata.__vmt_CoreSimpleTouchHandler)
 <LI><a href="#[1c9]">CoreSimpleTouchHandler_HandleEvent</a> from core.o(.text.CoreSimpleTouchHandler_HandleEvent) referenced from core.o(.rodata.__vmt_CoreSimpleTouchHandler)
 <LI><a href="#[1c7]">CoreSimpleTouchHandler__Done</a> from core.o(.text.CoreSimpleTouchHandler__Done) referenced from core.o(.rodata.__vmt_CoreSimpleTouchHandler)
 <LI><a href="#[1c5]">CoreSimpleTouchHandler__Init</a> from core.o(.text.CoreSimpleTouchHandler__Init) referenced from core.o(.rodata.__vmt_CoreSimpleTouchHandler)
 <LI><a href="#[1c6]">CoreSimpleTouchHandler__ReInit</a> from core.o(.text.CoreSimpleTouchHandler__ReInit) referenced from core.o(.rodata.__vmt_CoreSimpleTouchHandler)
 <LI><a href="#[1cd]">CoreTime__Done</a> from core.o(.text.CoreTime__Done) referenced from core.o(.rodata.__vmt_CoreTime)
 <LI><a href="#[1cb]">CoreTime__Init</a> from core.o(.text.CoreTime__Init) referenced from core.o(.rodata.__vmt_CoreTime)
 <LI><a href="#[1cc]">CoreTime__ReInit</a> from core.o(.text.CoreTime__ReInit) referenced from core.o(.rodata.__vmt_CoreTime)
 <LI><a href="#[1d1]">CoreTimer_Trigger</a> from core.o(.text.CoreTimer_Trigger) referenced from core.o(.rodata.__vmt_CoreTimer)
 <LI><a href="#[1d0]">CoreTimer__Done</a> from core.o(.text.CoreTimer__Done) referenced from core.o(.rodata.__vmt_CoreTimer)
 <LI><a href="#[1ce]">CoreTimer__Init</a> from core.o(.text.CoreTimer__Init) referenced from core.o(.rodata.__vmt_CoreTimer)
 <LI><a href="#[1cf]">CoreTimer__ReInit</a> from core.o(.text.CoreTimer__ReInit) referenced from core.o(.rodata.__vmt_CoreTimer)
 <LI><a href="#[1d6]">CoreView_ArrangeView</a> from core.o(.text.CoreView_ArrangeView) referenced from core.o(.rodata.__vmt_CoreView)
 <LI><a href="#[1ad]">CoreView_ChangeViewState</a> from core.o(.text.CoreView_ChangeViewState) referenced from core.o(.rodata.__vmt_CoreOutline)
 <LI><a href="#[1ad]">CoreView_ChangeViewState</a> from core.o(.text.CoreView_ChangeViewState) referenced from core.o(.rodata.__vmt_CoreQuadView)
 <LI><a href="#[1ad]">CoreView_ChangeViewState</a> from core.o(.text.CoreView_ChangeViewState) referenced from core.o(.rodata.__vmt_CoreRectView)
 <LI><a href="#[1ad]">CoreView_ChangeViewState</a> from core.o(.text.CoreView_ChangeViewState) referenced from core.o(.rodata.__vmt_CoreSimpleTouchHandler)
 <LI><a href="#[1ad]">CoreView_ChangeViewState</a> from core.o(.text.CoreView_ChangeViewState) referenced from core.o(.rodata.__vmt_CoreView)
 <LI><a href="#[1ad]">CoreView_ChangeViewState</a> from core.o(.text.CoreView_ChangeViewState) referenced from views.o(.rodata.__vmt_ViewsFillPath)
 <LI><a href="#[1ad]">CoreView_ChangeViewState</a> from core.o(.text.CoreView_ChangeViewState) referenced from views.o(.rodata.__vmt_ViewsFrame)
 <LI><a href="#[1ad]">CoreView_ChangeViewState</a> from core.o(.text.CoreView_ChangeViewState) referenced from views.o(.rodata.__vmt_ViewsImage)
 <LI><a href="#[1ad]">CoreView_ChangeViewState</a> from core.o(.text.CoreView_ChangeViewState) referenced from views.o(.rodata.__vmt_ViewsStrokePath)
 <LI><a href="#[1ad]">CoreView_ChangeViewState</a> from core.o(.text.CoreView_ChangeViewState) referenced from views.o(.rodata.__vmt_ViewsText)
 <LI><a href="#[1ad]">CoreView_ChangeViewState</a> from core.o(.text.CoreView_ChangeViewState) referenced from views.o(.rodata.__vmt_ViewsWarpImage)
 <LI><a href="#[1ad]">CoreView_ChangeViewState</a> from core.o(.text.CoreView_ChangeViewState) referenced from views.o(.rodata.__vmt_ViewsWarpView)
 <LI><a href="#[1ac]">CoreView_CursorHitTest</a> from core.o(.text.CoreView_CursorHitTest) referenced from core.o(.rodata.__vmt_CoreOutline)
 <LI><a href="#[1ac]">CoreView_CursorHitTest</a> from core.o(.text.CoreView_CursorHitTest) referenced from core.o(.rodata.__vmt_CoreQuadView)
 <LI><a href="#[1ac]">CoreView_CursorHitTest</a> from core.o(.text.CoreView_CursorHitTest) referenced from core.o(.rodata.__vmt_CoreRectView)
 <LI><a href="#[1ac]">CoreView_CursorHitTest</a> from core.o(.text.CoreView_CursorHitTest) referenced from core.o(.rodata.__vmt_CoreView)
 <LI><a href="#[1ac]">CoreView_CursorHitTest</a> from core.o(.text.CoreView_CursorHitTest) referenced from views.o(.rodata.__vmt_ViewsFillPath)
 <LI><a href="#[1ac]">CoreView_CursorHitTest</a> from core.o(.text.CoreView_CursorHitTest) referenced from views.o(.rodata.__vmt_ViewsFrame)
 <LI><a href="#[1ac]">CoreView_CursorHitTest</a> from core.o(.text.CoreView_CursorHitTest) referenced from views.o(.rodata.__vmt_ViewsImage)
 <LI><a href="#[1ac]">CoreView_CursorHitTest</a> from core.o(.text.CoreView_CursorHitTest) referenced from views.o(.rodata.__vmt_ViewsStrokePath)
 <LI><a href="#[1ac]">CoreView_CursorHitTest</a> from core.o(.text.CoreView_CursorHitTest) referenced from views.o(.rodata.__vmt_ViewsText)
 <LI><a href="#[1ac]">CoreView_CursorHitTest</a> from core.o(.text.CoreView_CursorHitTest) referenced from views.o(.rodata.__vmt_ViewsWarpImage)
 <LI><a href="#[1ac]">CoreView_CursorHitTest</a> from core.o(.text.CoreView_CursorHitTest) referenced from views.o(.rodata.__vmt_ViewsWarpView)
 <LI><a href="#[1b3]">CoreView_Draw</a> from core.o(.text.CoreView_Draw) referenced from core.o(.rodata.__vmt_CoreQuadView)
 <LI><a href="#[1b3]">CoreView_Draw</a> from core.o(.text.CoreView_Draw) referenced from core.o(.rodata.__vmt_CoreRectView)
 <LI><a href="#[1b3]">CoreView_Draw</a> from core.o(.text.CoreView_Draw) referenced from core.o(.rodata.__vmt_CoreView)
 <LI><a href="#[1b3]">CoreView_Draw</a> from core.o(.text.CoreView_Draw) referenced from views.o(.rodata.__vmt_ViewsWarpView)
 <LI><a href="#[1d8]">CoreView_GetExtent</a> from core.o(.text.CoreView_GetExtent) referenced from core.o(.rodata.__vmt_CoreView)
 <LI><a href="#[17e]">CoreView_GetRoot</a> from core.o(.text.CoreView_GetRoot) referenced from bezierclock.o(.rodata.__vmt_BezierClockClockScreen)
 <LI><a href="#[17e]">CoreView_GetRoot</a> from core.o(.text.CoreView_GetRoot) referenced from bezierclock.o(.rodata.__vmt_BezierClockDigit)
 <LI><a href="#[17e]">CoreView_GetRoot</a> from core.o(.text.CoreView_GetRoot) referenced from core.o(.rodata.__vmt_CoreGroup)
 <LI><a href="#[17e]">CoreView_GetRoot</a> from core.o(.text.CoreView_GetRoot) referenced from core.o(.rodata.__vmt_CoreOutline)
 <LI><a href="#[17e]">CoreView_GetRoot</a> from core.o(.text.CoreView_GetRoot) referenced from core.o(.rodata.__vmt_CoreQuadView)
 <LI><a href="#[17e]">CoreView_GetRoot</a> from core.o(.text.CoreView_GetRoot) referenced from core.o(.rodata.__vmt_CoreRectView)
 <LI><a href="#[17e]">CoreView_GetRoot</a> from core.o(.text.CoreView_GetRoot) referenced from core.o(.rodata.__vmt_CoreSimpleTouchHandler)
 <LI><a href="#[17e]">CoreView_GetRoot</a> from core.o(.text.CoreView_GetRoot) referenced from core.o(.rodata.__vmt_CoreView)
 <LI><a href="#[17e]">CoreView_GetRoot</a> from core.o(.text.CoreView_GetRoot) referenced from views.o(.rodata.__vmt_ViewsFillPath)
 <LI><a href="#[17e]">CoreView_GetRoot</a> from core.o(.text.CoreView_GetRoot) referenced from views.o(.rodata.__vmt_ViewsFrame)
 <LI><a href="#[17e]">CoreView_GetRoot</a> from core.o(.text.CoreView_GetRoot) referenced from views.o(.rodata.__vmt_ViewsImage)
 <LI><a href="#[17e]">CoreView_GetRoot</a> from core.o(.text.CoreView_GetRoot) referenced from views.o(.rodata.__vmt_ViewsStrokePath)
 <LI><a href="#[17e]">CoreView_GetRoot</a> from core.o(.text.CoreView_GetRoot) referenced from views.o(.rodata.__vmt_ViewsText)
 <LI><a href="#[17e]">CoreView_GetRoot</a> from core.o(.text.CoreView_GetRoot) referenced from views.o(.rodata.__vmt_ViewsWarpImage)
 <LI><a href="#[17e]">CoreView_GetRoot</a> from core.o(.text.CoreView_GetRoot) referenced from views.o(.rodata.__vmt_ViewsWarpView)
 <LI><a href="#[17e]">CoreView_GetRoot</a> from core.o(.text.CoreView_GetRoot) referenced from widgetset.o(.rodata.__vmt_WidgetSetGauge)
 <LI><a href="#[17e]">CoreView_GetRoot</a> from core.o(.text.CoreView_GetRoot) referenced from widgetset.o(.rodata.__vmt_WidgetSetVerticalSlider)
 <LI><a href="#[16d]">CoreView_HandleEvent</a> from core.o(.text.CoreView_HandleEvent) referenced from application.o(.rodata.__vmt_ApplicationApplication)
 <LI><a href="#[16d]">CoreView_HandleEvent</a> from core.o(.text.CoreView_HandleEvent) referenced from bezierclock.o(.rodata.__vmt_BezierClockClockScreen)
 <LI><a href="#[16d]">CoreView_HandleEvent</a> from core.o(.text.CoreView_HandleEvent) referenced from bezierclock.o(.rodata.__vmt_BezierClockDigit)
 <LI><a href="#[16d]">CoreView_HandleEvent</a> from core.o(.text.CoreView_HandleEvent) referenced from core.o(.rodata.__vmt_CoreGroup)
 <LI><a href="#[16d]">CoreView_HandleEvent</a> from core.o(.text.CoreView_HandleEvent) referenced from core.o(.rodata.__vmt_CoreOutline)
 <LI><a href="#[16d]">CoreView_HandleEvent</a> from core.o(.text.CoreView_HandleEvent) referenced from core.o(.rodata.__vmt_CoreQuadView)
 <LI><a href="#[16d]">CoreView_HandleEvent</a> from core.o(.text.CoreView_HandleEvent) referenced from core.o(.rodata.__vmt_CoreRectView)
 <LI><a href="#[16d]">CoreView_HandleEvent</a> from core.o(.text.CoreView_HandleEvent) referenced from core.o(.rodata.__vmt_CoreRoot)
 <LI><a href="#[16d]">CoreView_HandleEvent</a> from core.o(.text.CoreView_HandleEvent) referenced from core.o(.rodata.__vmt_CoreView)
 <LI><a href="#[16d]">CoreView_HandleEvent</a> from core.o(.text.CoreView_HandleEvent) referenced from views.o(.rodata.__vmt_ViewsFillPath)
 <LI><a href="#[16d]">CoreView_HandleEvent</a> from core.o(.text.CoreView_HandleEvent) referenced from views.o(.rodata.__vmt_ViewsFrame)
 <LI><a href="#[16d]">CoreView_HandleEvent</a> from core.o(.text.CoreView_HandleEvent) referenced from views.o(.rodata.__vmt_ViewsImage)
 <LI><a href="#[16d]">CoreView_HandleEvent</a> from core.o(.text.CoreView_HandleEvent) referenced from views.o(.rodata.__vmt_ViewsStrokePath)
 <LI><a href="#[16d]">CoreView_HandleEvent</a> from core.o(.text.CoreView_HandleEvent) referenced from views.o(.rodata.__vmt_ViewsText)
 <LI><a href="#[16d]">CoreView_HandleEvent</a> from core.o(.text.CoreView_HandleEvent) referenced from views.o(.rodata.__vmt_ViewsWarpImage)
 <LI><a href="#[16d]">CoreView_HandleEvent</a> from core.o(.text.CoreView_HandleEvent) referenced from views.o(.rodata.__vmt_ViewsWarpView)
 <LI><a href="#[16d]">CoreView_HandleEvent</a> from core.o(.text.CoreView_HandleEvent) referenced from widgetset.o(.rodata.__vmt_WidgetSetGauge)
 <LI><a href="#[16d]">CoreView_HandleEvent</a> from core.o(.text.CoreView_HandleEvent) referenced from widgetset.o(.rodata.__vmt_WidgetSetVerticalSlider)
 <LI><a href="#[1d7]">CoreView_MoveView</a> from core.o(.text.CoreView_MoveView) referenced from core.o(.rodata.__vmt_CoreView)
 <LI><a href="#[1d4]">CoreView__Done</a> from core.o(.text.CoreView__Done) referenced from core.o(.rodata.__vmt_CoreView)
 <LI><a href="#[1d2]">CoreView__Init</a> from core.o(.text.CoreView__Init) referenced from core.o(.rodata.__vmt_CoreView)
 <LI><a href="#[1d3]">CoreView__ReInit</a> from core.o(.text.CoreView__ReInit) referenced from core.o(.rodata.__vmt_CoreView)
 <LI><a href="#[1d5]">CoreView_initLayoutContext</a> from core.o(.text.CoreView_initLayoutContext) referenced from core.o(.rodata.__vmt_CoreView)
 <LI><a href="#[55]">DCMI_IRQHandler</a> from startup_stm32h745xx.o(.text) referenced from startup_stm32h745xx.o(RESET)
 <LI><a href="#[74]">DFSDM1_FLT0_IRQHandler</a> from startup_stm32h745xx.o(.text) referenced from startup_stm32h745xx.o(RESET)
 <LI><a href="#[75]">DFSDM1_FLT1_IRQHandler</a> from startup_stm32h745xx.o(.text) referenced from startup_stm32h745xx.o(RESET)
 <LI><a href="#[76]">DFSDM1_FLT2_IRQHandler</a> from startup_stm32h745xx.o(.text) referenced from startup_stm32h745xx.o(RESET)
 <LI><a href="#[77]">DFSDM1_FLT3_IRQHandler</a> from startup_stm32h745xx.o(.text) referenced from startup_stm32h745xx.o(RESET)
 <LI><a href="#[15]">DMA1_Stream0_IRQHandler</a> from startup_stm32h745xx.o(.text) referenced from startup_stm32h745xx.o(RESET)
 <LI><a href="#[16]">DMA1_Stream1_IRQHandler</a> from startup_stm32h745xx.o(.text) referenced from startup_stm32h745xx.o(RESET)
 <LI><a href="#[17]">DMA1_Stream2_IRQHandler</a> from startup_stm32h745xx.o(.text) referenced from startup_stm32h745xx.o(RESET)
 <LI><a href="#[18]">DMA1_Stream3_IRQHandler</a> from startup_stm32h745xx.o(.text) referenced from startup_stm32h745xx.o(RESET)
 <LI><a href="#[19]">DMA1_Stream4_IRQHandler</a> from startup_stm32h745xx.o(.text) referenced from startup_stm32h745xx.o(RESET)
 <LI><a href="#[1a]">DMA1_Stream5_IRQHandler</a> from startup_stm32h745xx.o(.text) referenced from startup_stm32h745xx.o(RESET)
 <LI><a href="#[1b]">DMA1_Stream6_IRQHandler</a> from startup_stm32h745xx.o(.text) referenced from startup_stm32h745xx.o(RESET)
 <LI><a href="#[38]">DMA1_Stream7_IRQHandler</a> from startup_stm32h745xx.o(.text) referenced from startup_stm32h745xx.o(RESET)
 <LI><a href="#[60]">DMA2D_IRQHandler</a> from ew_bsp_graphics.o(.text.DMA2D_IRQHandler) referenced from startup_stm32h745xx.o(RESET)
 <LI><a href="#[41]">DMA2_Stream0_IRQHandler</a> from startup_stm32h745xx.o(.text) referenced from startup_stm32h745xx.o(RESET)
 <LI><a href="#[42]">DMA2_Stream1_IRQHandler</a> from startup_stm32h745xx.o(.text) referenced from startup_stm32h745xx.o(RESET)
 <LI><a href="#[43]">DMA2_Stream2_IRQHandler</a> from startup_stm32h745xx.o(.text) referenced from startup_stm32h745xx.o(RESET)
 <LI><a href="#[44]">DMA2_Stream3_IRQHandler</a> from startup_stm32h745xx.o(.text) referenced from startup_stm32h745xx.o(RESET)
 <LI><a href="#[45]">DMA2_Stream4_IRQHandler</a> from startup_stm32h745xx.o(.text) referenced from startup_stm32h745xx.o(RESET)
 <LI><a href="#[4b]">DMA2_Stream5_IRQHandler</a> from startup_stm32h745xx.o(.text) referenced from startup_stm32h745xx.o(RESET)
 <LI><a href="#[4c]">DMA2_Stream6_IRQHandler</a> from startup_stm32h745xx.o(.text) referenced from startup_stm32h745xx.o(RESET)
 <LI><a href="#[4d]">DMA2_Stream7_IRQHandler</a> from startup_stm32h745xx.o(.text) referenced from startup_stm32h745xx.o(RESET)
 <LI><a href="#[6c]">DMAMUX1_OVR_IRQHandler</a> from startup_stm32h745xx.o(.text) referenced from startup_stm32h745xx.o(RESET)
 <LI><a href="#[85]">DMAMUX2_OVR_IRQHandler</a> from startup_stm32h745xx.o(.text) referenced from startup_stm32h745xx.o(RESET)
 <LI><a href="#[7]">DebugMon_Handler</a> from stm32h7xx_it.o(.text.DebugMon_Handler) referenced from startup_stm32h745xx.o(RESET)
 <LI><a href="#[96]">ECC_IRQHandler</a> from startup_stm32h745xx.o(.text) referenced from startup_stm32h745xx.o(RESET)
 <LI><a href="#[46]">ETH_IRQHandler</a> from startup_stm32h745xx.o(.text) referenced from startup_stm32h745xx.o(RESET)
 <LI><a href="#[47]">ETH_WKUP_IRQHandler</a> from startup_stm32h745xx.o(.text) referenced from startup_stm32h745xx.o(RESET)
 <LI><a href="#[10]">EXTI0_IRQHandler</a> from startup_stm32h745xx.o(.text) referenced from startup_stm32h745xx.o(RESET)
 <LI><a href="#[32]">EXTI15_10_IRQHandler</a> from stm32h7xx_it.o(.text.EXTI15_10_IRQHandler) referenced from startup_stm32h745xx.o(RESET)
 <LI><a href="#[11]">EXTI1_IRQHandler</a> from startup_stm32h745xx.o(.text) referenced from startup_stm32h745xx.o(RESET)
 <LI><a href="#[12]">EXTI2_IRQHandler</a> from startup_stm32h745xx.o(.text) referenced from startup_stm32h745xx.o(RESET)
 <LI><a href="#[13]">EXTI3_IRQHandler</a> from startup_stm32h745xx.o(.text) referenced from startup_stm32h745xx.o(RESET)
 <LI><a href="#[14]">EXTI4_IRQHandler</a> from startup_stm32h745xx.o(.text) referenced from startup_stm32h745xx.o(RESET)
 <LI><a href="#[21]">EXTI9_5_IRQHandler</a> from startup_stm32h745xx.o(.text) referenced from startup_stm32h745xx.o(RESET)
 <LI><a href="#[1e0]">EffectsEffectTimerClass_Trigger</a> from effects.o(.text.EffectsEffectTimerClass_Trigger) referenced from effects.o(.rodata.__vmt_EffectsEffectTimerClass)
 <LI><a href="#[1df]">EffectsEffectTimerClass__Done</a> from effects.o(.text.EffectsEffectTimerClass__Done) referenced from effects.o(.rodata.__vmt_EffectsEffectTimerClass)
 <LI><a href="#[1dd]">EffectsEffectTimerClass__Init</a> from effects.o(.text.EffectsEffectTimerClass__Init) referenced from effects.o(.rodata.__vmt_EffectsEffectTimerClass)
 <LI><a href="#[1de]">EffectsEffectTimerClass__ReInit</a> from effects.o(.text.EffectsEffectTimerClass__ReInit) referenced from effects.o(.rodata.__vmt_EffectsEffectTimerClass)
 <LI><a href="#[163]">EffectsEffectTimer__Init</a> from effects.o(.text.EffectsEffectTimer__Init) referenced from effects.o(.rodata._EffectsEffectTimer)
 <LI><a href="#[1dc]">EffectsEffect_Animate</a> from effects.o(.text.EffectsEffect_Animate) referenced from effects.o(.rodata.__vmt_EffectsEffect)
 <LI><a href="#[a4]">EffectsEffect_StartEffect</a> from effects.o(.text.EffectsEffect_StartEffect) referenced 12 times from bezierclock.o(.text.BezierClockClockScreen_updateCurrentTime)
 <LI><a href="#[1db]">EffectsEffect__Done</a> from effects.o(.text.EffectsEffect__Done) referenced from effects.o(.rodata.__vmt_EffectsEffect)
 <LI><a href="#[1d9]">EffectsEffect__Init</a> from effects.o(.text.EffectsEffect__Init) referenced from effects.o(.rodata.__vmt_EffectsEffect)
 <LI><a href="#[1da]">EffectsEffect__ReInit</a> from effects.o(.text.EffectsEffect__ReInit) referenced from effects.o(.rodata.__vmt_EffectsEffect)
 <LI><a href="#[ab]">EffectsEffect_timerSlot</a> from effects.o(.text.EffectsEffect_timerSlot) referenced 4 times from effects.o(.text.EffectsEffect_OnSetEnabled)
 <LI><a href="#[ab]">EffectsEffect_timerSlot</a> from effects.o(.text.EffectsEffect_timerSlot) referenced 2 times from effects.o(.text.EffectsEffect_StartEffect)
 <LI><a href="#[ab]">EffectsEffect_timerSlot</a> from effects.o(.text.EffectsEffect_timerSlot) referenced 2 times from effects.o(.text.EffectsEffect_timerSlot)
 <LI><a href="#[1e4]">EffectsFloatEffect_Animate</a> from effects.o(.text.EffectsFloatEffect_Animate) referenced from effects.o(.rodata.__vmt_EffectsFloatEffect)
 <LI><a href="#[1e3]">EffectsFloatEffect__Done</a> from effects.o(.text.EffectsFloatEffect__Done) referenced from effects.o(.rodata.__vmt_EffectsFloatEffect)
 <LI><a href="#[1e1]">EffectsFloatEffect__Init</a> from effects.o(.text.EffectsFloatEffect__Init) referenced from effects.o(.rodata.__vmt_EffectsFloatEffect)
 <LI><a href="#[1e2]">EffectsFloatEffect__ReInit</a> from effects.o(.text.EffectsFloatEffect__ReInit) referenced from effects.o(.rodata.__vmt_EffectsFloatEffect)
 <LI><a href="#[1e7]">EffectsTimingList__Done</a> from effects.o(.text.EffectsTimingList__Done) referenced from effects.o(.rodata.__vmt_EffectsTimingList)
 <LI><a href="#[1e5]">EffectsTimingList__Init</a> from effects.o(.text.EffectsTimingList__Init) referenced from effects.o(.rodata.__vmt_EffectsTimingList)
 <LI><a href="#[1e6]">EffectsTimingList__ReInit</a> from effects.o(.text.EffectsTimingList__ReInit) referenced from effects.o(.rodata.__vmt_EffectsTimingList)
 <LI><a href="#[fe]">EwCopyAlpha8RowGradient</a> from ewextpxl_RGB565.o(.text.EwCopyAlpha8RowGradient) referenced 2 times from ewgfxtasks.o(.rodata.CopyWorkers)
 <LI><a href="#[ff]">EwCopyAlpha8RowGradientBlend</a> from ewextpxl_RGB565.o(.text.EwCopyAlpha8RowGradientBlend) referenced 2 times from ewgfxtasks.o(.rodata.CopyWorkers)
 <LI><a href="#[c8]">EwCopyAlpha8RowSolid</a> from ewextpxl_RGB565.o(.text.EwCopyAlpha8RowSolid) referenced from ewgfxtasks.o(.rodata.CopyWorkers)
 <LI><a href="#[c8]">EwCopyAlpha8RowSolid</a> from ewextpxl_RGB565.o(.text.EwCopyAlpha8RowSolid) referenced 2 times from ewextgfx.o(.text.GfxCopyDriver)
 <LI><a href="#[bc]">EwCopyAlpha8RowSolidBlend</a> from ewextpxl_RGB565.o(.text.EwCopyAlpha8RowSolidBlend) referenced from ewgfxtasks.o(.rodata.CopyWorkers)
 <LI><a href="#[bc]">EwCopyAlpha8RowSolidBlend</a> from ewextpxl_RGB565.o(.text.EwCopyAlpha8RowSolidBlend) referenced 2 times from ewextgfx.o(.text.GfxBlendDriver)
 <LI><a href="#[c7]">EwCopyIndex8Row</a> from ewextpxl_RGB565.o(.text.EwCopyIndex8Row) referenced 2 times from ewextgfx.o(.text.GfxCopyDriver)
 <LI><a href="#[bb]">EwCopyIndex8RowBlend</a> from ewextpxl_RGB565.o(.text.EwCopyIndex8RowBlend) referenced 2 times from ewextgfx.o(.text.GfxBlendDriver)
 <LI><a href="#[fc]">EwCopyIndex8RowGradient</a> from ewextpxl_RGB565.o(.text.EwCopyIndex8RowGradient) referenced 2 times from ewgfxtasks.o(.rodata.CopyWorkers)
 <LI><a href="#[fd]">EwCopyIndex8RowGradientBlend</a> from ewextpxl_RGB565.o(.text.EwCopyIndex8RowGradientBlend) referenced 2 times from ewgfxtasks.o(.rodata.CopyWorkers)
 <LI><a href="#[c6]">EwCopyIndex8RowSolid</a> from ewextpxl_RGB565.o(.text.EwCopyIndex8RowSolid) referenced from ewgfxtasks.o(.rodata.CopyWorkers)
 <LI><a href="#[c6]">EwCopyIndex8RowSolid</a> from ewextpxl_RGB565.o(.text.EwCopyIndex8RowSolid) referenced 2 times from ewextgfx.o(.text.GfxCopyDriver)
 <LI><a href="#[ba]">EwCopyIndex8RowSolidBlend</a> from ewextpxl_RGB565.o(.text.EwCopyIndex8RowSolidBlend) referenced from ewgfxtasks.o(.rodata.CopyWorkers)
 <LI><a href="#[ba]">EwCopyIndex8RowSolidBlend</a> from ewextpxl_RGB565.o(.text.EwCopyIndex8RowSolidBlend) referenced 2 times from ewextgfx.o(.text.GfxBlendDriver)
 <LI><a href="#[c5]">EwCopyNativeRow</a> from ewextpxl_RGB565.o(.text.EwCopyNativeRow) referenced 2 times from ewextgfx.o(.text.GfxCopyDriver)
 <LI><a href="#[b9]">EwCopyNativeRowBlend</a> from ewextpxl_RGB565.o(.text.EwCopyNativeRowBlend) referenced 2 times from ewextgfx.o(.text.GfxBlendDriver)
 <LI><a href="#[fa]">EwCopyNativeRowGradient</a> from ewextpxl_RGB565.o(.text.EwCopyNativeRowGradient) referenced 2 times from ewgfxtasks.o(.rodata.CopyWorkers)
 <LI><a href="#[fb]">EwCopyNativeRowGradientBlend</a> from ewextpxl_RGB565.o(.text.EwCopyNativeRowGradientBlend) referenced 2 times from ewgfxtasks.o(.rodata.CopyWorkers)
 <LI><a href="#[c4]">EwCopyNativeRowSolid</a> from ewextpxl_RGB565.o(.text.EwCopyNativeRowSolid) referenced from ewgfxtasks.o(.rodata.CopyWorkers)
[...]
</UL>
<BR>[Calls]<UL><LI><a href="#[49a]">&gt;&gt;</a>&nbsp;&nbsp;&nbsp;vListInsertEnd
<LI><a href="#[49b]">&gt;&gt;</a>&nbsp;&nbsp;&nbsp;vListInsert
<LI><a href="#[499]">&gt;&gt;</a>&nbsp;&nbsp;&nbsp;uxListRemove
</UL>
<BR>[Called By]<UL><LI><a href="#[493]">&gt;&gt;</a>&nbsp;&nbsp;&nbsp;xTaskNotifyWait
<LI><a href="#[4a5]">&gt;&gt;</a>&nbsp;&nbsp;&nbsp;vTaskPlaceOnEventList
</UL>

<P><STRONG><a name="[f6]"></a>prvIdleTask</STRONG> (Thumb, 118 bytes, Stack size 0 bytes, tasks.o(.text.prvIdleTask))
<BR><BR>[Stack]<UL><LI>Max Depth = 96<LI>Call Chain = prvIdleTask &rArr; vPortFree &rArr; xTaskResumeAll &rArr; xTaskIncrementTick
</UL>
<BR>[Calls]<UL><LI><a href="#[49e]">&gt;&gt;</a>&nbsp;&nbsp;&nbsp;vPortFree
<LI><a href="#[49d]">&gt;&gt;</a>&nbsp;&nbsp;&nbsp;vPortExitCritical
<LI><a href="#[49c]">&gt;&gt;</a>&nbsp;&nbsp;&nbsp;vPortEnterCritical
<LI><a href="#[499]">&gt;&gt;</a>&nbsp;&nbsp;&nbsp;uxListRemove
</UL>
<BR>[Address Reference Count : 1]<UL><LI> tasks.o(.text.vTaskStartScheduler)
</UL>
<P><STRONG><a name="[49f]"></a>prvUnlockQueue</STRONG> (Thumb, 114 bytes, Stack size 24 bytes, queue.o(.text.prvUnlockQueue))
<BR><BR>[Stack]<UL><LI>Max Depth = 40<LI>Call Chain = prvUnlockQueue &rArr; xTaskRemoveFromEventList
</UL>
<BR>[Calls]<UL><LI><a href="#[4a0]">&gt;&gt;</a>&nbsp;&nbsp;&nbsp;xTaskRemoveFromEventList
<LI><a href="#[4a1]">&gt;&gt;</a>&nbsp;&nbsp;&nbsp;vTaskMissedYield
<LI><a href="#[49d]">&gt;&gt;</a>&nbsp;&nbsp;&nbsp;vPortExitCritical
<LI><a href="#[49c]">&gt;&gt;</a>&nbsp;&nbsp;&nbsp;vPortEnterCritical
</UL>
<BR>[Called By]<UL><LI><a href="#[492]">&gt;&gt;</a>&nbsp;&nbsp;&nbsp;xQueueSemaphoreTake
<LI><a href="#[48e]">&gt;&gt;</a>&nbsp;&nbsp;&nbsp;xQueueGenericSend
</UL>

<P><STRONG><a name="[4aa]"></a>prvPortStartFirstTask</STRONG> (Thumb, 34 bytes, Stack size 0 bytes, port.o(.text.prvPortStartFirstTask))
<BR><BR>[Called By]<UL><LI><a href="#[4a7]">&gt;&gt;</a>&nbsp;&nbsp;&nbsp;xPortStartScheduler
</UL>

<P><STRONG><a name="[f5]"></a>prvTaskExitError</STRONG> (Thumb, 70 bytes, Stack size 4 bytes, port.o(.text.prvTaskExitError))
<BR><BR>[Stack]<UL><LI>Max Depth = 4<LI>Call Chain = prvTaskExitError
</UL>
<BR>[Address Reference Count : 1]<UL><LI> port.o(.text.pxPortInitialiseStack)
</UL>
<P><STRONG><a name="[4a9]"></a>vPortEnableVFP</STRONG> (Thumb, 14 bytes, Stack size 0 bytes, port.o(.text.vPortEnableVFP))
<BR><BR>[Called By]<UL><LI><a href="#[4a7]">&gt;&gt;</a>&nbsp;&nbsp;&nbsp;xPortStartScheduler
</UL>

<P><STRONG><a name="[a8]"></a>TimerProc</STRONG> (Thumb, 6 bytes, Stack size 0 bytes, core.o(.text.TimerProc))
<BR>[Address Reference Count : 5]<UL><LI> core.o(.text.CoreRoot__Init)
<LI> core.o(.text.CoreTimer_OnSetPeriod)
<LI> core.o(.text.CoreTimer_OnSetEnabled)
<LI> core.o(.text.CoreRoot_DriveMultiTouchHitting)
<LI> core.o(.text.CoreTimer_OnSetBegin)
</UL>
<P><STRONG><a name="[2f5]"></a>DrawFrameGrid</STRONG> (Thumb, 290 bytes, Stack size unknown bytes, ewgfx.o(.text.DrawFrameGrid))
<BR><BR>[Stack]<UL><LI>Max Depth = 184 + Unknown Stack Size
<LI>Call Chain = DrawFrameGrid &rArr; EwLockSurface &rArr;  ProcessIssues (Cycle)
</UL>
<BR>[Calls]<UL><LI><a href="#[2f8]">&gt;&gt;</a>&nbsp;&nbsp;&nbsp;EwUnlockSurface
<LI><a href="#[2f6]">&gt;&gt;</a>&nbsp;&nbsp;&nbsp;EwLockSurface
<LI><a href="#[2f7]">&gt;&gt;</a>&nbsp;&nbsp;&nbsp;EwZero
</UL>
<BR>[Called By]<UL><LI><a href="#[35f]">&gt;&gt;</a>&nbsp;&nbsp;&nbsp;MapBitmapFrame
</UL>

<P><STRONG><a name="[38f]"></a>GetGlyph</STRONG> (Thumb, 434 bytes, Stack size unknown bytes, ewgfx.o(.text.GetGlyph))
<BR><BR>[Stack]<UL><LI>Max Depth = 184 + Unknown Stack Size
 + In Cycle
<LI>Call Chain = GetGlyph &rArr;  GetGlyph (Cycle)
</UL>
<BR>[Calls]<UL><LI><a href="#[3ff]">&gt;&gt;</a>&nbsp;&nbsp;&nbsp;EwUnlockGlyphCache
<LI><a href="#[3db]">&gt;&gt;</a>&nbsp;&nbsp;&nbsp;EwLockGlyphCache
<LI><a href="#[391]">&gt;&gt;</a>&nbsp;&nbsp;&nbsp;EwFreeGlyph
<LI><a href="#[3ac]">&gt;&gt;</a>&nbsp;&nbsp;&nbsp;EwFntLoadGlyph
<LI><a href="#[406]">&gt;&gt;</a>&nbsp;&nbsp;&nbsp;EwFntGetGlyphMetrics
<LI><a href="#[3a9]">&gt;&gt;</a>&nbsp;&nbsp;&nbsp;EwFindGlyph
<LI><a href="#[30e]">&gt;&gt;</a>&nbsp;&nbsp;&nbsp;EwErrorPD
<LI><a href="#[377]">&gt;&gt;</a>&nbsp;&nbsp;&nbsp;EwDiscardGlyph
<LI><a href="#[36e]">&gt;&gt;</a>&nbsp;&nbsp;&nbsp;EwCreateGlyph
<LI><a href="#[38f]">&gt;&gt;</a>&nbsp;&nbsp;&nbsp;GetGlyph
</UL>
<BR>[Called By]<UL><LI><a href="#[38e]">&gt;&gt;</a>&nbsp;&nbsp;&nbsp;EwGetTextAdvance
<LI><a href="#[3c0]">&gt;&gt;</a>&nbsp;&nbsp;&nbsp;EwGetGlyphMetrics
<LI><a href="#[38f]">&gt;&gt;</a>&nbsp;&nbsp;&nbsp;GetGlyph
<LI><a href="#[38d]">&gt;&gt;</a>&nbsp;&nbsp;&nbsp;EwDrawText
</UL>

<P><STRONG><a name="[368]"></a>InitBitmap</STRONG> (Thumb, 932 bytes, Stack size unknown bytes, ewgfx.o(.text.InitBitmap))
<BR><BR>[Stack]<UL><LI>Max Depth = 56 + Unknown Stack Size
<LI>Call Chain = InitBitmap &rArr; EwErrorDD &rArr; EwPrint &rArr; EwConsoleOutput &rArr; EwBspConsolePutCharacter &rArr; HAL_UART_Transmit
</UL>
<BR>[Calls]<UL><LI><a href="#[24a]">&gt;&gt;</a>&nbsp;&nbsp;&nbsp;EwImmediateReclaimMemory
<LI><a href="#[39b]">&gt;&gt;</a>&nbsp;&nbsp;&nbsp;EwErrorDD
<LI><a href="#[24b]">&gt;&gt;</a>&nbsp;&nbsp;&nbsp;EwError
<LI><a href="#[2f7]">&gt;&gt;</a>&nbsp;&nbsp;&nbsp;EwZero
<LI><a href="#[249]">&gt;&gt;</a>&nbsp;&nbsp;&nbsp;EwAlloc
</UL>
<BR>[Called By]<UL><LI><a href="#[3d3]">&gt;&gt;</a>&nbsp;&nbsp;&nbsp;EwLoadBitmap
<LI><a href="#[367]">&gt;&gt;</a>&nbsp;&nbsp;&nbsp;EwCreateBitmap
</UL>

<P><STRONG><a name="[35f]"></a>MapBitmapFrame</STRONG> (Thumb, 1676 bytes, Stack size unknown bytes, ewgfx.o(.text.MapBitmapFrame))
<BR><BR>[Stack]<UL><LI>Max Depth = 184 + Unknown Stack Size
<LI>Call Chain = MapBitmapFrame &rArr; EwLockSurface &rArr;  ProcessIssues (Cycle)
</UL>
<BR>[Calls]<UL><LI><a href="#[2f8]">&gt;&gt;</a>&nbsp;&nbsp;&nbsp;EwUnlockSurface
<LI><a href="#[2f6]">&gt;&gt;</a>&nbsp;&nbsp;&nbsp;EwLockSurface
<LI><a href="#[3aa]">&gt;&gt;</a>&nbsp;&nbsp;&nbsp;EwFindSurface
<LI><a href="#[30e]">&gt;&gt;</a>&nbsp;&nbsp;&nbsp;EwErrorPD
<LI><a href="#[39b]">&gt;&gt;</a>&nbsp;&nbsp;&nbsp;EwErrorDD
<LI><a href="#[370]">&gt;&gt;</a>&nbsp;&nbsp;&nbsp;EwCreateSurface
<LI><a href="#[36a]">&gt;&gt;</a>&nbsp;&nbsp;&nbsp;EwCreateConstSurface
<LI><a href="#[31e]">&gt;&gt;</a>&nbsp;&nbsp;&nbsp;EwBmpOpen
<LI><a href="#[31a]">&gt;&gt;</a>&nbsp;&nbsp;&nbsp;EwBmpLoadFrame
<LI><a href="#[318]">&gt;&gt;</a>&nbsp;&nbsp;&nbsp;EwBmpLoadClut
<LI><a href="#[3d5]">&gt;&gt;</a>&nbsp;&nbsp;&nbsp;EwBmpGetFrameMemory
<LI><a href="#[3d6]">&gt;&gt;</a>&nbsp;&nbsp;&nbsp;EwBmpClose
<LI><a href="#[2f5]">&gt;&gt;</a>&nbsp;&nbsp;&nbsp;DrawFrameGrid
<LI><a href="#[319]">&gt;&gt;</a>&nbsp;&nbsp;&nbsp;EwCopy
</UL>
<BR>[Called By]<UL><LI><a href="#[3d3]">&gt;&gt;</a>&nbsp;&nbsp;&nbsp;EwLoadBitmap
<LI><a href="#[38b]">&gt;&gt;</a>&nbsp;&nbsp;&nbsp;EwTileBitmap
<LI><a href="#[3cf]">&gt;&gt;</a>&nbsp;&nbsp;&nbsp;EwLockBitmap
<LI><a href="#[401]">&gt;&gt;</a>&nbsp;&nbsp;&nbsp;EwWarpBitmap
<LI><a href="#[3fd]">&gt;&gt;</a>&nbsp;&nbsp;&nbsp;EwStrokePath
<LI><a href="#[3a8]">&gt;&gt;</a>&nbsp;&nbsp;&nbsp;EwFillRectangle
<LI><a href="#[3a5]">&gt;&gt;</a>&nbsp;&nbsp;&nbsp;EwFillPath
<LI><a href="#[38d]">&gt;&gt;</a>&nbsp;&nbsp;&nbsp;EwDrawText
<LI><a href="#[38c]">&gt;&gt;</a>&nbsp;&nbsp;&nbsp;EwDrawLine
<LI><a href="#[367]">&gt;&gt;</a>&nbsp;&nbsp;&nbsp;EwCreateBitmap
<LI><a href="#[35e]">&gt;&gt;</a>&nbsp;&nbsp;&nbsp;EwCopyBitmap
<LI><a href="#[3bb]">&gt;&gt;</a>&nbsp;&nbsp;&nbsp;EwGetBitmapFromStrokePath
<LI><a href="#[3b9]">&gt;&gt;</a>&nbsp;&nbsp;&nbsp;EwGetBitmapFromFillPath
</UL>

<P><STRONG><a name="[3be]"></a>PrepareForStrokePath</STRONG> (Thumb, 2324 bytes, Stack size unknown bytes, ewgfx.o(.text.PrepareForStrokePath))
<BR><BR>[Stack]<UL><LI>Max Depth = 32 + Unknown Stack Size
<LI>Call Chain = PrepareForStrokePath &rArr; EwMathSqrt &rArr; __hardfp_sqrtf
</UL>
<BR>[Calls]<UL><LI><a href="#[2fe]">&gt;&gt;</a>&nbsp;&nbsp;&nbsp;EwMathSqrt
</UL>
<BR>[Called By]<UL><LI><a href="#[3fd]">&gt;&gt;</a>&nbsp;&nbsp;&nbsp;EwStrokePath
<LI><a href="#[3bb]">&gt;&gt;</a>&nbsp;&nbsp;&nbsp;EwGetBitmapFromStrokePath
</UL>

<P><STRONG><a name="[3a6]"></a>UpdatePath</STRONG> (Thumb, 564 bytes, Stack size unknown bytes, ewgfx.o(.text.UpdatePath))
<BR><BR>[Calls]<UL><LI><a href="#[2cc]">&gt;&gt;</a>&nbsp;&nbsp;&nbsp;EwNewRect
<LI><a href="#[2c1]">&gt;&gt;</a>&nbsp;&nbsp;&nbsp;EwUnionRect
</UL>
<BR>[Called By]<UL><LI><a href="#[3fd]">&gt;&gt;</a>&nbsp;&nbsp;&nbsp;EwStrokePath
<LI><a href="#[3a5]">&gt;&gt;</a>&nbsp;&nbsp;&nbsp;EwFillPath
<LI><a href="#[3bb]">&gt;&gt;</a>&nbsp;&nbsp;&nbsp;EwGetBitmapFromStrokePath
<LI><a href="#[3b9]">&gt;&gt;</a>&nbsp;&nbsp;&nbsp;EwGetBitmapFromFillPath
</UL>

<P><STRONG><a name="[b5]"></a>UpdateWatermark1</STRONG> (Thumb, 122 bytes, Stack size unknown bytes, ewgfx.o(.text.UpdateWatermark1))
<BR><BR>[Stack]<UL><LI>Max Depth = 56 + Unknown Stack Size
<LI>Call Chain = UpdateWatermark1 &rArr; EwMathRandInt32 &rArr; EwBspClockGetTime &rArr; HAL_RTC_GetTime
</UL>
<BR>[Calls]<UL><LI><a href="#[2b3]">&gt;&gt;</a>&nbsp;&nbsp;&nbsp;EwGetTicks
<LI><a href="#[3ce]">&gt;&gt;</a>&nbsp;&nbsp;&nbsp;EwMathRandInt32
</UL>
<BR>[Address Reference Count : 2]<UL><LI> ewgfx.o(.data.UpdateWatermarkProc)
<LI> ewgfx.o(.text.EwInitGraphicsEngine)
</UL>
<P><STRONG><a name="[d8]"></a>UpdateWatermark2</STRONG> (Thumb, 298 bytes, Stack size unknown bytes, ewgfx.o(.text.UpdateWatermark2))
<BR><BR>[Stack]<UL><LI>Max Depth = 56 + Unknown Stack Size
<LI>Call Chain = UpdateWatermark2 &rArr; EwMathRandInt32 &rArr; EwBspClockGetTime &rArr; HAL_RTC_GetTime
</UL>
<BR>[Calls]<UL><LI><a href="#[2b3]">&gt;&gt;</a>&nbsp;&nbsp;&nbsp;EwGetTicks
<LI><a href="#[3ce]">&gt;&gt;</a>&nbsp;&nbsp;&nbsp;EwMathRandInt32
</UL>
<BR>[Address Reference Count : 1]<UL><LI> ewgfx.o(.text.UpdateWatermark1)
</UL>
<P><STRONG><a name="[2b0]"></a>CleanSurfaceCache</STRONG> (Thumb, 228 bytes, Stack size unknown bytes, ewgfxcore.o(.text.CleanSurfaceCache))
<BR><BR>[Stack]<UL><LI>Max Depth = 176 + Unknown Stack Size
<LI>Call Chain = CleanSurfaceCache &rArr; DiscardSurface &rArr; GfxDestroySurface &rArr; EwBspGraphicsWaitForCompletion &rArr; osSemaphoreWait &rArr; xQueueSemaphoreTake &rArr; xTaskResumeAll &rArr; xTaskIncrementTick
</UL>
<BR>[Calls]<UL><LI><a href="#[2b1]">&gt;&gt;</a>&nbsp;&nbsp;&nbsp;DiscardSurface
<LI><a href="#[2b2]">&gt;&gt;</a>&nbsp;&nbsp;&nbsp;EwCanDiscardSurface
</UL>
<BR>[Called By]<UL><LI><a href="#[369]">&gt;&gt;</a>&nbsp;&nbsp;&nbsp;EwFreeSurface
<LI><a href="#[361]">&gt;&gt;</a>&nbsp;&nbsp;&nbsp;EwFlushTasks
<LI><a href="#[370]">&gt;&gt;</a>&nbsp;&nbsp;&nbsp;EwCreateSurface
<LI><a href="#[36a]">&gt;&gt;</a>&nbsp;&nbsp;&nbsp;EwCreateConstSurface
</UL>

<P><STRONG><a name="[2f2]"></a>DiscardGlyph</STRONG> (Thumb, 622 bytes, Stack size unknown bytes, ewgfxcore.o(.text.DiscardGlyph))
<BR><BR>[Stack]<UL><LI>Max Depth = 56 + Unknown Stack Size
<LI>Call Chain = DiscardGlyph &rArr; EwFree &rArr; EwFreeHeapBlock &rArr; EwErrorPD &rArr; EwPrint &rArr; EwConsoleOutput &rArr; EwBspConsolePutCharacter &rArr; HAL_UART_Transmit
</UL>
<BR>[Calls]<UL><LI><a href="#[2f3]">&gt;&gt;</a>&nbsp;&nbsp;&nbsp;EwFree
</UL>
<BR>[Called By]<UL><LI><a href="#[36c]">&gt;&gt;</a>&nbsp;&nbsp;&nbsp;FlushAndClean
<LI><a href="#[385]">&gt;&gt;</a>&nbsp;&nbsp;&nbsp;EwDoneGfxCore
<LI><a href="#[377]">&gt;&gt;</a>&nbsp;&nbsp;&nbsp;EwDiscardGlyph
</UL>

<P><STRONG><a name="[2b1]"></a>DiscardSurface</STRONG> (Thumb, 234 bytes, Stack size unknown bytes, ewgfxcore.o(.text.DiscardSurface))
<BR><BR>[Stack]<UL><LI>Max Depth = 176 + Unknown Stack Size
<LI>Call Chain = DiscardSurface &rArr; GfxDestroySurface &rArr; EwBspGraphicsWaitForCompletion &rArr; osSemaphoreWait &rArr; xQueueSemaphoreTake &rArr; xTaskResumeAll &rArr; xTaskIncrementTick
</UL>
<BR>[Calls]<UL><LI><a href="#[2f4]">&gt;&gt;</a>&nbsp;&nbsp;&nbsp;GfxDestroySurface
<LI><a href="#[2f3]">&gt;&gt;</a>&nbsp;&nbsp;&nbsp;EwFree
</UL>
<BR>[Called By]<UL><LI><a href="#[36c]">&gt;&gt;</a>&nbsp;&nbsp;&nbsp;FlushAndClean
<LI><a href="#[2b0]">&gt;&gt;</a>&nbsp;&nbsp;&nbsp;CleanSurfaceCache
<LI><a href="#[369]">&gt;&gt;</a>&nbsp;&nbsp;&nbsp;EwFreeSurface
<LI><a href="#[385]">&gt;&gt;</a>&nbsp;&nbsp;&nbsp;EwDoneGfxCore
</UL>

<P><STRONG><a name="[36c]"></a>FlushAndClean</STRONG> (Thumb, 298 bytes, Stack size unknown bytes, ewgfxcore.o(.text.FlushAndClean))
<BR><BR>[Stack]<UL><LI>Max Depth = 184 + Unknown Stack Size
<LI>Call Chain = FlushAndClean &rArr; ProcessIssues &rArr; EwExecuteTasks &rArr; EwLockSurface &rArr;  ProcessIssues (Cycle)
</UL>
<BR>[Calls]<UL><LI><a href="#[36b]">&gt;&gt;</a>&nbsp;&nbsp;&nbsp;ProcessIssues
<LI><a href="#[2b1]">&gt;&gt;</a>&nbsp;&nbsp;&nbsp;DiscardSurface
<LI><a href="#[2f2]">&gt;&gt;</a>&nbsp;&nbsp;&nbsp;DiscardGlyph
<LI><a href="#[2b2]">&gt;&gt;</a>&nbsp;&nbsp;&nbsp;EwCanDiscardSurface
</UL>
<BR>[Called By]<UL><LI><a href="#[362]">&gt;&gt;</a>&nbsp;&nbsp;&nbsp;EwInitIssue
<LI><a href="#[370]">&gt;&gt;</a>&nbsp;&nbsp;&nbsp;EwCreateSurface
<LI><a href="#[36e]">&gt;&gt;</a>&nbsp;&nbsp;&nbsp;EwCreateGlyph
<LI><a href="#[36a]">&gt;&gt;</a>&nbsp;&nbsp;&nbsp;EwCreateConstSurface
</UL>

<P><STRONG><a name="[36b]"></a>ProcessIssues</STRONG> (Thumb, 274 bytes, Stack size unknown bytes, ewgfxcore.o(.text.ProcessIssues))
<BR><BR>[Stack]<UL><LI>Max Depth = 184 + Unknown Stack Size
<LI>Call Chain = ProcessIssues &rArr; EwExecuteTasks &rArr; EwLockSurface &rArr;  ProcessIssues (Cycle)
</UL>
<BR>[Calls]<UL><LI><a href="#[39c]">&gt;&gt;</a>&nbsp;&nbsp;&nbsp;EwExecuteTasks
<LI><a href="#[449]">&gt;&gt;</a>&nbsp;&nbsp;&nbsp;EwCompleteTasks
</UL>
<BR>[Called By]<UL><LI><a href="#[36c]">&gt;&gt;</a>&nbsp;&nbsp;&nbsp;FlushAndClean
<LI><a href="#[399]">&gt;&gt;</a>&nbsp;&nbsp;&nbsp;EwWaitForSurface
<LI><a href="#[2f6]">&gt;&gt;</a>&nbsp;&nbsp;&nbsp;EwLockSurface
<LI><a href="#[362]">&gt;&gt;</a>&nbsp;&nbsp;&nbsp;EwInitIssue
<LI><a href="#[361]">&gt;&gt;</a>&nbsp;&nbsp;&nbsp;EwFlushTasks
<LI><a href="#[3aa]">&gt;&gt;</a>&nbsp;&nbsp;&nbsp;EwFindSurface
<LI><a href="#[3a9]">&gt;&gt;</a>&nbsp;&nbsp;&nbsp;EwFindGlyph
<LI><a href="#[385]">&gt;&gt;</a>&nbsp;&nbsp;&nbsp;EwDoneGfxCore
<LI><a href="#[370]">&gt;&gt;</a>&nbsp;&nbsp;&nbsp;EwCreateSurface
<LI><a href="#[36e]">&gt;&gt;</a>&nbsp;&nbsp;&nbsp;EwCreateGlyph
<LI><a href="#[36a]">&gt;&gt;</a>&nbsp;&nbsp;&nbsp;EwCreateConstSurface
</UL>

<P><STRONG><a name="[397]"></a>RasterPolygonRow_AA_EO</STRONG> (Thumb, 1188 bytes, Stack size unknown bytes, ewgfxdriver.o(.text.RasterPolygonRow_AA_EO))
<BR><BR>[Stack]<UL><LI>Max Depth = 8 + Unknown Stack Size
<LI>Call Chain = RasterPolygonRow_AA_EO &rArr; EwFill
</UL>
<BR>[Calls]<UL><LI><a href="#[3a4]">&gt;&gt;</a>&nbsp;&nbsp;&nbsp;EwFill
</UL>
<BR>[Called By]<UL><LI><a href="#[3ba]">&gt;&gt;</a>&nbsp;&nbsp;&nbsp;EwRasterAlpha8Polygon
<LI><a href="#[394]">&gt;&gt;</a>&nbsp;&nbsp;&nbsp;EwEmulateFillPolygon
</UL>

<P><STRONG><a name="[395]"></a>RasterPolygonRow_AA_NZW</STRONG> (Thumb, 1242 bytes, Stack size unknown bytes, ewgfxdriver.o(.text.RasterPolygonRow_AA_NZW))
<BR><BR>[Stack]<UL><LI>Max Depth = 8 + Unknown Stack Size
<LI>Call Chain = RasterPolygonRow_AA_NZW &rArr; EwFill
</UL>
<BR>[Calls]<UL><LI><a href="#[3a4]">&gt;&gt;</a>&nbsp;&nbsp;&nbsp;EwFill
</UL>
<BR>[Called By]<UL><LI><a href="#[3ba]">&gt;&gt;</a>&nbsp;&nbsp;&nbsp;EwRasterAlpha8Polygon
<LI><a href="#[394]">&gt;&gt;</a>&nbsp;&nbsp;&nbsp;EwEmulateFillPolygon
</UL>

<P><STRONG><a name="[398]"></a>RasterPolygonRow_EO</STRONG> (Thumb, 794 bytes, Stack size unknown bytes, ewgfxdriver.o(.text.RasterPolygonRow_EO))
<BR><BR>[Stack]<UL><LI>Max Depth = 8 + Unknown Stack Size
<LI>Call Chain = RasterPolygonRow_EO &rArr; EwFill
</UL>
<BR>[Calls]<UL><LI><a href="#[3a4]">&gt;&gt;</a>&nbsp;&nbsp;&nbsp;EwFill
</UL>
<BR>[Called By]<UL><LI><a href="#[3ba]">&gt;&gt;</a>&nbsp;&nbsp;&nbsp;EwRasterAlpha8Polygon
<LI><a href="#[394]">&gt;&gt;</a>&nbsp;&nbsp;&nbsp;EwEmulateFillPolygon
</UL>

<P><STRONG><a name="[396]"></a>RasterPolygonRow_NZW</STRONG> (Thumb, 790 bytes, Stack size unknown bytes, ewgfxdriver.o(.text.RasterPolygonRow_NZW))
<BR><BR>[Stack]<UL><LI>Max Depth = 8 + Unknown Stack Size
<LI>Call Chain = RasterPolygonRow_NZW &rArr; EwFill
</UL>
<BR>[Calls]<UL><LI><a href="#[3a4]">&gt;&gt;</a>&nbsp;&nbsp;&nbsp;EwFill
</UL>
<BR>[Called By]<UL><LI><a href="#[3ba]">&gt;&gt;</a>&nbsp;&nbsp;&nbsp;EwRasterAlpha8Polygon
<LI><a href="#[394]">&gt;&gt;</a>&nbsp;&nbsp;&nbsp;EwEmulateFillPolygon
</UL>

<P><STRONG><a name="[248]"></a>AddSignal</STRONG> (Thumb, 290 bytes, Stack size unknown bytes, ewslot.o(.text.AddSignal))
<BR><BR>[Stack]<UL><LI>Max Depth = 56 + Unknown Stack Size
<LI>Call Chain = AddSignal &rArr; EwPanic &rArr; EwPrint &rArr; EwConsoleOutput &rArr; EwBspConsolePutCharacter &rArr; HAL_UART_Transmit
</UL>
<BR>[Calls]<UL><LI><a href="#[24c]">&gt;&gt;</a>&nbsp;&nbsp;&nbsp;EwPanic
<LI><a href="#[24a]">&gt;&gt;</a>&nbsp;&nbsp;&nbsp;EwImmediateReclaimMemory
<LI><a href="#[24b]">&gt;&gt;</a>&nbsp;&nbsp;&nbsp;EwError
<LI><a href="#[249]">&gt;&gt;</a>&nbsp;&nbsp;&nbsp;EwAlloc
</UL>
<BR>[Called By]<UL><LI><a href="#[297]">&gt;&gt;</a>&nbsp;&nbsp;&nbsp;EwPostSignal
<LI><a href="#[2c3]">&gt;&gt;</a>&nbsp;&nbsp;&nbsp;EwNotifyObjObservers
<LI><a href="#[3e6]">&gt;&gt;</a>&nbsp;&nbsp;&nbsp;EwNotifyRefObservers
</UL>

<P><STRONG><a name="[24d]"></a>AllocString</STRONG> (Thumb, 154 bytes, Stack size unknown bytes, ewstring.o(.text.AllocString))
<BR><BR>[Stack]<UL><LI>Max Depth = 56 + Unknown Stack Size
<LI>Call Chain = AllocString &rArr; EwError &rArr; EwPrint &rArr; EwConsoleOutput &rArr; EwBspConsolePutCharacter &rArr; HAL_UART_Transmit
</UL>
<BR>[Calls]<UL><LI><a href="#[24a]">&gt;&gt;</a>&nbsp;&nbsp;&nbsp;EwImmediateReclaimMemory
<LI><a href="#[24b]">&gt;&gt;</a>&nbsp;&nbsp;&nbsp;EwError
<LI><a href="#[249]">&gt;&gt;</a>&nbsp;&nbsp;&nbsp;EwAlloc
</UL>
<BR>[Called By]<UL><LI><a href="#[29f]">&gt;&gt;</a>&nbsp;&nbsp;&nbsp;EwNewStringInt
<LI><a href="#[29d]">&gt;&gt;</a>&nbsp;&nbsp;&nbsp;EwConcatString
<LI><a href="#[3e4]">&gt;&gt;</a>&nbsp;&nbsp;&nbsp;EwNewStringChar
<LI><a href="#[3fc]">&gt;&gt;</a>&nbsp;&nbsp;&nbsp;EwStringMiddle
<LI><a href="#[3f9]">&gt;&gt;</a>&nbsp;&nbsp;&nbsp;EwSetStringChar
<LI><a href="#[35b]">&gt;&gt;</a>&nbsp;&nbsp;&nbsp;EwConcatCharString
</UL>

<P><STRONG><a name="[35a]"></a>VerifyString</STRONG> (Thumb, 152 bytes, Stack size unknown bytes, ewstring.o(.text.VerifyString))
<BR><BR>[Stack]<UL><LI>Max Depth = 56 + Unknown Stack Size
<LI>Call Chain = VerifyString &rArr; EwPrint &rArr; EwConsoleOutput &rArr; EwBspConsolePutCharacter &rArr; HAL_UART_Transmit
</UL>
<BR>[Calls]<UL><LI><a href="#[2a5]">&gt;&gt;</a>&nbsp;&nbsp;&nbsp;EwPrint
<LI><a href="#[24c]">&gt;&gt;</a>&nbsp;&nbsp;&nbsp;EwPanic
</UL>
<BR>[Called By]<UL><LI><a href="#[29d]">&gt;&gt;</a>&nbsp;&nbsp;&nbsp;EwConcatString
<LI><a href="#[315]">&gt;&gt;</a>&nbsp;&nbsp;&nbsp;EwGetStringLength
<LI><a href="#[3fc]">&gt;&gt;</a>&nbsp;&nbsp;&nbsp;EwStringMiddle
<LI><a href="#[3fb]">&gt;&gt;</a>&nbsp;&nbsp;&nbsp;EwStringFindChar
<LI><a href="#[3fa]">&gt;&gt;</a>&nbsp;&nbsp;&nbsp;EwShareString
<LI><a href="#[3f9]">&gt;&gt;</a>&nbsp;&nbsp;&nbsp;EwSetStringChar
<LI><a href="#[3c1]">&gt;&gt;</a>&nbsp;&nbsp;&nbsp;EwGetStringChar
<LI><a href="#[35b]">&gt;&gt;</a>&nbsp;&nbsp;&nbsp;EwConcatCharString
<LI><a href="#[359]">&gt;&gt;</a>&nbsp;&nbsp;&nbsp;EwCompString
</UL>

<P><STRONG><a name="[39f]"></a>WarpSurface2</STRONG> (Thumb, 596 bytes, Stack size unknown bytes, ewgfxtasks.o(.text.WarpSurface2))
<BR><BR>[Stack]<UL><LI>Max Depth = 184 + Unknown Stack Size
<LI>Call Chain = WarpSurface2 &rArr; EwLockSurface &rArr;  ProcessIssues (Cycle)
</UL>
<BR>[Calls]<UL><LI><a href="#[2f8]">&gt;&gt;</a>&nbsp;&nbsp;&nbsp;EwUnlockSurface
<LI><a href="#[2f6]">&gt;&gt;</a>&nbsp;&nbsp;&nbsp;EwLockSurface
<LI><a href="#[39d]">&gt;&gt;</a>&nbsp;&nbsp;&nbsp;EwInitColorGradient
<LI><a href="#[3a3]">&gt;&gt;</a>&nbsp;&nbsp;&nbsp;EwEmulateWarp
</UL>
<BR>[Called By]<UL><LI><a href="#[39c]">&gt;&gt;</a>&nbsp;&nbsp;&nbsp;EwExecuteTasks
</UL>
<P>
<H3>
Undefined Global Symbols
</H3><HR></body></html>
