tasks.c:1798:20:prvTaskIsTaskSuspended	0	static
tasks.c:3881:13:prvResetNextTaskUnblockTime	0	static
tasks.c:3335:8:prvIdleTask	8	static
tasks.c:5082:13:prvAddCurrentTaskToDelayedList	16	static
tasks.c:731:13:xTaskCreate	48	static
tasks.c:1158:7:vTaskDelete	16	static
tasks.c:1379:13:eTaskGetState	24	static
tasks.c:1471:14:uxTaskPriorityGet	8	static
tasks.c:1493:14:uxTaskPriorityGetFromISR	8	static
tasks.c:1533:7:vTaskPrioritySet	24	static
tasks.c:1844:7:vTaskResume	16	static
tasks.c:1898:13:xTaskResumeFromISR	24	static
tasks.c:1968:6:vTaskStartScheduler	16	static
tasks.c:2090:6:vTaskEndScheduler	8	static
tasks.c:2101:6:vTaskSuspendAll	0	static
tasks.c:2285:12:xTaskGetTickCount	0	static
tasks.c:2300:12:xTaskGetTickCountFromISR	8	static
tasks.c:2331:13:uxTaskGetNumberOfTasks	0	static
tasks.c:2339:7:pcTaskGetName	0	static
tasks.c:2666:12:xTaskIncrementTick	32	static
tasks.c:2175:12:xTaskResumeAll	24	static
tasks.c:1250:7:vTaskDelayUntil	16	static
tasks.c:1334:7:vTaskDelay	8	static
tasks.c:2948:6:vTaskSwitchContext	4	static
tasks.c:1697:7:vTaskSuspend	16	static
tasks.c:3021:6:vTaskPlaceOnEventList	8	static
tasks.c:3038:6:vTaskPlaceOnUnorderedEventList	8	static
tasks.c:3095:12:xTaskRemoveFromEventList	16	static
tasks.c:3163:6:vTaskRemoveFromUnorderedEventList	16	static
tasks.c:3197:6:vTaskSetTimeOutState	8	static
tasks.c:3209:6:vTaskInternalSetTimeOutState	0	static
tasks.c:3217:12:xTaskCheckForTimeOut	16	static
tasks.c:3280:6:vTaskMissedYield	0	static
tasks.c:3288:14:uxTaskGetTaskNumber	0	static
tasks.c:3311:7:vTaskSetTaskNumber	0	static
tasks.c:3610:7:vTaskGetInfo	16	static
tasks.c:3706:21:prvListTasksWithinSingleList	40	static
tasks.c:2486:14:uxTaskGetSystemState	32	static
tasks.c:3907:15:xTaskGetCurrentTaskHandle	0	static
tasks.c:3924:13:xTaskGetSchedulerState	0	static
tasks.c:3952:13:xTaskPriorityInherit	16	static
tasks.c:4039:13:xTaskPriorityDisinherit	16	static
tasks.c:4119:7:vTaskPriorityDisinheritAfterTimeout	16	static
tasks.c:4534:12:uxTaskResetEventItemValue	0	static
tasks.c:4550:15:pvTaskIncrementMutexHeldCount	0	static
tasks.c:4567:11:ulTaskNotifyTake	16	static
tasks.c:4635:13:xTaskNotifyWait	24	static
tasks.c:4715:13:xTaskGenericNotify	24	static
tasks.c:4829:13:xTaskGenericNotifyFromISR	32	static
tasks.c:4958:7:vTaskNotifyGiveFromISR	24	static
tasks.c:5045:13:xTaskNotifyStateClear	8	static
