stm32h7xx_hal_rtc.c:846:13:HAL_RTC_MspInit	0	static
stm32h7xx_hal_rtc.c:861:13:HAL_RTC_MspDeInit	0	static
stm32h7xx_hal_rtc.c:1038:19:HAL_RTC_GetTime	20	static
stm32h7xx_hal_rtc.c:1196:19:HAL_RTC_GetDate	16	static
stm32h7xx_hal_rtc.c:1250:19:HAL_RTC_SetAlarm	24	static
stm32h7xx_hal_rtc.c:1444:19:HAL_RTC_SetAlarm_IT	24	static
stm32h7xx_hal_rtc.c:1641:19:HAL_RTC_DeactivateAlarm	16	static
stm32h7xx_hal_rtc.c:1745:19:HAL_RTC_GetAlarm	20	static
stm32h7xx_hal_rtc.c:1903:13:HAL_RTC_AlarmAEventCallback	0	static
stm32h7xx_hal_rtc.c:1806:6:HAL_RTC_AlarmIRQHandler	8	static
stm32h7xx_hal_rtc.c:1919:19:HAL_RTC_PollForAlarmAEvent	16	static
stm32h7xx_hal_rtc.c:1978:19:HAL_RTC_WaitForSynchro	16	static
stm32h7xx_hal_rtc.c:2032:21:HAL_RTC_GetState	0	static
stm32h7xx_hal_rtc.c:2056:19:RTC_EnterInitMode	16	static
stm32h7xx_hal_rtc.c:227:19:HAL_RTC_Init	24	static
stm32h7xx_hal_rtc.c:394:19:HAL_RTC_DeInit	24	static
stm32h7xx_hal_rtc.c:899:19:HAL_RTC_SetTime	24	static
stm32h7xx_hal_rtc.c:1082:19:HAL_RTC_SetDate	16	static
stm32h7xx_hal_rtc.c:2105:9:RTC_ByteToBcd2	0	static
stm32h7xx_hal_rtc.c:2124:9:RTC_Bcd2ToByte	0	static
