stm32h7xx_hal_rtc_ex.c:163:19:HAL_RTCEx_SetTimeStamp	16	static
stm32h7xx_hal_rtc_ex.c:222:19:HAL_RTCEx_SetTimeStamp_IT	16	static
stm32h7xx_hal_rtc_ex.c:277:19:HAL_RTCEx_DeactivateTimeStamp	16	static
stm32h7xx_hal_rtc_ex.c:315:19:HAL_RTCEx_SetInternalTimeStamp	12	static
stm32h7xx_hal_rtc_ex.c:345:19:HAL_RTCEx_DeactivateInternalTimeStamp	12	static
stm32h7xx_hal_rtc_ex.c:380:19:HAL_RTCEx_GetTimeStamp	24	static
stm32h7xx_hal_rtc_ex.c:533:19:HAL_RTCEx_SetTamper	20	static
stm32h7xx_hal_rtc_ex.c:769:19:HAL_RTCEx_SetTamper_IT	20	static
stm32h7xx_hal_rtc_ex.c:974:19:HAL_RTCEx_DeactivateTamper	4	static
stm32h7xx_hal_rtc_ex.c:1575:13:HAL_RTCEx_TimeStampEventCallback	0	static
stm32h7xx_hal_rtc_ex.c:1601:13:HAL_RTCEx_Tamper1EventCallback	0	static
stm32h7xx_hal_rtc_ex.c:1618:13:HAL_RTCEx_Tamper2EventCallback	0	static
stm32h7xx_hal_rtc_ex.c:1635:13:HAL_RTCEx_Tamper3EventCallback	0	static
stm32h7xx_hal_rtc_ex.c:1471:6:HAL_RTCEx_TamperTimeStampIRQHandler	8	static
stm32h7xx_hal_rtc_ex.c:1651:13:HAL_RTCEx_InternalTamper1EventCallback	0	static
stm32h7xx_hal_rtc_ex.c:1666:13:HAL_RTCEx_InternalTamper2EventCallback	0	static
stm32h7xx_hal_rtc_ex.c:1681:13:HAL_RTCEx_InternalTamper3EventCallback	0	static
stm32h7xx_hal_rtc_ex.c:1696:13:HAL_RTCEx_InternalTamper4EventCallback	0	static
stm32h7xx_hal_rtc_ex.c:1711:13:HAL_RTCEx_InternalTamper5EventCallback	0	static
stm32h7xx_hal_rtc_ex.c:1726:13:HAL_RTCEx_InternalTamper6EventCallback	0	static
stm32h7xx_hal_rtc_ex.c:1741:13:HAL_RTCEx_InternalTamper8EventCallback	0	static
stm32h7xx_hal_rtc_ex.c:1766:19:HAL_RTCEx_PollForTimeStampEvent	16	static
stm32h7xx_hal_rtc_ex.c:1816:19:HAL_RTCEx_PollForTamper1Event	16	static
stm32h7xx_hal_rtc_ex.c:1850:19:HAL_RTCEx_PollForTamper2Event	16	static
stm32h7xx_hal_rtc_ex.c:1884:19:HAL_RTCEx_PollForTamper3Event	16	static
stm32h7xx_hal_rtc_ex.c:1971:19:HAL_RTCEx_SetWakeUpTimer	32	static
stm32h7xx_hal_rtc_ex.c:2073:19:HAL_RTCEx_SetWakeUpTimer_IT	32	static
stm32h7xx_hal_rtc_ex.c:2186:19:HAL_RTCEx_DeactivateWakeUpTimer	16	static
stm32h7xx_hal_rtc_ex.c:2243:10:HAL_RTCEx_GetWakeUpTimer	0	static
stm32h7xx_hal_rtc_ex.c:2312:13:HAL_RTCEx_WakeUpTimerEventCallback	0	static
stm32h7xx_hal_rtc_ex.c:2254:6:HAL_RTCEx_WakeUpTimerIRQHandler	8	static
stm32h7xx_hal_rtc_ex.c:2329:19:HAL_RTCEx_PollForWakeUpTimerEvent	16	static
stm32h7xx_hal_rtc_ex.c:2388:6:HAL_RTCEx_BKUPWrite	0	static
stm32h7xx_hal_rtc_ex.c:2418:10:HAL_RTCEx_BKUPRead	0	static
stm32h7xx_hal_rtc_ex.c:2490:19:HAL_RTCEx_SetSmoothCalib	32	static
stm32h7xx_hal_rtc_ex.c:2568:19:HAL_RTCEx_SetSynchroShift	24	static
stm32h7xx_hal_rtc_ex.c:2666:19:HAL_RTCEx_SetCalibrationOutPut	16	static
stm32h7xx_hal_rtc_ex.c:2704:19:HAL_RTCEx_DeactivateCalibrationOutPut	12	static
stm32h7xx_hal_rtc_ex.c:2733:19:HAL_RTCEx_SetRefClock	16	static
stm32h7xx_hal_rtc_ex.c:2787:19:HAL_RTCEx_DeactivateRefClock	16	static
stm32h7xx_hal_rtc_ex.c:2843:19:HAL_RTCEx_EnableBypassShadow	12	static
stm32h7xx_hal_rtc_ex.c:2875:19:HAL_RTCEx_DisableBypassShadow	12	static
stm32h7xx_hal_rtc_ex.c:2957:13:HAL_RTCEx_AlarmBEventCallback	0	static
stm32h7xx_hal_rtc_ex.c:2973:19:HAL_RTCEx_PollForAlarmBEvent	16	static
