stm32h7xx_hal_fdcan.c:6107:13:FDCAN_CopyMessageToRAM	20	static
stm32h7xx_hal_fdcan.c:2608:19:HAL_FDCAN_Stop.part.0	8	static
stm32h7xx_hal_fdcan.c:636:13:HAL_FDCAN_MspInit	0	static
stm32h7xx_hal_fdcan.c:285:19:HAL_FDCAN_Init	152	static
stm32h7xx_hal_fdcan.c:651:13:HAL_FDCAN_MspDeInit	0	static
stm32h7xx_hal_fdcan.c:590:19:HAL_FDCAN_DeInit	8	static
stm32h7xx_hal_fdcan.c:666:19:HAL_FDCAN_EnterPowerDownMode	16	static
stm32h7xx_hal_fdcan.c:701:19:HAL_FDCAN_ExitPowerDownMode	16	static
stm32h7xx_hal_fdcan.c:1656:19:HAL_FDCAN_ConfigClockCalibration	16	static
stm32h7xx_hal_fdcan.c:1724:10:HAL_FDCAN_GetClockCalibrationState	0	static
stm32h7xx_hal_fdcan.c:1738:19:HAL_FDCAN_ResetClockCalibrationState	0	static
stm32h7xx_hal_fdcan.c:1774:10:HAL_FDCAN_GetClockCalibrationCounter	0	static
stm32h7xx_hal_fdcan.c:1805:19:HAL_FDCAN_ConfigFilter	8	static
stm32h7xx_hal_fdcan.c:1917:19:HAL_FDCAN_ConfigGlobalFilter	4	static
stm32h7xx_hal_fdcan.c:1957:19:HAL_FDCAN_ConfigExtendedIdMask	0	static
stm32h7xx_hal_fdcan.c:1991:19:HAL_FDCAN_ConfigRxFifoOverwrite	0	static
stm32h7xx_hal_fdcan.c:2034:19:HAL_FDCAN_ConfigFifoWatermark	4	static
stm32h7xx_hal_fdcan.c:2084:19:HAL_FDCAN_ConfigRamWatchdog	0	static
stm32h7xx_hal_fdcan.c:2114:19:HAL_FDCAN_ConfigTimestampCounter	0	static
stm32h7xx_hal_fdcan.c:2144:19:HAL_FDCAN_EnableTimestampCounter	0	static
stm32h7xx_hal_fdcan.c:2172:19:HAL_FDCAN_DisableTimestampCounter	0	static
stm32h7xx_hal_fdcan.c:2197:10:HAL_FDCAN_GetTimestampCounter	0	static
stm32h7xx_hal_fdcan.c:2208:19:HAL_FDCAN_ResetTimestampCounter	0	static
stm32h7xx_hal_fdcan.c:2239:19:HAL_FDCAN_ConfigTimeoutCounter	4	static
stm32h7xx_hal_fdcan.c:2268:19:HAL_FDCAN_EnableTimeoutCounter	0	static
stm32h7xx_hal_fdcan.c:2293:19:HAL_FDCAN_DisableTimeoutCounter	0	static
stm32h7xx_hal_fdcan.c:2318:10:HAL_FDCAN_GetTimeoutCounter	0	static
stm32h7xx_hal_fdcan.c:2329:19:HAL_FDCAN_ResetTimeoutCounter	0	static
stm32h7xx_hal_fdcan.c:2359:19:HAL_FDCAN_ConfigTxDelayCompensation	0	static
stm32h7xx_hal_fdcan.c:2388:19:HAL_FDCAN_EnableTxDelayCompensation	0	static
stm32h7xx_hal_fdcan.c:2413:19:HAL_FDCAN_DisableTxDelayCompensation	0	static
stm32h7xx_hal_fdcan.c:2439:19:HAL_FDCAN_EnableISOMode	0	static
stm32h7xx_hal_fdcan.c:2465:19:HAL_FDCAN_DisableISOMode	0	static
stm32h7xx_hal_fdcan.c:2491:19:HAL_FDCAN_EnableEdgeFiltering	0	static
stm32h7xx_hal_fdcan.c:2517:19:HAL_FDCAN_DisableEdgeFiltering	0	static
stm32h7xx_hal_fdcan.c:2577:19:HAL_FDCAN_Start	4	static
stm32h7xx_hal_fdcan.c:2608:19:HAL_FDCAN_Stop	0	static
stm32h7xx_hal_fdcan.c:2690:19:HAL_FDCAN_AddMessageToTxFifoQ	16	static
stm32h7xx_hal_fdcan.c:2768:19:HAL_FDCAN_AddMessageToTxBuffer	24	static
stm32h7xx_hal_fdcan.c:2836:19:HAL_FDCAN_EnableTxBufferRequest	0	static
stm32h7xx_hal_fdcan.c:2863:10:HAL_FDCAN_GetLatestTxFifoQRequestBuffer	0	static
stm32h7xx_hal_fdcan.c:2877:19:HAL_FDCAN_AbortTxRequest	0	static
stm32h7xx_hal_fdcan.c:2906:19:HAL_FDCAN_GetRxMessage	20	static
stm32h7xx_hal_fdcan.c:3077:19:HAL_FDCAN_GetTxEvent	12	static
stm32h7xx_hal_fdcan.c:3172:19:HAL_FDCAN_GetHighPriorityMessageStatus	8	static
stm32h7xx_hal_fdcan.c:3190:19:HAL_FDCAN_GetProtocolStatus	16	static
stm32h7xx_hal_fdcan.c:3221:19:HAL_FDCAN_GetErrorCounters	8	static
stm32h7xx_hal_fdcan.c:3248:10:HAL_FDCAN_IsRxBufferMessageAvailable	0	static
stm32h7xx_hal_fdcan.c:3285:10:HAL_FDCAN_IsTxBufferMessagePending	0	static
stm32h7xx_hal_fdcan.c:3305:10:HAL_FDCAN_GetRxFifoFillLevel	0	static
stm32h7xx_hal_fdcan.c:3332:10:HAL_FDCAN_GetTxFifoFreeLevel	0	static
stm32h7xx_hal_fdcan.c:3350:10:HAL_FDCAN_IsRestrictedOperationMode	0	static
stm32h7xx_hal_fdcan.c:3366:19:HAL_FDCAN_ExitRestrictedOperationMode	0	static
stm32h7xx_hal_fdcan.c:3432:19:HAL_FDCAN_TT_ConfigOperation	24	static
stm32h7xx_hal_fdcan.c:3610:19:HAL_FDCAN_TT_ConfigReferenceMessage	4	static
stm32h7xx_hal_fdcan.c:3658:19:HAL_FDCAN_TT_ConfigTrigger	12	static
stm32h7xx_hal_fdcan.c:3768:19:HAL_FDCAN_TT_SetGlobalTime	4	static
stm32h7xx_hal_fdcan.c:3842:19:HAL_FDCAN_TT_SetClockSynchronization	4	static
stm32h7xx_hal_fdcan.c:3918:19:HAL_FDCAN_TT_ConfigStopWatch	8	static
stm32h7xx_hal_fdcan.c:3979:19:HAL_FDCAN_TT_ConfigRegisterTimeMark	12	static
stm32h7xx_hal_fdcan.c:4100:19:HAL_FDCAN_TT_EnableRegisterTimeMarkPulse	4	static
stm32h7xx_hal_fdcan.c:4150:19:HAL_FDCAN_TT_DisableRegisterTimeMarkPulse	4	static
stm32h7xx_hal_fdcan.c:4200:19:HAL_FDCAN_TT_EnableTriggerTimeMarkPulse	4	static
stm32h7xx_hal_fdcan.c:4261:19:HAL_FDCAN_TT_DisableTriggerTimeMarkPulse	4	static
stm32h7xx_hal_fdcan.c:4322:19:HAL_FDCAN_TT_EnableHardwareGapControl	4	static
stm32h7xx_hal_fdcan.c:4383:19:HAL_FDCAN_TT_DisableHardwareGapControl	4	static
stm32h7xx_hal_fdcan.c:4446:19:HAL_FDCAN_TT_EnableTimeMarkGapControl	4	static
stm32h7xx_hal_fdcan.c:4507:19:HAL_FDCAN_TT_DisableTimeMarkGapControl	4	static
stm32h7xx_hal_fdcan.c:4568:19:HAL_FDCAN_TT_SetNextIsGap	0	static
stm32h7xx_hal_fdcan.c:4638:19:HAL_FDCAN_TT_SetEndOfGap	0	static
stm32h7xx_hal_fdcan.c:4712:19:HAL_FDCAN_TT_ConfigExternalSyncPhase	0	static
stm32h7xx_hal_fdcan.c:4753:19:HAL_FDCAN_TT_EnableExternalSynchronization	4	static
stm32h7xx_hal_fdcan.c:4803:19:HAL_FDCAN_TT_DisableExternalSynchronization	4	static
stm32h7xx_hal_fdcan.c:4854:19:HAL_FDCAN_TT_GetOperationStatus	16	static
stm32h7xx_hal_fdcan.c:4918:19:HAL_FDCAN_ConfigInterruptLines	0	static
stm32h7xx_hal_fdcan.c:4960:19:HAL_FDCAN_TT_ConfigInterruptLines	0	static
stm32h7xx_hal_fdcan.c:5006:19:HAL_FDCAN_ActivateNotification	8	static
stm32h7xx_hal_fdcan.c:5069:19:HAL_FDCAN_DeactivateNotification	4	static
stm32h7xx_hal_fdcan.c:5128:19:HAL_FDCAN_TT_ActivateNotification	0	static
stm32h7xx_hal_fdcan.c:5178:19:HAL_FDCAN_TT_DeactivateNotification	4	static
stm32h7xx_hal_fdcan.c:5646:13:HAL_FDCAN_ClockCalibrationCallback	0	static
stm32h7xx_hal_fdcan.c:5665:13:HAL_FDCAN_TxEventFifoCallback	0	static
stm32h7xx_hal_fdcan.c:5684:13:HAL_FDCAN_RxFifo0Callback	0	static
stm32h7xx_hal_fdcan.c:5703:13:HAL_FDCAN_RxFifo1Callback	0	static
stm32h7xx_hal_fdcan.c:5720:13:HAL_FDCAN_TxFifoEmptyCallback	0	static
stm32h7xx_hal_fdcan.c:5738:13:HAL_FDCAN_TxBufferCompleteCallback	0	static
stm32h7xx_hal_fdcan.c:5757:13:HAL_FDCAN_TxBufferAbortCallback	0	static
stm32h7xx_hal_fdcan.c:5774:13:HAL_FDCAN_RxBufferNewMessageCallback	0	static
stm32h7xx_hal_fdcan.c:5790:13:HAL_FDCAN_TimestampWraparoundCallback	0	static
stm32h7xx_hal_fdcan.c:5806:13:HAL_FDCAN_TimeoutOccurredCallback	0	static
stm32h7xx_hal_fdcan.c:5822:13:HAL_FDCAN_HighPriorityMessageCallback	0	static
stm32h7xx_hal_fdcan.c:5838:13:HAL_FDCAN_ErrorCallback	0	static
stm32h7xx_hal_fdcan.c:5856:13:HAL_FDCAN_ErrorStatusCallback	0	static
stm32h7xx_hal_fdcan.c:5875:13:HAL_FDCAN_TT_ScheduleSyncCallback	0	static
stm32h7xx_hal_fdcan.c:5894:13:HAL_FDCAN_TT_TimeMarkCallback	0	static
stm32h7xx_hal_fdcan.c:5916:13:HAL_FDCAN_TT_StopWatchCallback	0	static
stm32h7xx_hal_fdcan.c:5936:13:HAL_FDCAN_TT_GlobalTimeCallback	0	static
stm32h7xx_hal_fdcan.c:5224:6:HAL_FDCAN_IRQHandler	32	static
stm32h7xx_hal_fdcan.c:5972:24:HAL_FDCAN_GetState	0	static
stm32h7xx_hal_fdcan.c:5984:10:HAL_FDCAN_GetError	0	static
