ewextrte.c:95:7:EwAlloc	0	static
ewextrte.c:119:6:EwFree	0	static
ewextrte.c:143:5:EwIsMemory	0	static
ewextrte.c:171:6:EwPanic	8	static
ewextrte.c:198:6:EwConsoleOutput	8	static
ewextrte.c:229:6:EwSaveRegister	8	static
ewextrte.c:253:15:EwGetTicks	0	static
ewextrte.c:277:15:EwGetTime	0	static
ewextrte.c:339:6:EwZero	0	static
ewextrte.c:364:6:EwFill	0	static
ewextrte.c:389:6:EwMove	0	static
ewextrte.c:414:6:EwCopy	0	static
ewextrte.c:439:6:EwStrCpy	0	static
ewextrte.c:464:6:EwStrCat	0	static
ewextrte.c:491:5:EwStrCmp	0	static
ewextrte.c:514:5:EwStrLen	0	static
ewextrte.c:534:8:EwMathSin	0	static
ewextrte.c:556:8:EwMathCos	0	static
ewextrte.c:579:8:EwMathArcSin	8	static
ewextrte.c:602:8:EwMathArcCos	8	static
ewextrte.c:625:8:EwMathSqrt	16	static
ewextrte.c:647:8:EwMathPow	0	static
ewextrte.c:670:8:EwMathRandInt32	16	static
ewextrte.c:704:8:EwMathRandFloat	16	static
ewextrte.c:735:8:EwMathRound	0	static
ewextrte.c:755:8:EwMathFloor	0	static
ewextrte.c:776:8:EwMathCeil	0	static
